Component: Arm Compiler for Embedded 6.22 Tool: armlink [5ee90200]

==============================================================================

Section Cross References

    startup_lpc17xx.o(STACK) refers (Special) to heapauxi.o(.text) for __use_two_region_memory
    startup_lpc17xx.o(HEAP) refers (Special) to heapauxi.o(.text) for __use_two_region_memory
    startup_lpc17xx.o(RESET) refers (Special) to heapauxi.o(.text) for __use_two_region_memory
    startup_lpc17xx.o(RESET) refers to startup_lpc17xx.o(STACK) for __initial_sp
    startup_lpc17xx.o(RESET) refers to startup_lpc17xx.o(.text) for Reset_Handler
    startup_lpc17xx.o(RESET) refers to irq_timer.o(.text) for TIMER1_IRQHandler
    startup_lpc17xx.o(RESET) refers to irq_rit.o(.text) for RIT_IRQHandler
    startup_lpc17xx.o(.ARM.__at_0x02FC) refers (Special) to heapauxi.o(.text) for __use_two_region_memory
    startup_lpc17xx.o(.text) refers (Special) to heapauxi.o(.text) for __use_two_region_memory
    startup_lpc17xx.o(.text) refers to __main.o(!!!main) for __main
    startup_lpc17xx.o(.text) refers to startup_lpc17xx.o(HEAP) for Heap_Mem
    startup_lpc17xx.o(.text) refers to startup_lpc17xx.o(STACK) for Stack_Mem
    sample.o(.text) refers (Special) to _printf_percent.o(.ARM.Collect$$_printf_percent$$00000000) for _printf_percent
    sample.o(.text) refers (Special) to _printf_pad.o(.text) for _printf_pre_padding
    sample.o(.text) refers (Special) to _printf_d.o(.ARM.Collect$$_printf_percent$$00000009) for _printf_d
    sample.o(.text) refers (Special) to _printf_dec.o(.text) for _printf_int_dec
    sample.o(.text) refers to sample.o(.bss.game_over_flag) for game_over_flag
    sample.o(.text) refers to sample.o(.bss.score) for score
    sample.o(.text) refers to sample.o(.rodata.str1.1) for .L.str
    sample.o(.text) refers to noretval__2sprintf.o(.text) for __2sprintf
    sample.o(.text) refers to glcd.o(.text) for LCD_DrawRect
    sample.o(.text) refers to sample.o(.data.lives) for lives
    sample.o(.text) refers to sample.o(.data.countdown) for countdown
    sample.o(.text) refers to sample.o(.data.mazeGrid) for mazeGrid
    sample.o(.text) refers to irq_timer.o(.bss.isPaused) for isPaused
    sample.o(.text) refers to sample.o(.bss.pacman_y) for pacman_y
    sample.o(.text) refers to sample.o(.bss.pacman_x) for pacman_x
    sample.o(.text) refers to sample.o(.bss.current_direction_x) for current_direction_x
    sample.o(.text) refers to sample.o(.bss.current_direction_y) for current_direction_y
    sample.o(.text) refers to sample.o(.data.next_life_score) for next_life_score
    sample.o(.text) refers to system_lpc17xx.o(.text) for SystemInit
    sample.o(.text) refers to lib_joystick.o(.text) for joystick_init
    sample.o(.text) refers to lib_rit.o(.text) for init_RIT
    sample.o(.text) refers to irq_timer.o(.text) for init_INT0
    sample.o(.text) refers to sample.o(.bss.direction_x) for direction_x
    sample.o(.text) refers to sample.o(.bss.direction_y) for direction_y
    sample.o(.ARM.exidx) refers (Special) to _printf_percent.o(.ARM.Collect$$_printf_percent$$00000000) for _printf_percent
    sample.o(.ARM.exidx) refers (Special) to _printf_pad.o(.text) for _printf_pre_padding
    sample.o(.ARM.exidx) refers (Special) to _printf_d.o(.ARM.Collect$$_printf_percent$$00000009) for _printf_d
    sample.o(.ARM.exidx) refers (Special) to _printf_dec.o(.text) for _printf_int_dec
    sample.o(.ARM.exidx) refers to sample.o(.text) for [Anonymous Symbol]
    sample.o(.bss.score) refers (Special) to _printf_percent.o(.ARM.Collect$$_printf_percent$$00000000) for _printf_percent
    sample.o(.bss.score) refers (Special) to _printf_pad.o(.text) for _printf_pre_padding
    sample.o(.bss.score) refers (Special) to _printf_d.o(.ARM.Collect$$_printf_percent$$00000009) for _printf_d
    sample.o(.bss.score) refers (Special) to _printf_dec.o(.text) for _printf_int_dec
    sample.o(.bss.game_over_flag) refers (Special) to _printf_percent.o(.ARM.Collect$$_printf_percent$$00000000) for _printf_percent
    sample.o(.bss.game_over_flag) refers (Special) to _printf_pad.o(.text) for _printf_pre_padding
    sample.o(.bss.game_over_flag) refers (Special) to _printf_d.o(.ARM.Collect$$_printf_percent$$00000009) for _printf_d
    sample.o(.bss.game_over_flag) refers (Special) to _printf_dec.o(.text) for _printf_int_dec
    sample.o(.data.countdown) refers (Special) to _printf_percent.o(.ARM.Collect$$_printf_percent$$00000000) for _printf_percent
    sample.o(.data.countdown) refers (Special) to _printf_pad.o(.text) for _printf_pre_padding
    sample.o(.data.countdown) refers (Special) to _printf_d.o(.ARM.Collect$$_printf_percent$$00000009) for _printf_d
    sample.o(.data.countdown) refers (Special) to _printf_dec.o(.text) for _printf_int_dec
    sample.o(.data.lives) refers (Special) to _printf_percent.o(.ARM.Collect$$_printf_percent$$00000000) for _printf_percent
    sample.o(.data.lives) refers (Special) to _printf_pad.o(.text) for _printf_pre_padding
    sample.o(.data.lives) refers (Special) to _printf_d.o(.ARM.Collect$$_printf_percent$$00000009) for _printf_d
    sample.o(.data.lives) refers (Special) to _printf_dec.o(.text) for _printf_int_dec
    sample.o(.data.next_life_score) refers (Special) to _printf_percent.o(.ARM.Collect$$_printf_percent$$00000000) for _printf_percent
    sample.o(.data.next_life_score) refers (Special) to _printf_pad.o(.text) for _printf_pre_padding
    sample.o(.data.next_life_score) refers (Special) to _printf_d.o(.ARM.Collect$$_printf_percent$$00000009) for _printf_d
    sample.o(.data.next_life_score) refers (Special) to _printf_dec.o(.text) for _printf_int_dec
    sample.o(.bss.direction_x) refers (Special) to _printf_percent.o(.ARM.Collect$$_printf_percent$$00000000) for _printf_percent
    sample.o(.bss.direction_x) refers (Special) to _printf_pad.o(.text) for _printf_pre_padding
    sample.o(.bss.direction_x) refers (Special) to _printf_d.o(.ARM.Collect$$_printf_percent$$00000009) for _printf_d
    sample.o(.bss.direction_x) refers (Special) to _printf_dec.o(.text) for _printf_int_dec
    sample.o(.bss.direction_y) refers (Special) to _printf_percent.o(.ARM.Collect$$_printf_percent$$00000000) for _printf_percent
    sample.o(.bss.direction_y) refers (Special) to _printf_pad.o(.text) for _printf_pre_padding
    sample.o(.bss.direction_y) refers (Special) to _printf_d.o(.ARM.Collect$$_printf_percent$$00000009) for _printf_d
    sample.o(.bss.direction_y) refers (Special) to _printf_dec.o(.text) for _printf_int_dec
    sample.o(.bss.interruptCounter) refers (Special) to _printf_percent.o(.ARM.Collect$$_printf_percent$$00000000) for _printf_percent
    sample.o(.bss.interruptCounter) refers (Special) to _printf_pad.o(.text) for _printf_pre_padding
    sample.o(.bss.interruptCounter) refers (Special) to _printf_d.o(.ARM.Collect$$_printf_percent$$00000009) for _printf_d
    sample.o(.bss.interruptCounter) refers (Special) to _printf_dec.o(.text) for _printf_int_dec
    sample.o(.bss.current_direction_x) refers (Special) to _printf_percent.o(.ARM.Collect$$_printf_percent$$00000000) for _printf_percent
    sample.o(.bss.current_direction_x) refers (Special) to _printf_pad.o(.text) for _printf_pre_padding
    sample.o(.bss.current_direction_x) refers (Special) to _printf_d.o(.ARM.Collect$$_printf_percent$$00000009) for _printf_d
    sample.o(.bss.current_direction_x) refers (Special) to _printf_dec.o(.text) for _printf_int_dec
    sample.o(.bss.current_direction_y) refers (Special) to _printf_percent.o(.ARM.Collect$$_printf_percent$$00000000) for _printf_percent
    sample.o(.bss.current_direction_y) refers (Special) to _printf_pad.o(.text) for _printf_pre_padding
    sample.o(.bss.current_direction_y) refers (Special) to _printf_d.o(.ARM.Collect$$_printf_percent$$00000009) for _printf_d
    sample.o(.bss.current_direction_y) refers (Special) to _printf_dec.o(.text) for _printf_int_dec
    sample.o(.data.mazeGrid) refers (Special) to _printf_percent.o(.ARM.Collect$$_printf_percent$$00000000) for _printf_percent
    sample.o(.data.mazeGrid) refers (Special) to _printf_pad.o(.text) for _printf_pre_padding
    sample.o(.data.mazeGrid) refers (Special) to _printf_d.o(.ARM.Collect$$_printf_percent$$00000009) for _printf_d
    sample.o(.data.mazeGrid) refers (Special) to _printf_dec.o(.text) for _printf_int_dec
    sample.o(.rodata.str1.1) refers (Special) to _printf_percent.o(.ARM.Collect$$_printf_percent$$00000000) for _printf_percent
    sample.o(.rodata.str1.1) refers (Special) to _printf_pad.o(.text) for _printf_pre_padding
    sample.o(.rodata.str1.1) refers (Special) to _printf_d.o(.ARM.Collect$$_printf_percent$$00000009) for _printf_d
    sample.o(.rodata.str1.1) refers (Special) to _printf_dec.o(.text) for _printf_int_dec
    sample.o(.rodata.str1.4) refers (Special) to _printf_percent.o(.ARM.Collect$$_printf_percent$$00000000) for _printf_percent
    sample.o(.rodata.str1.4) refers (Special) to _printf_pad.o(.text) for _printf_pre_padding
    sample.o(.rodata.str1.4) refers (Special) to _printf_d.o(.ARM.Collect$$_printf_percent$$00000009) for _printf_d
    sample.o(.rodata.str1.4) refers (Special) to _printf_dec.o(.text) for _printf_int_dec
    sample.o(.bss.pacman_x) refers (Special) to _printf_percent.o(.ARM.Collect$$_printf_percent$$00000000) for _printf_percent
    sample.o(.bss.pacman_x) refers (Special) to _printf_pad.o(.text) for _printf_pre_padding
    sample.o(.bss.pacman_x) refers (Special) to _printf_d.o(.ARM.Collect$$_printf_percent$$00000009) for _printf_d
    sample.o(.bss.pacman_x) refers (Special) to _printf_dec.o(.text) for _printf_int_dec
    sample.o(.bss.pacman_y) refers (Special) to _printf_percent.o(.ARM.Collect$$_printf_percent$$00000000) for _printf_percent
    sample.o(.bss.pacman_y) refers (Special) to _printf_pad.o(.text) for _printf_pre_padding
    sample.o(.bss.pacman_y) refers (Special) to _printf_d.o(.ARM.Collect$$_printf_percent$$00000009) for _printf_d
    sample.o(.bss.pacman_y) refers (Special) to _printf_dec.o(.text) for _printf_int_dec
    sample.o(.ARM.use_no_argv) refers (Special) to _printf_percent.o(.ARM.Collect$$_printf_percent$$00000000) for _printf_percent
    sample.o(.ARM.use_no_argv) refers (Special) to _printf_pad.o(.text) for _printf_pre_padding
    sample.o(.ARM.use_no_argv) refers (Special) to _printf_d.o(.ARM.Collect$$_printf_percent$$00000009) for _printf_d
    sample.o(.ARM.use_no_argv) refers (Special) to _printf_dec.o(.text) for _printf_int_dec
    system_lpc17xx.o(.text) refers to system_lpc17xx.o(.data.SystemFrequency) for SystemFrequency
    system_lpc17xx.o(.ARM.exidx) refers to system_lpc17xx.o(.text) for [Anonymous Symbol]
    irq_timer.o(.text) refers to irq_timer.o(.bss.pauseArea) for pauseArea
    irq_timer.o(.text) refers to glcd.o(.text) for LCD_GetPoint
    irq_timer.o(.text) refers to irq_timer.o(.bss.isPaused) for isPaused
    irq_timer.o(.ARM.exidx) refers to irq_timer.o(.text) for [Anonymous Symbol]
    lib_timer.o(.ARM.exidx) refers to lib_timer.o(.text) for [Anonymous Symbol]
    asciilib.o(.text) refers to asciilib.o(.rodata.AsciiLib) for AsciiLib
    asciilib.o(.ARM.exidx) refers to asciilib.o(.text) for [Anonymous Symbol]
    glcd.o(.text) refers to glcd.o(.bss.LCD_Code) for LCD_Code
    glcd.o(.text) refers to asciilib.o(.text) for GetASCIICode
    glcd.o(.ARM.exidx) refers to glcd.o(.text) for [Anonymous Symbol]
    hzlib.o(.text) refers to hzlib.o(.rodata.HzLib) for HzLib
    hzlib.o(.text) refers to rt_memcpy_v6.o(.text) for __aeabi_memcpy
    hzlib.o(.ARM.exidx) refers to hzlib.o(.text) for [Anonymous Symbol]
    touchpanel.o(.text) refers to glcd.o(.text) for LCD_SetPoint
    touchpanel.o(.text) refers to rt_memclr_w.o(.text) for __aeabi_memclr4
    touchpanel.o(.text) refers to touchpanel.o(.bss.Read_Ads7846.screen) for Read_Ads7846.screen
    touchpanel.o(.text) refers to dflt_clz.o(x$fpl$dflt) for __aeabi_i2d
    touchpanel.o(.text) refers to dcmp.o(x$fpl$fcmp) for __aeabi_dcmpeq
    touchpanel.o(.text) refers to dmul.o(x$fpl$dmul) for __aeabi_dmul
    touchpanel.o(.text) refers to daddsub_clz.o(x$fpl$dadd) for __aeabi_dadd
    touchpanel.o(.text) refers to ddiv.o(x$fpl$ddiv) for __aeabi_ddiv
    touchpanel.o(.text) refers to dfix.o(x$fpl$dfix) for __aeabi_d2iz
    touchpanel.o(.text) refers to touchpanel.o(.rodata.str1.1) for .L.str
    touchpanel.o(.text) refers to touchpanel.o(.data.DisplaySample) for DisplaySample
    touchpanel.o(.text) refers to touchpanel.o(.bss.ScreenSample) for ScreenSample
    touchpanel.o(.text) refers to touchpanel.o(.bss.matrix) for matrix
    touchpanel.o(.ARM.exidx) refers to touchpanel.o(.text) for [Anonymous Symbol]
    funct_joystick.o(.ARM.exidx) refers to funct_joystick.o(.text) for [Anonymous Symbol]
    lib_joystick.o(.ARM.exidx) refers to lib_joystick.o(.text) for [Anonymous Symbol]
    irq_rit.o(.text) refers to sample.o(.bss.interruptCounter) for interruptCounter
    irq_rit.o(.text) refers to sample.o(.data.countdown) for countdown
    irq_rit.o(.text) refers to irq_timer.o(.bss.isPaused) for isPaused
    irq_rit.o(.text) refers to sample.o(.text) for DrawCountdown
    irq_rit.o(.text) refers to sample.o(.bss.game_over_flag) for game_over_flag
    irq_rit.o(.text) refers to lib_joystick.o(.text) for joystick_read_up
    irq_rit.o(.text) refers to sample.o(.bss.current_direction_x) for current_direction_x
    irq_rit.o(.text) refers to sample.o(.bss.current_direction_y) for current_direction_y
    irq_rit.o(.ARM.exidx) refers to irq_rit.o(.text) for [Anonymous Symbol]
    lib_rit.o(.ARM.exidx) refers to lib_rit.o(.text) for [Anonymous Symbol]
    __2sprintf.o(.text) refers to _printf_char_common.o(.text) for _printf_char_common
    __2sprintf.o(.text) refers to _sputc.o(.text) for _sputc
    noretval__2sprintf.o(.text) refers to _printf_char_common.o(.text) for _printf_char_common
    noretval__2sprintf.o(.text) refers to _sputc.o(.text) for _sputc
    __printf.o(.text) refers to _printf_percent.o(.ARM.Collect$$_printf_percent$$00000000) for _printf_percent
    _printf_dec.o(.text) refers to _printf_intcommon.o(.text) for _printf_int_common
    __printf_flags.o(.text) refers to _printf_percent.o(.ARM.Collect$$_printf_percent$$00000000) for _printf_percent
    __printf_flags.o(.text) refers to __printf_flags.o(.constdata) for .constdata
    __printf_ss.o(.text) refers to _printf_percent.o(.ARM.Collect$$_printf_percent$$00000000) for _printf_percent
    __printf_flags_ss.o(.text) refers to _printf_percent.o(.ARM.Collect$$_printf_percent$$00000000) for _printf_percent
    __printf_flags_ss.o(.text) refers to __printf_flags_ss.o(.constdata) for .constdata
    __printf_wp.o(.text) refers to __printf_wp.o(i._is_digit) for _is_digit
    __printf_wp.o(.text) refers to _printf_percent.o(.ARM.Collect$$_printf_percent$$00000000) for _printf_percent
    __printf_flags_wp.o(.text) refers to __printf_wp.o(i._is_digit) for _is_digit
    __printf_flags_wp.o(.text) refers to _printf_percent.o(.ARM.Collect$$_printf_percent$$00000000) for _printf_percent
    __printf_flags_wp.o(.text) refers to __printf_flags_wp.o(.constdata) for .constdata
    __printf_ss_wp.o(.text) refers to __printf_wp.o(i._is_digit) for _is_digit
    __printf_ss_wp.o(.text) refers to _printf_percent.o(.ARM.Collect$$_printf_percent$$00000000) for _printf_percent
    __printf_flags_ss_wp.o(.text) refers to __printf_wp.o(i._is_digit) for _is_digit
    __printf_flags_ss_wp.o(.text) refers to _printf_percent.o(.ARM.Collect$$_printf_percent$$00000000) for _printf_percent
    __printf_flags_ss_wp.o(.text) refers to __printf_flags_ss_wp.o(.constdata) for .constdata
    _printf_d.o(.ARM.Collect$$_printf_percent$$00000009) refers (Weak) to _printf_dec.o(.text) for _printf_int_dec
    _printf_percent.o(.ARM.Collect$$_printf_percent$$00000000) refers (Special) to _printf_percent_end.o(.ARM.Collect$$_printf_percent$$00000017) for _printf_percent_end
    rt_memcpy_v6.o(.text) refers to rt_memcpy_w.o(.text) for __aeabi_memcpy4
    __main.o(!!!main) refers to __rtentry.o(.ARM.Collect$$rtentry$$00000000) for __rt_entry
    daddsub_clz.o(x$fpl$dadd) refers (Special) to usenofp.o(x$fpl$usenofp) for __I$use$fp
    daddsub_clz.o(x$fpl$dadd) refers to daddsub_clz.o(x$fpl$dsub) for _dsub1
    daddsub_clz.o(x$fpl$dadd) refers to dretinf.o(x$fpl$dretinf) for __fpl_dretinf
    daddsub_clz.o(x$fpl$dadd) refers to dnaninf.o(x$fpl$dnaninf) for __fpl_dnaninf
    daddsub_clz.o(x$fpl$drsb) refers (Special) to usenofp.o(x$fpl$usenofp) for __I$use$fp
    daddsub_clz.o(x$fpl$drsb) refers to daddsub_clz.o(x$fpl$dadd) for _dadd1
    daddsub_clz.o(x$fpl$drsb) refers to daddsub_clz.o(x$fpl$dsub) for _dsub1
    daddsub_clz.o(x$fpl$dsub) refers (Special) to usenofp.o(x$fpl$usenofp) for __I$use$fp
    daddsub_clz.o(x$fpl$dsub) refers to daddsub_clz.o(x$fpl$dadd) for _dadd1
    daddsub_clz.o(x$fpl$dsub) refers to dnaninf.o(x$fpl$dnaninf) for __fpl_dnaninf
    dcmp.o(x$fpl$fcmp) refers (Special) to usenofp.o(x$fpl$usenofp) for __I$use$fp
    dcmp.o(x$fpl$fcmp) refers to deqf.o(x$fpl$deqf) for _dcmpeq
    dcmp.o(x$fpl$fcmp) refers to dgeqf.o(x$fpl$dgeqf) for _dcmpge
    dcmp.o(x$fpl$fcmp) refers to dleqf.o(x$fpl$dleqf) for _dcmple
    ddiv.o(x$fpl$drdiv) refers (Special) to usenofp.o(x$fpl$usenofp) for __I$use$fp
    ddiv.o(x$fpl$drdiv) refers to ddiv.o(x$fpl$ddiv) for ddiv_entry
    ddiv.o(x$fpl$ddiv) refers (Special) to usenofp.o(x$fpl$usenofp) for __I$use$fp
    ddiv.o(x$fpl$ddiv) refers to dretinf.o(x$fpl$dretinf) for __fpl_dretinf
    ddiv.o(x$fpl$ddiv) refers to dnaninf.o(x$fpl$dnaninf) for __fpl_dnaninf
    dfix.o(x$fpl$dfix) refers (Special) to usenofp.o(x$fpl$usenofp) for __I$use$fp
    dfix.o(x$fpl$dfix) refers to dnaninf.o(x$fpl$dnaninf) for __fpl_dnaninf
    dfix.o(x$fpl$dfixr) refers (Special) to usenofp.o(x$fpl$usenofp) for __I$use$fp
    dfix.o(x$fpl$dfixr) refers to dnaninf.o(x$fpl$dnaninf) for __fpl_dnaninf
    dflt_clz.o(x$fpl$dfltu) refers (Special) to usenofp.o(x$fpl$usenofp) for __I$use$fp
    dflt_clz.o(x$fpl$dflt) refers (Special) to usenofp.o(x$fpl$usenofp) for __I$use$fp
    dflt_clz.o(x$fpl$dfltn) refers (Special) to usenofp.o(x$fpl$usenofp) for __I$use$fp
    dmul.o(x$fpl$dmul) refers (Special) to usenofp.o(x$fpl$usenofp) for __I$use$fp
    dmul.o(x$fpl$dmul) refers to dretinf.o(x$fpl$dretinf) for __fpl_dretinf
    dmul.o(x$fpl$dmul) refers to dnaninf.o(x$fpl$dnaninf) for __fpl_dnaninf
    __rtentry.o(.ARM.Collect$$rtentry$$00000000) refers (Special) to __rtentry2.o(.ARM.Collect$$rtentry$$0000000A) for __rt_entry_li
    __rtentry.o(.ARM.Collect$$rtentry$$00000000) refers (Special) to __rtentry2.o(.ARM.Collect$$rtentry$$0000000D) for __rt_entry_main
    __rtentry.o(.ARM.Collect$$rtentry$$00000000) refers (Special) to __rtentry2.o(.ARM.Collect$$rtentry$$0000000C) for __rt_entry_postli_1
    __rtentry.o(.ARM.Collect$$rtentry$$00000000) refers (Special) to __rtentry2.o(.ARM.Collect$$rtentry$$00000009) for __rt_entry_postsh_1
    __rtentry.o(.ARM.Collect$$rtentry$$00000000) refers (Special) to __rtentry2.o(.ARM.Collect$$rtentry$$00000002) for __rt_entry_presh_1
    __rtentry.o(.ARM.Collect$$rtentry$$00000000) refers (Special) to __rtentry4.o(.ARM.Collect$$rtentry$$00000004) for __rt_entry_sh
    _printf_intcommon.o(.text) refers (Weak) to _printf_pad.o(.text) for _printf_pre_padding
    _printf_intcommon.o(.text) refers (Weak) to _printf_pad.o(.text) for _printf_pre_padding
    _printf_intcommon.o(.text) refers (Weak) to _printf_pad.o(.text) for _printf_post_padding
    _printf_char_common.o(.text) refers to __printf_flags_wp.o(.text) for __printf
    deqf.o(x$fpl$deqf) refers (Special) to usenofp.o(x$fpl$usenofp) for __I$use$fp
    deqf.o(x$fpl$deqf) refers to dnaninf.o(x$fpl$dnaninf) for __fpl_dnaninf
    deqf.o(x$fpl$deqf) refers to dcmpi.o(x$fpl$dcmpinf) for __fpl_dcmp_Inf
    dgeqf.o(x$fpl$dgeqf) refers (Special) to usenofp.o(x$fpl$usenofp) for __I$use$fp
    dgeqf.o(x$fpl$dgeqf) refers to dnaninf.o(x$fpl$dnaninf) for __fpl_dnaninf
    dgeqf.o(x$fpl$dgeqf) refers to dcmpi.o(x$fpl$dcmpinf) for __fpl_dcmp_Inf
    dleqf.o(x$fpl$dleqf) refers (Special) to usenofp.o(x$fpl$usenofp) for __I$use$fp
    dleqf.o(x$fpl$dleqf) refers to dnaninf.o(x$fpl$dnaninf) for __fpl_dnaninf
    dleqf.o(x$fpl$dleqf) refers to dcmpi.o(x$fpl$dcmpinf) for __fpl_dcmp_Inf
    dnaninf.o(x$fpl$dnaninf) refers (Special) to usenofp.o(x$fpl$usenofp) for __I$use$fp
    dretinf.o(x$fpl$dretinf) refers (Special) to usenofp.o(x$fpl$usenofp) for __I$use$fp
    __rtentry2.o(.ARM.Collect$$rtentry$$00000008) refers to boardinit2.o(.text) for _platform_post_stackheap_init
    __rtentry2.o(.ARM.Collect$$rtentry$$0000000A) refers to libinit.o(.ARM.Collect$$libinit$$00000000) for __rt_lib_init
    __rtentry2.o(.ARM.Collect$$rtentry$$0000000B) refers to boardinit3.o(.text) for _platform_post_lib_init
    __rtentry2.o(.ARM.Collect$$rtentry$$0000000D) refers to sample.o(.text) for main
    __rtentry2.o(.ARM.Collect$$rtentry$$0000000D) refers to exit.o(.text) for exit
    __rtentry2.o(.ARM.exidx) refers to __rtentry2.o(.ARM.Collect$$rtentry$$00000001) for .ARM.Collect$$rtentry$$00000001
    __rtentry2.o(.ARM.exidx) refers to __rtentry2.o(.ARM.Collect$$rtentry$$00000008) for .ARM.Collect$$rtentry$$00000008
    __rtentry2.o(.ARM.exidx) refers to __rtentry2.o(.ARM.Collect$$rtentry$$0000000A) for .ARM.Collect$$rtentry$$0000000A
    __rtentry2.o(.ARM.exidx) refers to __rtentry2.o(.ARM.Collect$$rtentry$$0000000B) for .ARM.Collect$$rtentry$$0000000B
    __rtentry2.o(.ARM.exidx) refers to __rtentry2.o(.ARM.Collect$$rtentry$$0000000D) for .ARM.Collect$$rtentry$$0000000D
    __rtentry4.o(.ARM.Collect$$rtentry$$00000004) refers to sys_stackheap_outer.o(.text) for __user_setup_stackheap
    __rtentry4.o(.ARM.exidx) refers to __rtentry4.o(.ARM.Collect$$rtentry$$00000004) for .ARM.Collect$$rtentry$$00000004
    dcmpi.o(x$fpl$dcmpinf) refers (Special) to usenofp.o(x$fpl$usenofp) for __I$use$fp
    sys_stackheap_outer.o(.text) refers to libspace.o(.text) for __user_perproc_libspace
    sys_stackheap_outer.o(.text) refers to startup_lpc17xx.o(.text) for __user_initial_stackheap
    exit.o(.text) refers to rtexit.o(.ARM.Collect$$rtexit$$00000000) for __rt_exit
    libinit.o(.ARM.Collect$$libinit$$00000000) refers (Special) to libinit2.o(.ARM.Collect$$libinit$$00000030) for __rt_lib_init_alloca_1
    libinit.o(.ARM.Collect$$libinit$$00000000) refers (Special) to libinit2.o(.ARM.Collect$$libinit$$0000002E) for __rt_lib_init_argv_1
    libinit.o(.ARM.Collect$$libinit$$00000000) refers (Special) to libinit2.o(.ARM.Collect$$libinit$$0000001D) for __rt_lib_init_atexit_1
    libinit.o(.ARM.Collect$$libinit$$00000000) refers (Special) to libinit2.o(.ARM.Collect$$libinit$$00000023) for __rt_lib_init_clock_1
    libinit.o(.ARM.Collect$$libinit$$00000000) refers (Special) to libinit2.o(.ARM.Collect$$libinit$$00000034) for __rt_lib_init_cpp_1
    libinit.o(.ARM.Collect$$libinit$$00000000) refers (Special) to libinit2.o(.ARM.Collect$$libinit$$00000032) for __rt_lib_init_exceptions_1
    libinit.o(.ARM.Collect$$libinit$$00000000) refers (Special) to libinit2.o(.ARM.Collect$$libinit$$00000002) for __rt_lib_init_fp_1
    libinit.o(.ARM.Collect$$libinit$$00000000) refers (Special) to libinit2.o(.ARM.Collect$$libinit$$00000021) for __rt_lib_init_fp_trap_1
    libinit.o(.ARM.Collect$$libinit$$00000000) refers (Special) to libinit2.o(.ARM.Collect$$libinit$$00000025) for __rt_lib_init_getenv_1
    libinit.o(.ARM.Collect$$libinit$$00000000) refers (Special) to libinit2.o(.ARM.Collect$$libinit$$0000000C) for __rt_lib_init_heap_1
    libinit.o(.ARM.Collect$$libinit$$00000000) refers (Special) to libinit2.o(.ARM.Collect$$libinit$$00000013) for __rt_lib_init_lc_collate_1
    libinit.o(.ARM.Collect$$libinit$$00000000) refers (Special) to libinit2.o(.ARM.Collect$$libinit$$00000015) for __rt_lib_init_lc_ctype_1
    libinit.o(.ARM.Collect$$libinit$$00000000) refers (Special) to libinit2.o(.ARM.Collect$$libinit$$00000017) for __rt_lib_init_lc_monetary_1
    libinit.o(.ARM.Collect$$libinit$$00000000) refers (Special) to libinit2.o(.ARM.Collect$$libinit$$00000019) for __rt_lib_init_lc_numeric_1
    libinit.o(.ARM.Collect$$libinit$$00000000) refers (Special) to libinit2.o(.ARM.Collect$$libinit$$0000001B) for __rt_lib_init_lc_time_1
    libinit.o(.ARM.Collect$$libinit$$00000000) refers (Special) to libinit2.o(.ARM.Collect$$libinit$$00000006) for __rt_lib_init_preinit_1
    libinit.o(.ARM.Collect$$libinit$$00000000) refers (Special) to libinit2.o(.ARM.Collect$$libinit$$00000010) for __rt_lib_init_rand_1
    libinit.o(.ARM.Collect$$libinit$$00000000) refers (Special) to libinit2.o(.ARM.Collect$$libinit$$00000004) for __rt_lib_init_relocate_pie_1
    libinit.o(.ARM.Collect$$libinit$$00000000) refers (Special) to libinit2.o(.ARM.Collect$$libinit$$00000035) for __rt_lib_init_return
    libinit.o(.ARM.Collect$$libinit$$00000000) refers (Special) to libinit2.o(.ARM.Collect$$libinit$$0000001F) for __rt_lib_init_signal_1
    libinit.o(.ARM.Collect$$libinit$$00000000) refers (Special) to libinit2.o(.ARM.Collect$$libinit$$00000027) for __rt_lib_init_stdio_1
    libinit.o(.ARM.Collect$$libinit$$00000000) refers (Special) to libinit2.o(.ARM.Collect$$libinit$$0000000E) for __rt_lib_init_user_alloc_1
    libspace.o(.text) refers to libspace.o(.bss) for __libspace_start
    rtexit.o(.ARM.Collect$$rtexit$$00000000) refers (Special) to rtexit2.o(.ARM.Collect$$rtexit$$00000004) for __rt_exit_exit
    rtexit.o(.ARM.Collect$$rtexit$$00000000) refers (Special) to rtexit2.o(.ARM.Collect$$rtexit$$00000003) for __rt_exit_ls
    rtexit.o(.ARM.Collect$$rtexit$$00000000) refers (Special) to rtexit2.o(.ARM.Collect$$rtexit$$00000002) for __rt_exit_prels_1
    rtexit.o(.ARM.exidx) refers (Special) to rtexit2.o(.ARM.Collect$$rtexit$$00000004) for __rt_exit_exit
    rtexit.o(.ARM.exidx) refers (Special) to rtexit2.o(.ARM.Collect$$rtexit$$00000003) for __rt_exit_ls
    rtexit.o(.ARM.exidx) refers (Special) to rtexit2.o(.ARM.Collect$$rtexit$$00000002) for __rt_exit_prels_1
    rtexit.o(.ARM.exidx) refers to rtexit.o(.ARM.Collect$$rtexit$$00000000) for .ARM.Collect$$rtexit$$00000000
    libinit2.o(.ARM.Collect$$libinit$$00000012) refers to libinit2.o(.ARM.Collect$$libinit$$00000011) for .ARM.Collect$$libinit$$00000011
    libinit2.o(.ARM.Collect$$libinit$$00000014) refers to libinit2.o(.ARM.Collect$$libinit$$00000011) for .ARM.Collect$$libinit$$00000011
    libinit2.o(.ARM.Collect$$libinit$$00000016) refers to libinit2.o(.ARM.Collect$$libinit$$00000011) for .ARM.Collect$$libinit$$00000011
    libinit2.o(.ARM.Collect$$libinit$$00000018) refers to libinit2.o(.ARM.Collect$$libinit$$00000011) for .ARM.Collect$$libinit$$00000011
    libinit2.o(.ARM.Collect$$libinit$$0000001A) refers to libinit2.o(.ARM.Collect$$libinit$$00000011) for .ARM.Collect$$libinit$$00000011
    libinit2.o(.ARM.Collect$$libinit$$00000028) refers to argv_veneer.o(.emb_text) for __ARM_argv_veneer
    libinit2.o(.ARM.Collect$$libinit$$00000029) refers to argv_veneer.o(.emb_text) for __ARM_argv_veneer
    rtexit2.o(.ARM.Collect$$rtexit$$00000003) refers to libshutdown.o(.ARM.Collect$$libshutdown$$00000000) for __rt_lib_shutdown
    rtexit2.o(.ARM.Collect$$rtexit$$00000004) refers to sys_exit.o(.text) for _sys_exit
    rtexit2.o(.ARM.exidx) refers to rtexit2.o(.ARM.Collect$$rtexit$$00000001) for .ARM.Collect$$rtexit$$00000001
    rtexit2.o(.ARM.exidx) refers to rtexit2.o(.ARM.Collect$$rtexit$$00000003) for .ARM.Collect$$rtexit$$00000003
    rtexit2.o(.ARM.exidx) refers to rtexit2.o(.ARM.Collect$$rtexit$$00000004) for .ARM.Collect$$rtexit$$00000004
    argv_veneer.o(.emb_text) refers to no_argv.o(.text) for __ARM_get_argv
    sys_exit.o(.text) refers (Special) to use_no_semi.o(.text) for __I$use$semihosting
    sys_exit.o(.text) refers (Special) to indicate_semi.o(.text) for __semihosting_library_function
    sys_exit_hlt.o(.text) refers (Special) to use_no_semi.o(.text) for __I$use$semihosting
    sys_exit_hlt.o(.text) refers (Special) to indicate_semi.o(.text) for __semihosting_library_function
    _get_argv_nomalloc.o(.text) refers (Special) to hrguard.o(.text) for __heap_region$guard
    _get_argv_nomalloc.o(.text) refers to defsig_rtmem_outer.o(.text) for __rt_SIGRTMEM
    _get_argv_nomalloc.o(.text) refers to sys_command.o(.text) for _sys_command_string
    libshutdown.o(.ARM.Collect$$libshutdown$$00000000) refers (Special) to libshutdown2.o(.ARM.Collect$$libshutdown$$00000002) for __rt_lib_shutdown_cpp_1
    libshutdown.o(.ARM.Collect$$libshutdown$$00000000) refers (Special) to libshutdown2.o(.ARM.Collect$$libshutdown$$00000007) for __rt_lib_shutdown_fp_trap_1
    libshutdown.o(.ARM.Collect$$libshutdown$$00000000) refers (Special) to libshutdown2.o(.ARM.Collect$$libshutdown$$0000000F) for __rt_lib_shutdown_heap_1
    libshutdown.o(.ARM.Collect$$libshutdown$$00000000) refers (Special) to libshutdown2.o(.ARM.Collect$$libshutdown$$00000010) for __rt_lib_shutdown_return
    libshutdown.o(.ARM.Collect$$libshutdown$$00000000) refers (Special) to libshutdown2.o(.ARM.Collect$$libshutdown$$0000000A) for __rt_lib_shutdown_signal_1
    libshutdown.o(.ARM.Collect$$libshutdown$$00000000) refers (Special) to libshutdown2.o(.ARM.Collect$$libshutdown$$00000004) for __rt_lib_shutdown_stdio_1
    libshutdown.o(.ARM.Collect$$libshutdown$$00000000) refers (Special) to libshutdown2.o(.ARM.Collect$$libshutdown$$0000000C) for __rt_lib_shutdown_user_alloc_1
    sys_command.o(.text) refers (Special) to use_no_semi.o(.text) for __I$use$semihosting
    sys_command.o(.text) refers (Special) to indicate_semi.o(.text) for __semihosting_library_function
    sys_command_hlt.o(.text) refers (Special) to use_no_semi.o(.text) for __I$use$semihosting
    sys_command_hlt.o(.text) refers (Special) to indicate_semi.o(.text) for __semihosting_library_function
    defsig_rtmem_outer.o(.text) refers to defsig_rtmem_inner.o(.text) for __rt_SIGRTMEM_inner
    defsig_rtmem_outer.o(.text) refers to defsig_exit.o(.text) for __sig_exit
    defsig_rtmem_formal.o(.text) refers to rt_raise.o(.text) for __rt_raise
    rt_raise.o(.text) refers to __raise.o(.text) for __raise
    rt_raise.o(.text) refers to sys_exit.o(.text) for _sys_exit
    defsig_exit.o(.text) refers to sys_exit.o(.text) for _sys_exit
    defsig_rtmem_inner.o(.text) refers to defsig_general.o(.text) for __default_signal_display
    __raise.o(.text) refers to defsig.o(CL$$defsig) for __default_signal_handler
    defsig_general.o(.text) refers to sys_wrch.o(.text) for _ttywrch
    sys_wrch.o(.text) refers (Special) to use_no_semi.o(.text) for __I$use$semihosting
    sys_wrch.o(.text) refers (Special) to indicate_semi.o(.text) for __semihosting_library_function
    sys_wrch_hlt.o(.text) refers (Special) to use_no_semi.o(.text) for __I$use$semihosting
    sys_wrch_hlt.o(.text) refers (Special) to indicate_semi.o(.text) for __semihosting_library_function
    defsig.o(CL$$defsig) refers to defsig_rtmem_inner.o(.text) for __rt_SIGRTMEM_inner
    defsig_abrt_inner.o(.text) refers to defsig_general.o(.text) for __default_signal_display
    defsig_fpe_inner.o(.text) refers to defsig_general.o(.text) for __default_signal_display
    defsig_rtred_inner.o(.text) refers to defsig_general.o(.text) for __default_signal_display
    defsig_stak_inner.o(.text) refers to defsig_general.o(.text) for __default_signal_display
    defsig_pvfn_inner.o(.text) refers to defsig_general.o(.text) for __default_signal_display
    defsig_cppl_inner.o(.text) refers to defsig_general.o(.text) for __default_signal_display
    defsig_segv_inner.o(.text) refers to defsig_general.o(.text) for __default_signal_display
    defsig_other.o(.text) refers to defsig_general.o(.text) for __default_signal_display


==============================================================================

Removing Unused input sections from the image.

    Removing sample.o(.ARM.exidx), (104 bytes).
    Removing sample.o(.rodata.str1.4), (21 bytes).
    Removing sample.o(.ARM.use_no_argv), (4 bytes).
    Removing system_lpc17xx.o(.ARM.exidx), (8 bytes).
    Removing irq_timer.o(.ARM.exidx), (40 bytes).
    Removing lib_timer.o(.text), (172 bytes).
    Removing lib_timer.o(.ARM.exidx), (32 bytes).
    Removing asciilib.o(.ARM.exidx), (8 bytes).
    Removing glcd.o(.ARM.exidx), (120 bytes).
    Removing hzlib.o(.text), (36 bytes).
    Removing hzlib.o(.ARM.exidx), (8 bytes).
    Removing hzlib.o(.rodata.HzLib), (216576 bytes).
    Removing touchpanel.o(.text), (3370 bytes).
    Removing touchpanel.o(.ARM.exidx), (128 bytes).
    Removing touchpanel.o(.data.DisplaySample), (12 bytes).
    Removing touchpanel.o(.bss.Read_Ads7846.screen), (4 bytes).
    Removing touchpanel.o(.rodata.str1.1), (29 bytes).
    Removing touchpanel.o(.bss.ScreenSample), (12 bytes).
    Removing touchpanel.o(.bss.matrix), (56 bytes).
    Removing touchpanel.o(.bss.display), (4 bytes).
    Removing funct_joystick.o(.text), (2 bytes).
    Removing funct_joystick.o(.ARM.exidx), (8 bytes).
    Removing lib_joystick.o(.ARM.exidx), (40 bytes).
    Removing irq_rit.o(.ARM.exidx), (8 bytes).
    Removing lib_rit.o(.ARM.exidx), (32 bytes).

25 unused section(s) (total 220834 bytes) removed from the image.

==============================================================================

Image Symbol Table

    Local Symbols

    Symbol Name                              Value     Ov Type        Size  Object(Section)

    ../clib/angel/boardlib.s                 0x00000000   Number         0  boardinit1.o ABSOLUTE
    ../clib/angel/boardlib.s                 0x00000000   Number         0  boardinit2.o ABSOLUTE
    ../clib/angel/boardlib.s                 0x00000000   Number         0  boardinit3.o ABSOLUTE
    ../clib/angel/boardlib.s                 0x00000000   Number         0  boardshut.o ABSOLUTE
    ../clib/angel/dczerorl2.s                0x00000000   Number         0  __dczerorl2.o ABSOLUTE
    ../clib/angel/handlers.s                 0x00000000   Number         0  __scatter_zi.o ABSOLUTE
    ../clib/angel/kernel.s                   0x00000000   Number         0  __rtentry.o ABSOLUTE
    ../clib/angel/kernel.s                   0x00000000   Number         0  __rtentry2.o ABSOLUTE
    ../clib/angel/kernel.s                   0x00000000   Number         0  __rtentry4.o ABSOLUTE
    ../clib/angel/kernel.s                   0x00000000   Number         0  rtexit.o ABSOLUTE
    ../clib/angel/kernel.s                   0x00000000   Number         0  rtexit2.o ABSOLUTE
    ../clib/angel/rt.s                       0x00000000   Number         0  rt_raise.o ABSOLUTE
    ../clib/angel/scatter.s                  0x00000000   Number         0  __scatter.o ABSOLUTE
    ../clib/angel/startup.s                  0x00000000   Number         0  __main.o ABSOLUTE
    ../clib/angel/sys.s                      0x00000000   Number         0  sys_stackheap_outer.o ABSOLUTE
    ../clib/angel/sys.s                      0x00000000   Number         0  libspace.o ABSOLUTE
    ../clib/angel/sys.s                      0x00000000   Number         0  use_no_semi.o ABSOLUTE
    ../clib/angel/sys.s                      0x00000000   Number         0  indicate_semi.o ABSOLUTE
    ../clib/angel/sysapp.c                   0x00000000   Number         0  sys_exit.o ABSOLUTE
    ../clib/angel/sysapp.c                   0x00000000   Number         0  sys_exit_hlt.o ABSOLUTE
    ../clib/angel/sysapp.c                   0x00000000   Number         0  sys_command.o ABSOLUTE
    ../clib/angel/sysapp.c                   0x00000000   Number         0  sys_command_hlt.o ABSOLUTE
    ../clib/angel/sysapp.c                   0x00000000   Number         0  sys_wrch.o ABSOLUTE
    ../clib/angel/sysapp.c                   0x00000000   Number         0  sys_wrch_hlt.o ABSOLUTE
    ../clib/armsys.c                         0x00000000   Number         0  argv_veneer.o ABSOLUTE
    ../clib/armsys.c                         0x00000000   Number         0  argv_veneer.o ABSOLUTE
    ../clib/armsys.c                         0x00000000   Number         0  _get_argv_nomalloc.o ABSOLUTE
    ../clib/armsys.c                         0x00000000   Number         0  no_argv.o ABSOLUTE
    ../clib/heapalloc.c                      0x00000000   Number         0  hrguard.o ABSOLUTE
    ../clib/heapaux.c                        0x00000000   Number         0  heapauxi.o ABSOLUTE
    ../clib/libinit.s                        0x00000000   Number         0  libinit.o ABSOLUTE
    ../clib/libinit.s                        0x00000000   Number         0  libinit2.o ABSOLUTE
    ../clib/libinit.s                        0x00000000   Number         0  libshutdown.o ABSOLUTE
    ../clib/libinit.s                        0x00000000   Number         0  libshutdown2.o ABSOLUTE
    ../clib/memcpset.s                       0x00000000   Number         0  rt_memcpy_v6.o ABSOLUTE
    ../clib/memcpset.s                       0x00000000   Number         0  rt_memclr_w.o ABSOLUTE
    ../clib/memcpset.s                       0x00000000   Number         0  rt_memcpy_w.o ABSOLUTE
    ../clib/misc.s                           0x00000000   Number         0  printf_stubs.o ABSOLUTE
    ../clib/printf.c                         0x00000000   Number         0  __2sprintf.o ABSOLUTE
    ../clib/printf.c                         0x00000000   Number         0  noretval__2sprintf.o ABSOLUTE
    ../clib/printf.c                         0x00000000   Number         0  __printf.o ABSOLUTE
    ../clib/printf.c                         0x00000000   Number         0  _printf_pad.o ABSOLUTE
    ../clib/printf.c                         0x00000000   Number         0  _printf_dec.o ABSOLUTE
    ../clib/printf.c                         0x00000000   Number         0  __printf_flags.o ABSOLUTE
    ../clib/printf.c                         0x00000000   Number         0  __printf_ss.o ABSOLUTE
    ../clib/printf.c                         0x00000000   Number         0  __printf_flags_ss.o ABSOLUTE
    ../clib/printf.c                         0x00000000   Number         0  __printf_wp.o ABSOLUTE
    ../clib/printf.c                         0x00000000   Number         0  __printf_flags_wp.o ABSOLUTE
    ../clib/printf.c                         0x00000000   Number         0  __printf_ss_wp.o ABSOLUTE
    ../clib/printf.c                         0x00000000   Number         0  __printf_flags_ss_wp.o ABSOLUTE
    ../clib/printf.c                         0x00000000   Number         0  _printf_intcommon.o ABSOLUTE
    ../clib/printf.c                         0x00000000   Number         0  _printf_char_common.o ABSOLUTE
    ../clib/printf.c                         0x00000000   Number         0  _sputc.o ABSOLUTE
    ../clib/printf.c                         0x00000000   Number         0  __printf_nopercent.o ABSOLUTE
    ../clib/printf_percent.s                 0x00000000   Number         0  _printf_d.o ABSOLUTE
    ../clib/printf_percent.s                 0x00000000   Number         0  _printf_percent.o ABSOLUTE
    ../clib/printf_percent.s                 0x00000000   Number         0  _printf_percent_end.o ABSOLUTE
    ../clib/signal.c                         0x00000000   Number         0  defsig_rtmem_outer.o ABSOLUTE
    ../clib/signal.c                         0x00000000   Number         0  defsig_rtmem_formal.o ABSOLUTE
    ../clib/signal.c                         0x00000000   Number         0  defsig_exit.o ABSOLUTE
    ../clib/signal.c                         0x00000000   Number         0  defsig_rtmem_inner.o ABSOLUTE
    ../clib/signal.c                         0x00000000   Number         0  __raise.o ABSOLUTE
    ../clib/signal.c                         0x00000000   Number         0  defsig_general.o ABSOLUTE
    ../clib/signal.c                         0x00000000   Number         0  defsig_abrt_inner.o ABSOLUTE
    ../clib/signal.c                         0x00000000   Number         0  defsig_fpe_inner.o ABSOLUTE
    ../clib/signal.c                         0x00000000   Number         0  defsig_rtred_inner.o ABSOLUTE
    ../clib/signal.c                         0x00000000   Number         0  defsig_stak_inner.o ABSOLUTE
    ../clib/signal.c                         0x00000000   Number         0  defsig_pvfn_inner.o ABSOLUTE
    ../clib/signal.c                         0x00000000   Number         0  defsig_cppl_inner.o ABSOLUTE
    ../clib/signal.c                         0x00000000   Number         0  defsig_segv_inner.o ABSOLUTE
    ../clib/signal.c                         0x00000000   Number         0  defsig_other.o ABSOLUTE
    ../clib/signal.s                         0x00000000   Number         0  defsig.o ABSOLUTE
    ../clib/stdlib.c                         0x00000000   Number         0  exit.o ABSOLUTE
    ../fplib/daddsub.s                       0x00000000   Number         0  daddsub_clz.o ABSOLUTE
    ../fplib/dcmp.s                          0x00000000   Number         0  dcmp.o ABSOLUTE
    ../fplib/dcmpi.s                         0x00000000   Number         0  dcmpi.o ABSOLUTE
    ../fplib/ddiv.s                          0x00000000   Number         0  ddiv.o ABSOLUTE
    ../fplib/deqf.s                          0x00000000   Number         0  deqf.o ABSOLUTE
    ../fplib/dfix.s                          0x00000000   Number         0  dfix.o ABSOLUTE
    ../fplib/dflt.s                          0x00000000   Number         0  dflt_clz.o ABSOLUTE
    ../fplib/dgeqf.s                         0x00000000   Number         0  dgeqf.o ABSOLUTE
    ../fplib/dleqf.s                         0x00000000   Number         0  dleqf.o ABSOLUTE
    ../fplib/dmul.s                          0x00000000   Number         0  dmul.o ABSOLUTE
    ../fplib/dnaninf.s                       0x00000000   Number         0  dnaninf.o ABSOLUTE
    ../fplib/dretinf.s                       0x00000000   Number         0  dretinf.o ABSOLUTE
    ../fplib/fpinit.s                        0x00000000   Number         0  fpinit.o ABSOLUTE
    ../fplib/fpinit_empty.s                  0x00000000   Number         0  fpinit_empty.o ABSOLUTE
    ../fplib/usenofp.s                       0x00000000   Number         0  usenofp.o ABSOLUTE
    AsciiLib.c                               0x00000000   Number         0  asciilib.o ABSOLUTE
    GLCD.c                                   0x00000000   Number         0  glcd.o ABSOLUTE
    HzLib.c                                  0x00000000   Number         0  hzlib.o ABSOLUTE
    IRQ_RIT.c                                0x00000000   Number         0  irq_rit.o ABSOLUTE
    IRQ_timer.c                              0x00000000   Number         0  irq_timer.o ABSOLUTE
    Source\startup_LPC17xx.s                 0x00000000   Number         0  startup_lpc17xx.o ABSOLUTE
    TouchPanel.c                             0x00000000   Number         0  touchpanel.o ABSOLUTE
    dc.s                                     0x00000000   Number         0  dc.o ABSOLUTE
    funct_joystick.c                         0x00000000   Number         0  funct_joystick.o ABSOLUTE
    lib_RIT.c                                0x00000000   Number         0  lib_rit.o ABSOLUTE
    lib_joystick.c                           0x00000000   Number         0  lib_joystick.o ABSOLUTE
    lib_timer.c                              0x00000000   Number         0  lib_timer.o ABSOLUTE
    sample.c                                 0x00000000   Number         0  sample.o ABSOLUTE
    system_LPC17xx.c                         0x00000000   Number         0  system_lpc17xx.o ABSOLUTE
    RESET                                    0x00000000   Section      204  startup_lpc17xx.o(RESET)
    !!!main                                  0x000000cc   Section        8  __main.o(!!!main)
    !!!scatter                               0x000000d4   Section       92  __scatter.o(!!!scatter)
    !!dczerorl2                              0x00000130   Section       90  __dczerorl2.o(!!dczerorl2)
    !!handler_null                           0x0000018c   Section        2  __scatter.o(!!handler_null)
    !!handler_zi                             0x00000190   Section       28  __scatter_zi.o(!!handler_zi)
    .ARM.Collect$$_printf_percent$$00000000  0x000001ac   Section        0  _printf_percent.o(.ARM.Collect$$_printf_percent$$00000000)
    .ARM.Collect$$_printf_percent$$00000009  0x000001ac   Section        6  _printf_d.o(.ARM.Collect$$_printf_percent$$00000009)
    .ARM.Collect$$_printf_percent$$00000017  0x000001b2   Section        4  _printf_percent_end.o(.ARM.Collect$$_printf_percent$$00000017)
    .ARM.Collect$$libinit$$00000000          0x000001b6   Section        2  libinit.o(.ARM.Collect$$libinit$$00000000)
    .ARM.Collect$$libinit$$00000002          0x000001b8   Section        0  libinit2.o(.ARM.Collect$$libinit$$00000002)
    .ARM.Collect$$libinit$$00000004          0x000001b8   Section        0  libinit2.o(.ARM.Collect$$libinit$$00000004)
    .ARM.Collect$$libinit$$00000006          0x000001b8   Section        0  libinit2.o(.ARM.Collect$$libinit$$00000006)
    .ARM.Collect$$libinit$$0000000C          0x000001b8   Section        0  libinit2.o(.ARM.Collect$$libinit$$0000000C)
    .ARM.Collect$$libinit$$0000000E          0x000001b8   Section        0  libinit2.o(.ARM.Collect$$libinit$$0000000E)
    .ARM.Collect$$libinit$$00000010          0x000001b8   Section        0  libinit2.o(.ARM.Collect$$libinit$$00000010)
    .ARM.Collect$$libinit$$00000013          0x000001b8   Section        0  libinit2.o(.ARM.Collect$$libinit$$00000013)
    .ARM.Collect$$libinit$$00000015          0x000001b8   Section        0  libinit2.o(.ARM.Collect$$libinit$$00000015)
    .ARM.Collect$$libinit$$00000017          0x000001b8   Section        0  libinit2.o(.ARM.Collect$$libinit$$00000017)
    .ARM.Collect$$libinit$$00000019          0x000001b8   Section        0  libinit2.o(.ARM.Collect$$libinit$$00000019)
    .ARM.Collect$$libinit$$0000001B          0x000001b8   Section        0  libinit2.o(.ARM.Collect$$libinit$$0000001B)
    .ARM.Collect$$libinit$$0000001D          0x000001b8   Section        0  libinit2.o(.ARM.Collect$$libinit$$0000001D)
    .ARM.Collect$$libinit$$0000001F          0x000001b8   Section        0  libinit2.o(.ARM.Collect$$libinit$$0000001F)
    .ARM.Collect$$libinit$$00000021          0x000001b8   Section        0  libinit2.o(.ARM.Collect$$libinit$$00000021)
    .ARM.Collect$$libinit$$00000023          0x000001b8   Section        0  libinit2.o(.ARM.Collect$$libinit$$00000023)
    .ARM.Collect$$libinit$$00000025          0x000001b8   Section        0  libinit2.o(.ARM.Collect$$libinit$$00000025)
    .ARM.Collect$$libinit$$00000027          0x000001b8   Section        0  libinit2.o(.ARM.Collect$$libinit$$00000027)
    .ARM.Collect$$libinit$$0000002E          0x000001b8   Section        0  libinit2.o(.ARM.Collect$$libinit$$0000002E)
    .ARM.Collect$$libinit$$00000030          0x000001b8   Section        0  libinit2.o(.ARM.Collect$$libinit$$00000030)
    .ARM.Collect$$libinit$$00000032          0x000001b8   Section        0  libinit2.o(.ARM.Collect$$libinit$$00000032)
    .ARM.Collect$$libinit$$00000034          0x000001b8   Section        0  libinit2.o(.ARM.Collect$$libinit$$00000034)
    .ARM.Collect$$libinit$$00000035          0x000001b8   Section        2  libinit2.o(.ARM.Collect$$libinit$$00000035)
    .ARM.Collect$$libshutdown$$00000000      0x000001ba   Section        2  libshutdown.o(.ARM.Collect$$libshutdown$$00000000)
    .ARM.Collect$$libshutdown$$00000002      0x000001bc   Section        0  libshutdown2.o(.ARM.Collect$$libshutdown$$00000002)
    .ARM.Collect$$libshutdown$$00000004      0x000001bc   Section        0  libshutdown2.o(.ARM.Collect$$libshutdown$$00000004)
    .ARM.Collect$$libshutdown$$00000007      0x000001bc   Section        0  libshutdown2.o(.ARM.Collect$$libshutdown$$00000007)
    .ARM.Collect$$libshutdown$$0000000A      0x000001bc   Section        0  libshutdown2.o(.ARM.Collect$$libshutdown$$0000000A)
    .ARM.Collect$$libshutdown$$0000000C      0x000001bc   Section        0  libshutdown2.o(.ARM.Collect$$libshutdown$$0000000C)
    .ARM.Collect$$libshutdown$$0000000F      0x000001bc   Section        0  libshutdown2.o(.ARM.Collect$$libshutdown$$0000000F)
    .ARM.Collect$$libshutdown$$00000010      0x000001bc   Section        2  libshutdown2.o(.ARM.Collect$$libshutdown$$00000010)
    .ARM.Collect$$rtentry$$00000000          0x000001be   Section        0  __rtentry.o(.ARM.Collect$$rtentry$$00000000)
    .ARM.Collect$$rtentry$$00000002          0x000001be   Section        0  __rtentry2.o(.ARM.Collect$$rtentry$$00000002)
    .ARM.Collect$$rtentry$$00000004          0x000001be   Section        6  __rtentry4.o(.ARM.Collect$$rtentry$$00000004)
    .ARM.Collect$$rtentry$$00000009          0x000001c4   Section        0  __rtentry2.o(.ARM.Collect$$rtentry$$00000009)
    .ARM.Collect$$rtentry$$0000000A          0x000001c4   Section        4  __rtentry2.o(.ARM.Collect$$rtentry$$0000000A)
    .ARM.Collect$$rtentry$$0000000C          0x000001c8   Section        0  __rtentry2.o(.ARM.Collect$$rtentry$$0000000C)
    .ARM.Collect$$rtentry$$0000000D          0x000001c8   Section        8  __rtentry2.o(.ARM.Collect$$rtentry$$0000000D)
    .ARM.Collect$$rtexit$$00000000           0x000001d0   Section        2  rtexit.o(.ARM.Collect$$rtexit$$00000000)
    .ARM.Collect$$rtexit$$00000002           0x000001d2   Section        0  rtexit2.o(.ARM.Collect$$rtexit$$00000002)
    .ARM.Collect$$rtexit$$00000003           0x000001d2   Section        4  rtexit2.o(.ARM.Collect$$rtexit$$00000003)
    .ARM.Collect$$rtexit$$00000004           0x000001d6   Section        6  rtexit2.o(.ARM.Collect$$rtexit$$00000004)
    .text                                    0x000001dc   Section       52  startup_lpc17xx.o(.text)
    [Anonymous Symbol]                       0x00000210   Section        0  asciilib.o(.text)
    [Anonymous Symbol]                       0x0000023c   Section        0  lib_joystick.o(.text)
    .text                                    0x000002de   Section        0  heapauxi.o(.text)
    .text                                    0x000002e4   Section        0  _sputc.o(.text)
    .text                                    0x000002f0   Section        8  libspace.o(.text)
    .text                                    0x000002f8   Section        2  use_no_semi.o(.text)
    .text                                    0x000002fa   Section        0  indicate_semi.o(.text)
    .ARM.__at_0x02FC                         0x000002fc   Section        4  startup_lpc17xx.o(.ARM.__at_0x02FC)
    [Anonymous Symbol]                       0x00000300   Section        0  sample.o(.text)
    [Anonymous Symbol]                       0x00000a10   Section        0  system_lpc17xx.o(.text)
    [Anonymous Symbol]                       0x00000b40   Section        0  irq_timer.o(.text)
    [Anonymous Symbol]                       0x00000ca8   Section        0  glcd.o(.text)
    LCD_Configuration                        0x00003bb5   Thumb Code    32  glcd.o(.text)
    delay_ms                                 0x00003bd5   Thumb Code    82  glcd.o(.text)
    LCD_SetCursor                            0x00004415   Thumb Code  1932  glcd.o(.text)
    LCD_BGR2RGB                              0x000050cd   Thumb Code    72  glcd.o(.text)
    wait_delay                               0x000058a5   Thumb Code    22  glcd.o(.text)
    [Anonymous Symbol]                       0x000058bc   Section        0  irq_rit.o(.text)
    [Anonymous Symbol]                       0x00005978   Section        0  lib_rit.o(.text)
    .text                                    0x000059f8   Section        0  noretval__2sprintf.o(.text)
    .text                                    0x00005a20   Section        0  _printf_pad.o(.text)
    .text                                    0x00005a70   Section        0  _printf_dec.o(.text)
    .text                                    0x00005ae8   Section        0  __printf_flags_wp.o(.text)
    .text                                    0x00005c20   Section        0  _printf_intcommon.o(.text)
    _printf_input_char                       0x00005cd5   Thumb Code    10  _printf_char_common.o(.text)
    .text                                    0x00005cd4   Section        0  _printf_char_common.o(.text)
    .text                                    0x00005d04   Section       74  sys_stackheap_outer.o(.text)
    .text                                    0x00005d4e   Section        0  exit.o(.text)
    .text                                    0x00005d60   Section        0  sys_exit.o(.text)
    i._is_digit                              0x00005d6c   Section        0  __printf_wp.o(i._is_digit)
    maptable                                 0x00005d7a   Data          17  __printf_flags_wp.o(.constdata)
    .constdata                               0x00005d7a   Section       17  __printf_flags_wp.o(.constdata)
    AsciiLib                                 0x00005d8b   Data        1520  asciilib.o(.rodata.AsciiLib)
    [Anonymous Symbol]                       0x00005d8b   Section        0  asciilib.o(.rodata.AsciiLib)
    .L.str                                   0x0000637b   Data          10  sample.o(.rodata.str1.1)
    [Anonymous Symbol]                       0x0000637b   Section        0  sample.o(.rodata.str1.1)
    .L.str.1                                 0x00006385   Data          20  sample.o(.rodata.str1.1)
    .L.str.2                                 0x00006399   Data          11  sample.o(.rodata.str1.1)
    .bss                                     0x2007c490   Section       96  libspace.o(.bss)
    LCD_Code                                 0x2007c4f0   Data           1  glcd.o(.bss.LCD_Code)
    [Anonymous Symbol]                       0x2007c4f0   Section        0  glcd.o(.bss.LCD_Code)
    Heap_Mem                                 0x2007c520   Data           0  startup_lpc17xx.o(HEAP)
    Stack_Mem                                0x2007c520   Data        1024  startup_lpc17xx.o(STACK)
    HEAP                                     0x2007c520   Section        0  startup_lpc17xx.o(HEAP)
    STACK                                    0x2007c520   Section     1024  startup_lpc17xx.o(STACK)
    __initial_sp                             0x2007c920   Data           0  startup_lpc17xx.o(STACK)

    Global Symbols

    Symbol Name                              Value     Ov Type        Size  Object(Section)

    BuildAttributes$$THM_ISAv4$P$D$K$B$S$PE$A:L22UL41UL21$X:L11$S22US41US21$IEEE1$IW$~IW$USESV6$~STKCKD$USESV7$~SHL$OTIME$ROPI$EBA8$UX$STANDARDLIB$REQ8$PRES8$EABIv2 0x00000000   Number         0  anon$$obj.o ABSOLUTE
    __Vectors                                0x00000000   Data           4  startup_lpc17xx.o(RESET)
    __fp_init_empty                          0x00000000   Number         0  fpinit_empty.o ABSOLUTE
    _printf_flags                            0x00000000   Number         0  printf_stubs.o ABSOLUTE
    _printf_return_value                     0x00000000   Number         0  printf_stubs.o ABSOLUTE
    _printf_sizespec                         0x00000000   Number         0  printf_stubs.o ABSOLUTE
    _printf_widthprec                        0x00000000   Number         0  printf_stubs.o ABSOLUTE
    __ARM_exceptions_init                     - Undefined Weak Reference
    __alloca_initialize                       - Undefined Weak Reference
    __arm_preinit_                            - Undefined Weak Reference
    __arm_relocate_pie_                       - Undefined Weak Reference
    __cpp_initialize__aeabi_                  - Undefined Weak Reference
    __cxa_finalize                            - Undefined Weak Reference
    __rt_locale                               - Undefined Weak Reference
    __sigvec_lookup                           - Undefined Weak Reference
    _atexit_init                              - Undefined Weak Reference
    _call_atexit_fns                          - Undefined Weak Reference
    _clock_init                               - Undefined Weak Reference
    _fp_trap_init                             - Undefined Weak Reference
    _fp_trap_shutdown                         - Undefined Weak Reference
    _get_lc_collate                           - Undefined Weak Reference
    _get_lc_ctype                             - Undefined Weak Reference
    _get_lc_monetary                          - Undefined Weak Reference
    _get_lc_numeric                           - Undefined Weak Reference
    _get_lc_time                              - Undefined Weak Reference
    _getenv_init                              - Undefined Weak Reference
    _handle_redirection                       - Undefined Weak Reference
    _init_alloc                               - Undefined Weak Reference
    _init_user_alloc                          - Undefined Weak Reference
    _initio                                   - Undefined Weak Reference
    _printf_truncate_signed                   - Undefined Weak Reference
    _printf_truncate_unsigned                 - Undefined Weak Reference
    _rand_init                                - Undefined Weak Reference
    _signal_finish                            - Undefined Weak Reference
    _signal_init                              - Undefined Weak Reference
    _terminate_alloc                          - Undefined Weak Reference
    _terminate_user_alloc                     - Undefined Weak Reference
    _terminateio                              - Undefined Weak Reference
    __main                                   0x000000cd   Thumb Code     8  __main.o(!!!main)
    __scatterload                            0x000000d5   Thumb Code     0  __scatter.o(!!!scatter)
    __scatterload_rt2                        0x000000d5   Thumb Code    84  __scatter.o(!!!scatter)
    __scatterload_rt2_thumb_only             0x000000d5   Thumb Code     0  __scatter.o(!!!scatter)
    __scatterload_loop                       0x000000df   Thumb Code     0  __scatter.o(!!!scatter)
    __decompress                             0x00000131   Thumb Code    90  __dczerorl2.o(!!dczerorl2)
    __decompress1                            0x00000131   Thumb Code     0  __dczerorl2.o(!!dczerorl2)
    __scatterload_null                       0x0000018d   Thumb Code     2  __scatter.o(!!handler_null)
    __scatterload_zeroinit                   0x00000191   Thumb Code    28  __scatter_zi.o(!!handler_zi)
    _printf_d                                0x000001ad   Thumb Code     0  _printf_d.o(.ARM.Collect$$_printf_percent$$00000009)
    _printf_percent                          0x000001ad   Thumb Code     0  _printf_percent.o(.ARM.Collect$$_printf_percent$$00000000)
    _printf_percent_end                      0x000001b3   Thumb Code     0  _printf_percent_end.o(.ARM.Collect$$_printf_percent$$00000017)
    __rt_lib_init                            0x000001b7   Thumb Code     0  libinit.o(.ARM.Collect$$libinit$$00000000)
    __rt_lib_init_alloca_1                   0x000001b9   Thumb Code     0  libinit2.o(.ARM.Collect$$libinit$$00000030)
    __rt_lib_init_argv_1                     0x000001b9   Thumb Code     0  libinit2.o(.ARM.Collect$$libinit$$0000002E)
    __rt_lib_init_atexit_1                   0x000001b9   Thumb Code     0  libinit2.o(.ARM.Collect$$libinit$$0000001D)
    __rt_lib_init_clock_1                    0x000001b9   Thumb Code     0  libinit2.o(.ARM.Collect$$libinit$$00000023)
    __rt_lib_init_cpp_1                      0x000001b9   Thumb Code     0  libinit2.o(.ARM.Collect$$libinit$$00000034)
    __rt_lib_init_exceptions_1               0x000001b9   Thumb Code     0  libinit2.o(.ARM.Collect$$libinit$$00000032)
    __rt_lib_init_fp_1                       0x000001b9   Thumb Code     0  libinit2.o(.ARM.Collect$$libinit$$00000002)
    __rt_lib_init_fp_trap_1                  0x000001b9   Thumb Code     0  libinit2.o(.ARM.Collect$$libinit$$00000021)
    __rt_lib_init_getenv_1                   0x000001b9   Thumb Code     0  libinit2.o(.ARM.Collect$$libinit$$00000025)
    __rt_lib_init_heap_1                     0x000001b9   Thumb Code     0  libinit2.o(.ARM.Collect$$libinit$$0000000C)
    __rt_lib_init_lc_collate_1               0x000001b9   Thumb Code     0  libinit2.o(.ARM.Collect$$libinit$$00000013)
    __rt_lib_init_lc_ctype_1                 0x000001b9   Thumb Code     0  libinit2.o(.ARM.Collect$$libinit$$00000015)
    __rt_lib_init_lc_monetary_1              0x000001b9   Thumb Code     0  libinit2.o(.ARM.Collect$$libinit$$00000017)
    __rt_lib_init_lc_numeric_1               0x000001b9   Thumb Code     0  libinit2.o(.ARM.Collect$$libinit$$00000019)
    __rt_lib_init_lc_time_1                  0x000001b9   Thumb Code     0  libinit2.o(.ARM.Collect$$libinit$$0000001B)
    __rt_lib_init_preinit_1                  0x000001b9   Thumb Code     0  libinit2.o(.ARM.Collect$$libinit$$00000006)
    __rt_lib_init_rand_1                     0x000001b9   Thumb Code     0  libinit2.o(.ARM.Collect$$libinit$$00000010)
    __rt_lib_init_relocate_pie_1             0x000001b9   Thumb Code     0  libinit2.o(.ARM.Collect$$libinit$$00000004)
    __rt_lib_init_return                     0x000001b9   Thumb Code     0  libinit2.o(.ARM.Collect$$libinit$$00000035)
    __rt_lib_init_signal_1                   0x000001b9   Thumb Code     0  libinit2.o(.ARM.Collect$$libinit$$0000001F)
    __rt_lib_init_stdio_1                    0x000001b9   Thumb Code     0  libinit2.o(.ARM.Collect$$libinit$$00000027)
    __rt_lib_init_user_alloc_1               0x000001b9   Thumb Code     0  libinit2.o(.ARM.Collect$$libinit$$0000000E)
    __rt_lib_shutdown                        0x000001bb   Thumb Code     0  libshutdown.o(.ARM.Collect$$libshutdown$$00000000)
    __rt_lib_shutdown_cpp_1                  0x000001bd   Thumb Code     0  libshutdown2.o(.ARM.Collect$$libshutdown$$00000002)
    __rt_lib_shutdown_fp_trap_1              0x000001bd   Thumb Code     0  libshutdown2.o(.ARM.Collect$$libshutdown$$00000007)
    __rt_lib_shutdown_heap_1                 0x000001bd   Thumb Code     0  libshutdown2.o(.ARM.Collect$$libshutdown$$0000000F)
    __rt_lib_shutdown_return                 0x000001bd   Thumb Code     0  libshutdown2.o(.ARM.Collect$$libshutdown$$00000010)
    __rt_lib_shutdown_signal_1               0x000001bd   Thumb Code     0  libshutdown2.o(.ARM.Collect$$libshutdown$$0000000A)
    __rt_lib_shutdown_stdio_1                0x000001bd   Thumb Code     0  libshutdown2.o(.ARM.Collect$$libshutdown$$00000004)
    __rt_lib_shutdown_user_alloc_1           0x000001bd   Thumb Code     0  libshutdown2.o(.ARM.Collect$$libshutdown$$0000000C)
    __rt_entry                               0x000001bf   Thumb Code     0  __rtentry.o(.ARM.Collect$$rtentry$$00000000)
    __rt_entry_presh_1                       0x000001bf   Thumb Code     0  __rtentry2.o(.ARM.Collect$$rtentry$$00000002)
    __rt_entry_sh                            0x000001bf   Thumb Code     0  __rtentry4.o(.ARM.Collect$$rtentry$$00000004)
    __rt_entry_li                            0x000001c5   Thumb Code     0  __rtentry2.o(.ARM.Collect$$rtentry$$0000000A)
    __rt_entry_postsh_1                      0x000001c5   Thumb Code     0  __rtentry2.o(.ARM.Collect$$rtentry$$00000009)
    __rt_entry_main                          0x000001c9   Thumb Code     0  __rtentry2.o(.ARM.Collect$$rtentry$$0000000D)
    __rt_entry_postli_1                      0x000001c9   Thumb Code     0  __rtentry2.o(.ARM.Collect$$rtentry$$0000000C)
    __rt_exit                                0x000001d1   Thumb Code     0  rtexit.o(.ARM.Collect$$rtexit$$00000000)
    __rt_exit_ls                             0x000001d3   Thumb Code     0  rtexit2.o(.ARM.Collect$$rtexit$$00000003)
    __rt_exit_prels_1                        0x000001d3   Thumb Code     0  rtexit2.o(.ARM.Collect$$rtexit$$00000002)
    __rt_exit_exit                           0x000001d7   Thumb Code     0  rtexit2.o(.ARM.Collect$$rtexit$$00000004)
    Reset_Handler                            0x000001dd   Thumb Code     4  startup_lpc17xx.o(.text)
    NMI_Handler                              0x000001e1   Thumb Code     2  startup_lpc17xx.o(.text)
    HardFault_Handler                        0x000001e3   Thumb Code     2  startup_lpc17xx.o(.text)
    MemManage_Handler                        0x000001e5   Thumb Code     2  startup_lpc17xx.o(.text)
    BusFault_Handler                         0x000001e7   Thumb Code     2  startup_lpc17xx.o(.text)
    UsageFault_Handler                       0x000001e9   Thumb Code     2  startup_lpc17xx.o(.text)
    SVC_Handler                              0x000001eb   Thumb Code     2  startup_lpc17xx.o(.text)
    DebugMon_Handler                         0x000001ed   Thumb Code     2  startup_lpc17xx.o(.text)
    PendSV_Handler                           0x000001ef   Thumb Code     2  startup_lpc17xx.o(.text)
    SysTick_Handler                          0x000001f1   Thumb Code     2  startup_lpc17xx.o(.text)
    ADC_IRQHandler                           0x000001f3   Thumb Code     0  startup_lpc17xx.o(.text)
    BOD_IRQHandler                           0x000001f3   Thumb Code     0  startup_lpc17xx.o(.text)
    CANActivity_IRQHandler                   0x000001f3   Thumb Code     0  startup_lpc17xx.o(.text)
    CAN_IRQHandler                           0x000001f3   Thumb Code     0  startup_lpc17xx.o(.text)
    DMA_IRQHandler                           0x000001f3   Thumb Code     0  startup_lpc17xx.o(.text)
    EINT1_IRQHandler                         0x000001f3   Thumb Code     0  startup_lpc17xx.o(.text)
    EINT2_IRQHandler                         0x000001f3   Thumb Code     0  startup_lpc17xx.o(.text)
    EINT3_IRQHandler                         0x000001f3   Thumb Code     0  startup_lpc17xx.o(.text)
    ENET_IRQHandler                          0x000001f3   Thumb Code     0  startup_lpc17xx.o(.text)
    I2C0_IRQHandler                          0x000001f3   Thumb Code     0  startup_lpc17xx.o(.text)
    I2C1_IRQHandler                          0x000001f3   Thumb Code     0  startup_lpc17xx.o(.text)
    I2C2_IRQHandler                          0x000001f3   Thumb Code     0  startup_lpc17xx.o(.text)
    I2S_IRQHandler                           0x000001f3   Thumb Code     0  startup_lpc17xx.o(.text)
    MCPWM_IRQHandler                         0x000001f3   Thumb Code     0  startup_lpc17xx.o(.text)
    PLL0_IRQHandler                          0x000001f3   Thumb Code     0  startup_lpc17xx.o(.text)
    PLL1_IRQHandler                          0x000001f3   Thumb Code     0  startup_lpc17xx.o(.text)
    PWM1_IRQHandler                          0x000001f3   Thumb Code     0  startup_lpc17xx.o(.text)
    QEI_IRQHandler                           0x000001f3   Thumb Code     0  startup_lpc17xx.o(.text)
    RTC_IRQHandler                           0x000001f3   Thumb Code     0  startup_lpc17xx.o(.text)
    SPI_IRQHandler                           0x000001f3   Thumb Code     0  startup_lpc17xx.o(.text)
    SSP0_IRQHandler                          0x000001f3   Thumb Code     0  startup_lpc17xx.o(.text)
    SSP1_IRQHandler                          0x000001f3   Thumb Code     0  startup_lpc17xx.o(.text)
    TIMER0_IRQHandler                        0x000001f3   Thumb Code     0  startup_lpc17xx.o(.text)
    TIMER2_IRQHandler                        0x000001f3   Thumb Code     0  startup_lpc17xx.o(.text)
    TIMER3_IRQHandler                        0x000001f3   Thumb Code     0  startup_lpc17xx.o(.text)
    UART0_IRQHandler                         0x000001f3   Thumb Code     0  startup_lpc17xx.o(.text)
    UART1_IRQHandler                         0x000001f3   Thumb Code     0  startup_lpc17xx.o(.text)
    UART2_IRQHandler                         0x000001f3   Thumb Code     0  startup_lpc17xx.o(.text)
    UART3_IRQHandler                         0x000001f3   Thumb Code     0  startup_lpc17xx.o(.text)
    USBActivity_IRQHandler                   0x000001f3   Thumb Code     0  startup_lpc17xx.o(.text)
    USB_IRQHandler                           0x000001f3   Thumb Code     0  startup_lpc17xx.o(.text)
    WDT_IRQHandler                           0x000001f3   Thumb Code     0  startup_lpc17xx.o(.text)
    __user_initial_stackheap                 0x000001f5   Thumb Code     0  startup_lpc17xx.o(.text)
    GetASCIICode                             0x00000211   Thumb Code    42  asciilib.o(.text)
    joystick_init                            0x0000023d   Thumb Code    82  lib_joystick.o(.text)
    joystick_read_up                         0x00000291   Thumb Code    18  lib_joystick.o(.text)
    joystick_read_down                       0x000002a5   Thumb Code    18  lib_joystick.o(.text)
    joystick_read_left                       0x000002b9   Thumb Code    18  lib_joystick.o(.text)
    joystick_read_right                      0x000002cd   Thumb Code    18  lib_joystick.o(.text)
    __use_two_region_memory                  0x000002df   Thumb Code     2  heapauxi.o(.text)
    __rt_heap_escrow$2region                 0x000002e1   Thumb Code     2  heapauxi.o(.text)
    __rt_heap_expand$2region                 0x000002e3   Thumb Code     2  heapauxi.o(.text)
    _sputc                                   0x000002e5   Thumb Code    10  _sputc.o(.text)
    __user_libspace                          0x000002f1   Thumb Code     8  libspace.o(.text)
    __user_perproc_libspace                  0x000002f1   Thumb Code     0  libspace.o(.text)
    __user_perthread_libspace                0x000002f1   Thumb Code     0  libspace.o(.text)
    __I$use$semihosting                      0x000002f9   Thumb Code     0  use_no_semi.o(.text)
    __use_no_semihosting_swi                 0x000002f9   Thumb Code     2  use_no_semi.o(.text)
    __semihosting_library_function           0x000002fb   Thumb Code     0  indicate_semi.o(.text)
    delay_ms                                 0x00000301   Thumb Code    20  sample.o(.text)
    DrawScore                                0x00000315   Thumb Code    86  sample.o(.text)
    DrawLives                                0x0000036d   Thumb Code    70  sample.o(.text)
    DrawPacMan                               0x000003b5   Thumb Code    34  sample.o(.text)
    ErasePacMan                              0x000003d9   Thumb Code    32  sample.o(.text)
    DrawCountdown                            0x000003f9   Thumb Code    66  sample.o(.text)
    DrawGameOver                             0x0000043d   Thumb Code    72  sample.o(.text)
    checkVictory                             0x00000485   Thumb Code    52  sample.o(.text)
    DrawVictoryScreen                        0x000004b9   Thumb Code    70  sample.o(.text)
    DrawMaze                                 0x00000501   Thumb Code   176  sample.o(.text)
    MovePacMan                               0x000005b1   Thumb Code   764  sample.o(.text)
    InitializeDisplay                        0x000008ad   Thumb Code   240  sample.o(.text)
    main                                     0x0000099d   Thumb Code   114  sample.o(.text)
    SystemInit                               0x00000a11   Thumb Code   288  system_lpc17xx.o(.text)
    CapturePauseArea                         0x00000b41   Thumb Code    60  irq_timer.o(.text)
    RestorePauseArea                         0x00000b7d   Thumb Code    60  irq_timer.o(.text)
    init_INT0                                0x00000bb9   Thumb Code    56  irq_timer.o(.text)
    EINT0_IRQHandler                         0x00000bf1   Thumb Code   160  irq_timer.o(.text)
    TIMER1_IRQHandler                        0x00000c99   Thumb Code    14  irq_timer.o(.text)
    LCD_Initialization                       0x00000ca9   Thumb Code 12042  glcd.o(.text)
    LCD_Clear                                0x00003c29   Thumb Code  2028  glcd.o(.text)
    LCD_GetPoint                             0x00004ba1   Thumb Code  1324  glcd.o(.text)
    LCD_SetPoint                             0x00005115   Thumb Code   320  glcd.o(.text)
    LCD_DrawCircle                           0x00005255   Thumb Code   418  glcd.o(.text)
    LCD_DrawRect                             0x000053f9   Thumb Code   176  glcd.o(.text)
    LCD_DrawLine                             0x000054a9   Thumb Code   546  glcd.o(.text)
    LCD_FillRect                             0x000056cd   Thumb Code   108  glcd.o(.text)
    PutChar                                  0x00005739   Thumb Code   210  glcd.o(.text)
    GUI_Text                                 0x0000580d   Thumb Code   152  glcd.o(.text)
    RIT_IRQHandler                           0x000058bd   Thumb Code   188  irq_rit.o(.text)
    enable_RIT                               0x00005979   Thumb Code    16  lib_rit.o(.text)
    disable_RIT                              0x00005989   Thumb Code    16  lib_rit.o(.text)
    reset_RIT                                0x00005999   Thumb Code    12  lib_rit.o(.text)
    init_RIT                                 0x000059a5   Thumb Code    82  lib_rit.o(.text)
    __2sprintf                               0x000059f9   Thumb Code    34  noretval__2sprintf.o(.text)
    _printf_pre_padding                      0x00005a21   Thumb Code    44  _printf_pad.o(.text)
    _printf_post_padding                     0x00005a4d   Thumb Code    34  _printf_pad.o(.text)
    _printf_int_dec                          0x00005a71   Thumb Code   104  _printf_dec.o(.text)
    __printf                                 0x00005ae9   Thumb Code   308  __printf_flags_wp.o(.text)
    _printf_int_common                       0x00005c21   Thumb Code   178  _printf_intcommon.o(.text)
    _printf_char_common                      0x00005cdf   Thumb Code    32  _printf_char_common.o(.text)
    __user_setup_stackheap                   0x00005d05   Thumb Code    74  sys_stackheap_outer.o(.text)
    exit                                     0x00005d4f   Thumb Code    18  exit.o(.text)
    _sys_exit                                0x00005d61   Thumb Code     8  sys_exit.o(.text)
    _is_digit                                0x00005d6d   Thumb Code    14  __printf_wp.o(i._is_digit)
    Region$$Table$$Base                      0x000063a4   Number         0  anon$$obj.o(Region$$Table)
    Region$$Table$$Limit                     0x000063d4   Number         0  anon$$obj.o(Region$$Table)
    pauseArea                                0x10000000   Data       12800  irq_timer.o(.bss.pauseArea)
    SystemFrequency                          0x2007c000   Data           4  system_lpc17xx.o(.data.SystemFrequency)
    countdown                                0x2007c004   Data           4  sample.o(.data.countdown)
    lives                                    0x2007c008   Data           4  sample.o(.data.lives)
    mazeGrid                                 0x2007c00c   Data        1152  sample.o(.data.mazeGrid)
    next_life_score                          0x2007c48c   Data           4  sample.o(.data.next_life_score)
    __libspace_start                         0x2007c490   Data          96  libspace.o(.bss)
    __temporary_stack_top$libspace           0x2007c4f0   Data           0  libspace.o(.bss)
    current_direction_x                      0x2007c4f4   Data           4  sample.o(.bss.current_direction_x)
    current_direction_y                      0x2007c4f8   Data           4  sample.o(.bss.current_direction_y)
    direction_x                              0x2007c4fc   Data           4  sample.o(.bss.direction_x)
    direction_y                              0x2007c500   Data           4  sample.o(.bss.direction_y)
    game_over_flag                           0x2007c504   Data           4  sample.o(.bss.game_over_flag)
    interruptCounter                         0x2007c508   Data           4  sample.o(.bss.interruptCounter)
    isPaused                                 0x2007c50c   Data           1  irq_timer.o(.bss.isPaused)
    pacman_x                                 0x2007c510   Data           4  sample.o(.bss.pacman_x)
    pacman_y                                 0x2007c514   Data           4  sample.o(.bss.pacman_y)
    score                                    0x2007c518   Data           4  sample.o(.bss.score)



==============================================================================

Memory Map of the image

  Image Entry point : 0x000000cd

  Load Region LR_IROM1 (Base: 0x00000000, Size: 0x00006868, Max: 0x00080000, ABSOLUTE, COMPRESSED[0x00006468])

    Execution Region ER_IROM1 (Exec base: 0x00000000, Load base: 0x00000000, Size: 0x000063d4, Max: 0x00080000, ABSOLUTE)

    Exec Addr    Load Addr    Size         Type   Attr      Idx    E Section Name        Object

    0x00000000   0x00000000   0x000000cc   Data   RO            3    RESET               startup_lpc17xx.o
    0x000000cc   0x000000cc   0x00000008   Code   RO          171  * !!!main             c_w.l(__main.o)
    0x000000d4   0x000000d4   0x0000005c   Code   RO          386    !!!scatter          c_w.l(__scatter.o)
    0x00000130   0x00000130   0x0000005a   Code   RO          384    !!dczerorl2         c_w.l(__dczerorl2.o)
    0x0000018a   0x0000018a   0x00000002   PAD
    0x0000018c   0x0000018c   0x00000002   Code   RO          387    !!handler_null      c_w.l(__scatter.o)
    0x0000018e   0x0000018e   0x00000002   PAD
    0x00000190   0x00000190   0x0000001c   Code   RO          390    !!handler_zi        c_w.l(__scatter_zi.o)
    0x000001ac   0x000001ac   0x00000000   Code   RO          164    .ARM.Collect$$_printf_percent$$00000000  c_w.l(_printf_percent.o)
    0x000001ac   0x000001ac   0x00000006   Code   RO          163    .ARM.Collect$$_printf_percent$$00000009  c_w.l(_printf_d.o)
    0x000001b2   0x000001b2   0x00000004   Code   RO          204    .ARM.Collect$$_printf_percent$$00000017  c_w.l(_printf_percent_end.o)
    0x000001b6   0x000001b6   0x00000002   Code   RO          246    .ARM.Collect$$libinit$$00000000  c_w.l(libinit.o)
    0x000001b8   0x000001b8   0x00000000   Code   RO          253    .ARM.Collect$$libinit$$00000002  c_w.l(libinit2.o)
    0x000001b8   0x000001b8   0x00000000   Code   RO          255    .ARM.Collect$$libinit$$00000004  c_w.l(libinit2.o)
    0x000001b8   0x000001b8   0x00000000   Code   RO          257    .ARM.Collect$$libinit$$00000006  c_w.l(libinit2.o)
    0x000001b8   0x000001b8   0x00000000   Code   RO          260    .ARM.Collect$$libinit$$0000000C  c_w.l(libinit2.o)
    0x000001b8   0x000001b8   0x00000000   Code   RO          262    .ARM.Collect$$libinit$$0000000E  c_w.l(libinit2.o)
    0x000001b8   0x000001b8   0x00000000   Code   RO          264    .ARM.Collect$$libinit$$00000010  c_w.l(libinit2.o)
    0x000001b8   0x000001b8   0x00000000   Code   RO          267    .ARM.Collect$$libinit$$00000013  c_w.l(libinit2.o)
    0x000001b8   0x000001b8   0x00000000   Code   RO          269    .ARM.Collect$$libinit$$00000015  c_w.l(libinit2.o)
    0x000001b8   0x000001b8   0x00000000   Code   RO          271    .ARM.Collect$$libinit$$00000017  c_w.l(libinit2.o)
    0x000001b8   0x000001b8   0x00000000   Code   RO          273    .ARM.Collect$$libinit$$00000019  c_w.l(libinit2.o)
    0x000001b8   0x000001b8   0x00000000   Code   RO          275    .ARM.Collect$$libinit$$0000001B  c_w.l(libinit2.o)
    0x000001b8   0x000001b8   0x00000000   Code   RO          277    .ARM.Collect$$libinit$$0000001D  c_w.l(libinit2.o)
    0x000001b8   0x000001b8   0x00000000   Code   RO          279    .ARM.Collect$$libinit$$0000001F  c_w.l(libinit2.o)
    0x000001b8   0x000001b8   0x00000000   Code   RO          281    .ARM.Collect$$libinit$$00000021  c_w.l(libinit2.o)
    0x000001b8   0x000001b8   0x00000000   Code   RO          283    .ARM.Collect$$libinit$$00000023  c_w.l(libinit2.o)
    0x000001b8   0x000001b8   0x00000000   Code   RO          285    .ARM.Collect$$libinit$$00000025  c_w.l(libinit2.o)
    0x000001b8   0x000001b8   0x00000000   Code   RO          287    .ARM.Collect$$libinit$$00000027  c_w.l(libinit2.o)
    0x000001b8   0x000001b8   0x00000000   Code   RO          291    .ARM.Collect$$libinit$$0000002E  c_w.l(libinit2.o)
    0x000001b8   0x000001b8   0x00000000   Code   RO          293    .ARM.Collect$$libinit$$00000030  c_w.l(libinit2.o)
    0x000001b8   0x000001b8   0x00000000   Code   RO          295    .ARM.Collect$$libinit$$00000032  c_w.l(libinit2.o)
    0x000001b8   0x000001b8   0x00000000   Code   RO          297    .ARM.Collect$$libinit$$00000034  c_w.l(libinit2.o)
    0x000001b8   0x000001b8   0x00000002   Code   RO          298    .ARM.Collect$$libinit$$00000035  c_w.l(libinit2.o)
    0x000001ba   0x000001ba   0x00000002   Code   RO          320    .ARM.Collect$$libshutdown$$00000000  c_w.l(libshutdown.o)
    0x000001bc   0x000001bc   0x00000000   Code   RO          335    .ARM.Collect$$libshutdown$$00000002  c_w.l(libshutdown2.o)
    0x000001bc   0x000001bc   0x00000000   Code   RO          337    .ARM.Collect$$libshutdown$$00000004  c_w.l(libshutdown2.o)
    0x000001bc   0x000001bc   0x00000000   Code   RO          340    .ARM.Collect$$libshutdown$$00000007  c_w.l(libshutdown2.o)
    0x000001bc   0x000001bc   0x00000000   Code   RO          343    .ARM.Collect$$libshutdown$$0000000A  c_w.l(libshutdown2.o)
    0x000001bc   0x000001bc   0x00000000   Code   RO          345    .ARM.Collect$$libshutdown$$0000000C  c_w.l(libshutdown2.o)
    0x000001bc   0x000001bc   0x00000000   Code   RO          348    .ARM.Collect$$libshutdown$$0000000F  c_w.l(libshutdown2.o)
    0x000001bc   0x000001bc   0x00000002   Code   RO          349    .ARM.Collect$$libshutdown$$00000010  c_w.l(libshutdown2.o)
    0x000001be   0x000001be   0x00000000   Code   RO          197    .ARM.Collect$$rtentry$$00000000  c_w.l(__rtentry.o)
    0x000001be   0x000001be   0x00000000   Code   RO          219    .ARM.Collect$$rtentry$$00000002  c_w.l(__rtentry2.o)
    0x000001be   0x000001be   0x00000006   Code   RO          231    .ARM.Collect$$rtentry$$00000004  c_w.l(__rtentry4.o)
    0x000001c4   0x000001c4   0x00000000   Code   RO          221    .ARM.Collect$$rtentry$$00000009  c_w.l(__rtentry2.o)
    0x000001c4   0x000001c4   0x00000004   Code   RO          222    .ARM.Collect$$rtentry$$0000000A  c_w.l(__rtentry2.o)
    0x000001c8   0x000001c8   0x00000000   Code   RO          224    .ARM.Collect$$rtentry$$0000000C  c_w.l(__rtentry2.o)
    0x000001c8   0x000001c8   0x00000008   Code   RO          225    .ARM.Collect$$rtentry$$0000000D  c_w.l(__rtentry2.o)
    0x000001d0   0x000001d0   0x00000002   Code   RO          250    .ARM.Collect$$rtexit$$00000000  c_w.l(rtexit.o)
    0x000001d2   0x000001d2   0x00000000   Code   RO          300    .ARM.Collect$$rtexit$$00000002  c_w.l(rtexit2.o)
    0x000001d2   0x000001d2   0x00000004   Code   RO          301    .ARM.Collect$$rtexit$$00000003  c_w.l(rtexit2.o)
    0x000001d6   0x000001d6   0x00000006   Code   RO          302    .ARM.Collect$$rtexit$$00000004  c_w.l(rtexit2.o)
    0x000001dc   0x000001dc   0x00000034   Code   RO            5    .text               startup_lpc17xx.o
    0x00000210   0x00000210   0x0000002a   Code   RO           63    .text               asciilib.o
    0x0000023a   0x0000023a   0x00000002   PAD
    0x0000023c   0x0000023c   0x000000a2   Code   RO          109    .text               lib_joystick.o
    0x000002de   0x000002de   0x00000006   Code   RO          169    .text               c_w.l(heapauxi.o)
    0x000002e4   0x000002e4   0x0000000a   Code   RO          202    .text               c_w.l(_sputc.o)
    0x000002ee   0x000002ee   0x00000002   PAD
    0x000002f0   0x000002f0   0x00000008   Code   RO          247    .text               c_w.l(libspace.o)
    0x000002f8   0x000002f8   0x00000002   Code   RO          325    .text               c_w.l(use_no_semi.o)
    0x000002fa   0x000002fa   0x00000000   Code   RO          327    .text               c_w.l(indicate_semi.o)
    0x000002fa   0x000002fa   0x00000002   PAD
    0x000002fc   0x000002fc   0x00000004   Code   RO            4    .ARM.__at_0x02FC    startup_lpc17xx.o
    0x00000300   0x00000300   0x0000070e   Code   RO           13    .text               sample.o
    0x00000a0e   0x00000a0e   0x00000002   PAD
    0x00000a10   0x00000a10   0x00000130   Code   RO           38    .text               system_lpc17xx.o
    0x00000b40   0x00000b40   0x00000166   Code   RO           46    .text               irq_timer.o
    0x00000ca6   0x00000ca6   0x00000002   PAD
    0x00000ca8   0x00000ca8   0x00004c12   Code   RO           72    .text               glcd.o
    0x000058ba   0x000058ba   0x00000002   PAD
    0x000058bc   0x000058bc   0x000000bc   Code   RO          116    .text               irq_rit.o
    0x00005978   0x00005978   0x0000007e   Code   RO          123    .text               lib_rit.o
    0x000059f6   0x000059f6   0x00000002   PAD
    0x000059f8   0x000059f8   0x00000028   Code   RO          135    .text               c_w.l(noretval__2sprintf.o)
    0x00005a20   0x00005a20   0x0000004e   Code   RO          139    .text               c_w.l(_printf_pad.o)
    0x00005a6e   0x00005a6e   0x00000002   PAD
    0x00005a70   0x00005a70   0x00000078   Code   RO          141    .text               c_w.l(_printf_dec.o)
    0x00005ae8   0x00005ae8   0x00000138   Code   RO          155    .text               c_w.l(__printf_flags_wp.o)
    0x00005c20   0x00005c20   0x000000b2   Code   RO          198    .text               c_w.l(_printf_intcommon.o)
    0x00005cd2   0x00005cd2   0x00000002   PAD
    0x00005cd4   0x00005cd4   0x00000030   Code   RO          200    .text               c_w.l(_printf_char_common.o)
    0x00005d04   0x00005d04   0x0000004a   Code   RO          237    .text               c_w.l(sys_stackheap_outer.o)
    0x00005d4e   0x00005d4e   0x00000012   Code   RO          239    .text               c_w.l(exit.o)
    0x00005d60   0x00005d60   0x0000000c   Code   RO          310    .text               c_w.l(sys_exit.o)
    0x00005d6c   0x00005d6c   0x0000000e   Code   RO          153    i._is_digit         c_w.l(__printf_wp.o)
    0x00005d7a   0x00005d7a   0x00000011   Data   RO          156    .constdata          c_w.l(__printf_flags_wp.o)
    0x00005d8b   0x00005d8b   0x000005f0   Data   RO           65    .rodata.AsciiLib    asciilib.o
    0x0000637b   0x0000637b   0x00000029   Data   RO           26    .rodata.str1.1      sample.o
    0x000063a4   0x000063a4   0x00000030   Data   RO          383    Region$$Table       anon$$obj.o


    Execution Region RW_IRAM1 (Exec base: 0x10000000, Load base: 0x000063d4, Size: 0x00003200, Max: 0x00008000, ABSOLUTE)

    Exec Addr    Load Addr    Size         Type   Attr      Idx    E Section Name        Object

    0x10000000        -       0x00003200   Zero   RW           49    .bss.pauseArea      irq_timer.o


    Execution Region RW_IRAM2 (Exec base: 0x2007c000, Load base: 0x000063d8, Size: 0x00000920, Max: 0x00008000, ABSOLUTE, COMPRESSED[0x00000090])

    Exec Addr    Load Addr    Size         Type   Attr      Idx    E Section Name        Object

    0x2007c000   COMPRESSED   0x00000004   Data   RW           40    .data.SystemFrequency  system_lpc17xx.o
    0x2007c004   COMPRESSED   0x00000004   Data   RW           17    .data.countdown     sample.o
    0x2007c008   COMPRESSED   0x00000004   Data   RW           18    .data.lives         sample.o
    0x2007c00c   COMPRESSED   0x00000480   Data   RW           25    .data.mazeGrid      sample.o
    0x2007c48c   COMPRESSED   0x00000004   Data   RW           19    .data.next_life_score  sample.o
    0x2007c490        -       0x00000060   Zero   RW          248    .bss                c_w.l(libspace.o)
    0x2007c4f0        -       0x00000001   Zero   RW           74    .bss.LCD_Code       glcd.o
    0x2007c4f1   COMPRESSED   0x00000003   PAD
    0x2007c4f4        -       0x00000004   Zero   RW           23    .bss.current_direction_x  sample.o
    0x2007c4f8        -       0x00000004   Zero   RW           24    .bss.current_direction_y  sample.o
    0x2007c4fc        -       0x00000004   Zero   RW           20    .bss.direction_x    sample.o
    0x2007c500        -       0x00000004   Zero   RW           21    .bss.direction_y    sample.o
    0x2007c504        -       0x00000004   Zero   RW           16    .bss.game_over_flag  sample.o
    0x2007c508        -       0x00000004   Zero   RW           22    .bss.interruptCounter  sample.o
    0x2007c50c        -       0x00000001   Zero   RW           48    .bss.isPaused       irq_timer.o
    0x2007c50d   COMPRESSED   0x00000003   PAD
    0x2007c510        -       0x00000004   Zero   RW           28    .bss.pacman_x       sample.o
    0x2007c514        -       0x00000004   Zero   RW           29    .bss.pacman_y       sample.o
    0x2007c518        -       0x00000004   Zero   RW           15    .bss.score          sample.o
    0x2007c51c   COMPRESSED   0x00000004   PAD
    0x2007c520        -       0x00000000   Zero   RW            2    HEAP                startup_lpc17xx.o
    0x2007c520        -       0x00000400   Zero   RW            1    STACK               startup_lpc17xx.o


==============================================================================

Image component sizes


      Code (inc. data)   RO Data    RW Data    ZI Data      Debug   Object Name

        42          0       1520          0          0        645   asciilib.o
     19474          0          0          0          1      26059   glcd.o
       188          0          0          0          0       1023   irq_rit.o
       358          8          0          0      12801       4974   irq_timer.o
       162          0          0          0          0       2775   lib_joystick.o
       126          0          0          0          0       4056   lib_rit.o
      1806          0         41       1164         36       5320   sample.o
        56         22        204          0       1024        964   startup_lpc17xx.o
       304         20          0          4          0       1801   system_lpc17xx.o

    ----------------------------------------------------------------------
     22526         50       1813       1168      13872      47617   Object Totals
         0          0         48          0          0          0   (incl. Generated)
        10          0          0          0         10          0   (incl. Padding)

    ----------------------------------------------------------------------

      Code (inc. data)   RO Data    RW Data    ZI Data      Debug   Library Member Name

        90          0          0          0          0          0   __dczerorl2.o
         8          0          0          0          0         68   __main.o
       312          4         17          0          0         92   __printf_flags_wp.o
        14          0          0          0          0         68   __printf_wp.o
         0          0          0          0          0          0   __rtentry.o
        12          0          0          0          0          0   __rtentry2.o
         6          0          0          0          0          0   __rtentry4.o
        94          8          0          0          0          0   __scatter.o
        28          0          0          0          0          0   __scatter_zi.o
        48          6          0          0          0         96   _printf_char_common.o
         6          0          0          0          0          0   _printf_d.o
       120         16          0          0          0         92   _printf_dec.o
       178          0          0          0          0         88   _printf_intcommon.o
        78          0          0          0          0        108   _printf_pad.o
         0          0          0          0          0          0   _printf_percent.o
         4          0          0          0          0          0   _printf_percent_end.o
        10          0          0          0          0         68   _sputc.o
        18          0          0          0          0         80   exit.o
         6          0          0          0          0        152   heapauxi.o
         0          0          0          0          0          0   indicate_semi.o
         2          0          0          0          0          0   libinit.o
         2          0          0          0          0          0   libinit2.o
         2          0          0          0          0          0   libshutdown.o
         2          0          0          0          0          0   libshutdown2.o
         8          4          0          0         96         68   libspace.o
        40          6          0          0          0         84   noretval__2sprintf.o
         2          0          0          0          0          0   rtexit.o
        10          0          0          0          0          0   rtexit2.o
        12          4          0          0          0         68   sys_exit.o
        74          0          0          0          0         80   sys_stackheap_outer.o
         2          0          0          0          0         68   use_no_semi.o

    ----------------------------------------------------------------------
      1200         48         17          0         96       1280   Library Totals
        12          0          0          0          0          0   (incl. Padding)

    ----------------------------------------------------------------------

      Code (inc. data)   RO Data    RW Data    ZI Data      Debug   Library Name

      1188         48         17          0         96       1280   c_w.l

    ----------------------------------------------------------------------
      1200         48         17          0         96       1280   Library Totals

    ----------------------------------------------------------------------

==============================================================================


      Code (inc. data)   RO Data    RW Data    ZI Data      Debug   

     23726         98       1830       1168      13968      48301   Grand Totals
     23726         98       1830        144      13968      48301   ELF Image Totals (compressed)
     23726         98       1830        144          0          0   ROM Totals

==============================================================================

    Total RO  Size (Code + RO Data)                25556 (  24.96kB)
    Total RW  Size (RW Data + ZI Data)             15136 (  14.78kB)
    Total ROM Size (Code + RO Data + RW Data)      25700 (  25.10kB)

==============================================================================

