Component: Arm Compiler for Embedded 6.22 Tool: armlink [5ee90200]

==============================================================================

Section Cross References

    startup_lpc17xx.o(STACK) refers (Special) to heapauxi.o(.text) for __use_two_region_memory
    startup_lpc17xx.o(HEAP) refers (Special) to heapauxi.o(.text) for __use_two_region_memory
    startup_lpc17xx.o(RESET) refers (Special) to heapauxi.o(.text) for __use_two_region_memory
    startup_lpc17xx.o(RESET) refers to startup_lpc17xx.o(STACK) for __initial_sp
    startup_lpc17xx.o(RESET) refers to startup_lpc17xx.o(.text) for Reset_Handler
    startup_lpc17xx.o(RESET) refers to irq_timer.o(.text) for TIMER0_IRQHandler
    startup_lpc17xx.o(RESET) refers to irq_rit.o(.text) for RIT_IRQHandler
    startup_lpc17xx.o(.ARM.__at_0x02FC) refers (Special) to heapauxi.o(.text) for __use_two_region_memory
    startup_lpc17xx.o(.text) refers (Special) to heapauxi.o(.text) for __use_two_region_memory
    startup_lpc17xx.o(.text) refers to __main.o(!!!main) for __main
    startup_lpc17xx.o(.text) refers to startup_lpc17xx.o(HEAP) for Heap_Mem
    startup_lpc17xx.o(.text) refers to startup_lpc17xx.o(STACK) for Stack_Mem
    sample.o(.text) refers (Special) to _printf_percent.o(.ARM.Collect$$_printf_percent$$00000000) for _printf_percent
    sample.o(.text) refers (Special) to _printf_d.o(.ARM.Collect$$_printf_percent$$00000009) for _printf_d
    sample.o(.text) refers (Special) to _printf_dec.o(.text) for _printf_int_dec
    sample.o(.text) refers to sample.o(.bss.score) for score
    sample.o(.text) refers to sample.o(.rodata.str1.1) for .L.str
    sample.o(.text) refers to noretval__2sprintf.o(.text) for __2sprintf
    sample.o(.text) refers to glcd.o(.text) for LCD_DrawRect
    sample.o(.text) refers to sample.o(.bss.pacman_x) for pacman_x
    sample.o(.text) refers to sample.o(.bss.pacman_y) for pacman_y
    sample.o(.text) refers to sample.o(.data.mazeGrid) for mazeGrid
    sample.o(.text) refers to system_lpc17xx.o(.text) for SystemInit
    sample.o(.text) refers to lib_joystick.o(.text) for joystick_init
    sample.o(.text) refers to lib_rit.o(.text) for init_RIT
    sample.o(.ARM.exidx) refers (Special) to _printf_percent.o(.ARM.Collect$$_printf_percent$$00000000) for _printf_percent
    sample.o(.ARM.exidx) refers (Special) to _printf_d.o(.ARM.Collect$$_printf_percent$$00000009) for _printf_d
    sample.o(.ARM.exidx) refers (Special) to _printf_dec.o(.text) for _printf_int_dec
    sample.o(.ARM.exidx) refers to sample.o(.text) for [Anonymous Symbol]
    sample.o(.bss.score) refers (Special) to _printf_percent.o(.ARM.Collect$$_printf_percent$$00000000) for _printf_percent
    sample.o(.bss.score) refers (Special) to _printf_d.o(.ARM.Collect$$_printf_percent$$00000009) for _printf_d
    sample.o(.bss.score) refers (Special) to _printf_dec.o(.text) for _printf_int_dec
    sample.o(.data.mazeGrid) refers (Special) to _printf_percent.o(.ARM.Collect$$_printf_percent$$00000000) for _printf_percent
    sample.o(.data.mazeGrid) refers (Special) to _printf_d.o(.ARM.Collect$$_printf_percent$$00000009) for _printf_d
    sample.o(.data.mazeGrid) refers (Special) to _printf_dec.o(.text) for _printf_int_dec
    sample.o(.rodata.str1.1) refers (Special) to _printf_percent.o(.ARM.Collect$$_printf_percent$$00000000) for _printf_percent
    sample.o(.rodata.str1.1) refers (Special) to _printf_d.o(.ARM.Collect$$_printf_percent$$00000009) for _printf_d
    sample.o(.rodata.str1.1) refers (Special) to _printf_dec.o(.text) for _printf_int_dec
    sample.o(.bss.pacman_x) refers (Special) to _printf_percent.o(.ARM.Collect$$_printf_percent$$00000000) for _printf_percent
    sample.o(.bss.pacman_x) refers (Special) to _printf_d.o(.ARM.Collect$$_printf_percent$$00000009) for _printf_d
    sample.o(.bss.pacman_x) refers (Special) to _printf_dec.o(.text) for _printf_int_dec
    sample.o(.bss.pacman_y) refers (Special) to _printf_percent.o(.ARM.Collect$$_printf_percent$$00000000) for _printf_percent
    sample.o(.bss.pacman_y) refers (Special) to _printf_d.o(.ARM.Collect$$_printf_percent$$00000009) for _printf_d
    sample.o(.bss.pacman_y) refers (Special) to _printf_dec.o(.text) for _printf_int_dec
    sample.o(.ARM.use_no_argv) refers (Special) to _printf_percent.o(.ARM.Collect$$_printf_percent$$00000000) for _printf_percent
    sample.o(.ARM.use_no_argv) refers (Special) to _printf_d.o(.ARM.Collect$$_printf_percent$$00000009) for _printf_d
    sample.o(.ARM.use_no_argv) refers (Special) to _printf_dec.o(.text) for _printf_int_dec
    system_lpc17xx.o(.text) refers to system_lpc17xx.o(.data.SystemFrequency) for SystemFrequency
    system_lpc17xx.o(.ARM.exidx) refers to system_lpc17xx.o(.text) for [Anonymous Symbol]
    irq_timer.o(.text) refers (Special) to _printf_percent.o(.ARM.Collect$$_printf_percent$$00000000) for _printf_percent
    irq_timer.o(.text) refers (Special) to _printf_pad.o(.text) for _printf_pre_padding
    irq_timer.o(.text) refers (Special) to _printf_d.o(.ARM.Collect$$_printf_percent$$00000009) for _printf_d
    irq_timer.o(.text) refers (Special) to _printf_dec.o(.text) for _printf_int_dec
    irq_timer.o(.text) refers to touchpanel.o(.text) for Read_Ads7846
    irq_timer.o(.text) refers to touchpanel.o(.bss.display) for display
    irq_timer.o(.text) refers to touchpanel.o(.bss.matrix) for matrix
    irq_timer.o(.text) refers to irq_timer.o(.rodata..L__const.TIMER0_IRQHandler.mosse) for .L__const.TIMER0_IRQHandler.mosse
    irq_timer.o(.text) refers to glcd.o(.text) for GUI_Text
    irq_timer.o(.text) refers to irq_timer.o(.bss.TIMER0_IRQHandler.clear) for TIMER0_IRQHandler.clear
    irq_timer.o(.text) refers to noretval__2sprintf.o(.text) for __2sprintf
    irq_timer.o(.ARM.exidx) refers (Special) to _printf_percent.o(.ARM.Collect$$_printf_percent$$00000000) for _printf_percent
    irq_timer.o(.ARM.exidx) refers (Special) to _printf_pad.o(.text) for _printf_pre_padding
    irq_timer.o(.ARM.exidx) refers (Special) to _printf_d.o(.ARM.Collect$$_printf_percent$$00000009) for _printf_d
    irq_timer.o(.ARM.exidx) refers (Special) to _printf_dec.o(.text) for _printf_int_dec
    irq_timer.o(.ARM.exidx) refers to irq_timer.o(.text) for [Anonymous Symbol]
    irq_timer.o(.bss.TIMER0_IRQHandler.clear) refers (Special) to _printf_percent.o(.ARM.Collect$$_printf_percent$$00000000) for _printf_percent
    irq_timer.o(.bss.TIMER0_IRQHandler.clear) refers (Special) to _printf_pad.o(.text) for _printf_pre_padding
    irq_timer.o(.bss.TIMER0_IRQHandler.clear) refers (Special) to _printf_d.o(.ARM.Collect$$_printf_percent$$00000009) for _printf_d
    irq_timer.o(.bss.TIMER0_IRQHandler.clear) refers (Special) to _printf_dec.o(.text) for _printf_int_dec
    irq_timer.o(.rodata..L__const.TIMER0_IRQHandler.mosse) refers (Special) to _printf_percent.o(.ARM.Collect$$_printf_percent$$00000000) for _printf_percent
    irq_timer.o(.rodata..L__const.TIMER0_IRQHandler.mosse) refers (Special) to _printf_pad.o(.text) for _printf_pre_padding
    irq_timer.o(.rodata..L__const.TIMER0_IRQHandler.mosse) refers (Special) to _printf_d.o(.ARM.Collect$$_printf_percent$$00000009) for _printf_d
    irq_timer.o(.rodata..L__const.TIMER0_IRQHandler.mosse) refers (Special) to _printf_dec.o(.text) for _printf_int_dec
    lib_timer.o(.ARM.exidx) refers to lib_timer.o(.text) for [Anonymous Symbol]
    asciilib.o(.text) refers to asciilib.o(.rodata.AsciiLib) for AsciiLib
    asciilib.o(.ARM.exidx) refers to asciilib.o(.text) for [Anonymous Symbol]
    glcd.o(.text) refers to glcd.o(.bss.LCD_Code) for LCD_Code
    glcd.o(.text) refers to asciilib.o(.text) for GetASCIICode
    glcd.o(.ARM.exidx) refers to glcd.o(.text) for [Anonymous Symbol]
    hzlib.o(.text) refers to hzlib.o(.rodata.HzLib) for HzLib
    hzlib.o(.text) refers to rt_memcpy_v6.o(.text) for __aeabi_memcpy
    hzlib.o(.ARM.exidx) refers to hzlib.o(.text) for [Anonymous Symbol]
    touchpanel.o(.text) refers to glcd.o(.text) for LCD_SetPoint
    touchpanel.o(.text) refers to rt_memclr_w.o(.text) for __aeabi_memclr4
    touchpanel.o(.text) refers to touchpanel.o(.bss.Read_Ads7846.screen) for Read_Ads7846.screen
    touchpanel.o(.text) refers to dflt_clz.o(x$fpl$dflt) for __aeabi_i2d
    touchpanel.o(.text) refers to dcmp.o(x$fpl$fcmp) for __aeabi_dcmpeq
    touchpanel.o(.text) refers to dmul.o(x$fpl$dmul) for __aeabi_dmul
    touchpanel.o(.text) refers to daddsub_clz.o(x$fpl$dadd) for __aeabi_dadd
    touchpanel.o(.text) refers to ddiv.o(x$fpl$ddiv) for __aeabi_ddiv
    touchpanel.o(.text) refers to dfix.o(x$fpl$dfix) for __aeabi_d2iz
    touchpanel.o(.text) refers to touchpanel.o(.rodata.str1.1) for .L.str
    touchpanel.o(.text) refers to touchpanel.o(.data.DisplaySample) for DisplaySample
    touchpanel.o(.text) refers to touchpanel.o(.bss.ScreenSample) for ScreenSample
    touchpanel.o(.text) refers to touchpanel.o(.bss.matrix) for matrix
    touchpanel.o(.ARM.exidx) refers to touchpanel.o(.text) for [Anonymous Symbol]
    funct_joystick.o(.ARM.exidx) refers to funct_joystick.o(.text) for [Anonymous Symbol]
    lib_joystick.o(.ARM.exidx) refers to lib_joystick.o(.text) for [Anonymous Symbol]
    irq_rit.o(.text) refers to lib_joystick.o(.text) for joystick_read_up
    irq_rit.o(.text) refers to sample.o(.text) for MovePacMan
    irq_rit.o(.ARM.exidx) refers to irq_rit.o(.text) for [Anonymous Symbol]
    lib_rit.o(.ARM.exidx) refers to lib_rit.o(.text) for [Anonymous Symbol]
    __2sprintf.o(.text) refers to _printf_char_common.o(.text) for _printf_char_common
    __2sprintf.o(.text) refers to _sputc.o(.text) for _sputc
    noretval__2sprintf.o(.text) refers to _printf_char_common.o(.text) for _printf_char_common
    noretval__2sprintf.o(.text) refers to _sputc.o(.text) for _sputc
    __printf.o(.text) refers to _printf_percent.o(.ARM.Collect$$_printf_percent$$00000000) for _printf_percent
    _printf_dec.o(.text) refers to _printf_intcommon.o(.text) for _printf_int_common
    __printf_flags.o(.text) refers to _printf_percent.o(.ARM.Collect$$_printf_percent$$00000000) for _printf_percent
    __printf_flags.o(.text) refers to __printf_flags.o(.constdata) for .constdata
    __printf_ss.o(.text) refers to _printf_percent.o(.ARM.Collect$$_printf_percent$$00000000) for _printf_percent
    __printf_flags_ss.o(.text) refers to _printf_percent.o(.ARM.Collect$$_printf_percent$$00000000) for _printf_percent
    __printf_flags_ss.o(.text) refers to __printf_flags_ss.o(.constdata) for .constdata
    __printf_wp.o(.text) refers to __printf_wp.o(i._is_digit) for _is_digit
    __printf_wp.o(.text) refers to _printf_percent.o(.ARM.Collect$$_printf_percent$$00000000) for _printf_percent
    __printf_flags_wp.o(.text) refers to __printf_wp.o(i._is_digit) for _is_digit
    __printf_flags_wp.o(.text) refers to _printf_percent.o(.ARM.Collect$$_printf_percent$$00000000) for _printf_percent
    __printf_flags_wp.o(.text) refers to __printf_flags_wp.o(.constdata) for .constdata
    __printf_ss_wp.o(.text) refers to __printf_wp.o(i._is_digit) for _is_digit
    __printf_ss_wp.o(.text) refers to _printf_percent.o(.ARM.Collect$$_printf_percent$$00000000) for _printf_percent
    __printf_flags_ss_wp.o(.text) refers to __printf_wp.o(i._is_digit) for _is_digit
    __printf_flags_ss_wp.o(.text) refers to _printf_percent.o(.ARM.Collect$$_printf_percent$$00000000) for _printf_percent
    __printf_flags_ss_wp.o(.text) refers to __printf_flags_ss_wp.o(.constdata) for .constdata
    _printf_d.o(.ARM.Collect$$_printf_percent$$00000009) refers (Weak) to _printf_dec.o(.text) for _printf_int_dec
    _printf_percent.o(.ARM.Collect$$_printf_percent$$00000000) refers (Special) to _printf_percent_end.o(.ARM.Collect$$_printf_percent$$00000017) for _printf_percent_end
    rt_memcpy_v6.o(.text) refers to rt_memcpy_w.o(.text) for __aeabi_memcpy4
    __main.o(!!!main) refers to __rtentry.o(.ARM.Collect$$rtentry$$00000000) for __rt_entry
    daddsub_clz.o(x$fpl$dadd) refers (Special) to usenofp.o(x$fpl$usenofp) for __I$use$fp
    daddsub_clz.o(x$fpl$dadd) refers to daddsub_clz.o(x$fpl$dsub) for _dsub1
    daddsub_clz.o(x$fpl$dadd) refers to dretinf.o(x$fpl$dretinf) for __fpl_dretinf
    daddsub_clz.o(x$fpl$dadd) refers to dnaninf.o(x$fpl$dnaninf) for __fpl_dnaninf
    daddsub_clz.o(x$fpl$drsb) refers (Special) to usenofp.o(x$fpl$usenofp) for __I$use$fp
    daddsub_clz.o(x$fpl$drsb) refers to daddsub_clz.o(x$fpl$dadd) for _dadd1
    daddsub_clz.o(x$fpl$drsb) refers to daddsub_clz.o(x$fpl$dsub) for _dsub1
    daddsub_clz.o(x$fpl$dsub) refers (Special) to usenofp.o(x$fpl$usenofp) for __I$use$fp
    daddsub_clz.o(x$fpl$dsub) refers to daddsub_clz.o(x$fpl$dadd) for _dadd1
    daddsub_clz.o(x$fpl$dsub) refers to dnaninf.o(x$fpl$dnaninf) for __fpl_dnaninf
    dcmp.o(x$fpl$fcmp) refers (Special) to usenofp.o(x$fpl$usenofp) for __I$use$fp
    dcmp.o(x$fpl$fcmp) refers to deqf.o(x$fpl$deqf) for _dcmpeq
    dcmp.o(x$fpl$fcmp) refers to dgeqf.o(x$fpl$dgeqf) for _dcmpge
    dcmp.o(x$fpl$fcmp) refers to dleqf.o(x$fpl$dleqf) for _dcmple
    ddiv.o(x$fpl$drdiv) refers (Special) to usenofp.o(x$fpl$usenofp) for __I$use$fp
    ddiv.o(x$fpl$drdiv) refers to ddiv.o(x$fpl$ddiv) for ddiv_entry
    ddiv.o(x$fpl$ddiv) refers (Special) to usenofp.o(x$fpl$usenofp) for __I$use$fp
    ddiv.o(x$fpl$ddiv) refers to dretinf.o(x$fpl$dretinf) for __fpl_dretinf
    ddiv.o(x$fpl$ddiv) refers to dnaninf.o(x$fpl$dnaninf) for __fpl_dnaninf
    dfix.o(x$fpl$dfix) refers (Special) to usenofp.o(x$fpl$usenofp) for __I$use$fp
    dfix.o(x$fpl$dfix) refers to dnaninf.o(x$fpl$dnaninf) for __fpl_dnaninf
    dfix.o(x$fpl$dfixr) refers (Special) to usenofp.o(x$fpl$usenofp) for __I$use$fp
    dfix.o(x$fpl$dfixr) refers to dnaninf.o(x$fpl$dnaninf) for __fpl_dnaninf
    dflt_clz.o(x$fpl$dfltu) refers (Special) to usenofp.o(x$fpl$usenofp) for __I$use$fp
    dflt_clz.o(x$fpl$dflt) refers (Special) to usenofp.o(x$fpl$usenofp) for __I$use$fp
    dflt_clz.o(x$fpl$dfltn) refers (Special) to usenofp.o(x$fpl$usenofp) for __I$use$fp
    dmul.o(x$fpl$dmul) refers (Special) to usenofp.o(x$fpl$usenofp) for __I$use$fp
    dmul.o(x$fpl$dmul) refers to dretinf.o(x$fpl$dretinf) for __fpl_dretinf
    dmul.o(x$fpl$dmul) refers to dnaninf.o(x$fpl$dnaninf) for __fpl_dnaninf
    __rtentry.o(.ARM.Collect$$rtentry$$00000000) refers (Special) to __rtentry2.o(.ARM.Collect$$rtentry$$0000000A) for __rt_entry_li
    __rtentry.o(.ARM.Collect$$rtentry$$00000000) refers (Special) to __rtentry2.o(.ARM.Collect$$rtentry$$0000000D) for __rt_entry_main
    __rtentry.o(.ARM.Collect$$rtentry$$00000000) refers (Special) to __rtentry2.o(.ARM.Collect$$rtentry$$0000000C) for __rt_entry_postli_1
    __rtentry.o(.ARM.Collect$$rtentry$$00000000) refers (Special) to __rtentry2.o(.ARM.Collect$$rtentry$$00000009) for __rt_entry_postsh_1
    __rtentry.o(.ARM.Collect$$rtentry$$00000000) refers (Special) to __rtentry2.o(.ARM.Collect$$rtentry$$00000002) for __rt_entry_presh_1
    __rtentry.o(.ARM.Collect$$rtentry$$00000000) refers (Special) to __rtentry4.o(.ARM.Collect$$rtentry$$00000004) for __rt_entry_sh
    _printf_intcommon.o(.text) refers (Weak) to _printf_pad.o(.text) for _printf_pre_padding
    _printf_intcommon.o(.text) refers (Weak) to _printf_pad.o(.text) for _printf_pre_padding
    _printf_intcommon.o(.text) refers (Weak) to _printf_pad.o(.text) for _printf_post_padding
    _printf_char_common.o(.text) refers to __printf_wp.o(.text) for __printf
    deqf.o(x$fpl$deqf) refers (Special) to usenofp.o(x$fpl$usenofp) for __I$use$fp
    deqf.o(x$fpl$deqf) refers to dnaninf.o(x$fpl$dnaninf) for __fpl_dnaninf
    deqf.o(x$fpl$deqf) refers to dcmpi.o(x$fpl$dcmpinf) for __fpl_dcmp_Inf
    dgeqf.o(x$fpl$dgeqf) refers (Special) to usenofp.o(x$fpl$usenofp) for __I$use$fp
    dgeqf.o(x$fpl$dgeqf) refers to dnaninf.o(x$fpl$dnaninf) for __fpl_dnaninf
    dgeqf.o(x$fpl$dgeqf) refers to dcmpi.o(x$fpl$dcmpinf) for __fpl_dcmp_Inf
    dleqf.o(x$fpl$dleqf) refers (Special) to usenofp.o(x$fpl$usenofp) for __I$use$fp
    dleqf.o(x$fpl$dleqf) refers to dnaninf.o(x$fpl$dnaninf) for __fpl_dnaninf
    dleqf.o(x$fpl$dleqf) refers to dcmpi.o(x$fpl$dcmpinf) for __fpl_dcmp_Inf
    dnaninf.o(x$fpl$dnaninf) refers (Special) to usenofp.o(x$fpl$usenofp) for __I$use$fp
    dretinf.o(x$fpl$dretinf) refers (Special) to usenofp.o(x$fpl$usenofp) for __I$use$fp
    __rtentry2.o(.ARM.Collect$$rtentry$$00000008) refers to boardinit2.o(.text) for _platform_post_stackheap_init
    __rtentry2.o(.ARM.Collect$$rtentry$$0000000A) refers to libinit.o(.ARM.Collect$$libinit$$00000000) for __rt_lib_init
    __rtentry2.o(.ARM.Collect$$rtentry$$0000000B) refers to boardinit3.o(.text) for _platform_post_lib_init
    __rtentry2.o(.ARM.Collect$$rtentry$$0000000D) refers to sample.o(.text) for main
    __rtentry2.o(.ARM.Collect$$rtentry$$0000000D) refers to exit.o(.text) for exit
    __rtentry2.o(.ARM.exidx) refers to __rtentry2.o(.ARM.Collect$$rtentry$$00000001) for .ARM.Collect$$rtentry$$00000001
    __rtentry2.o(.ARM.exidx) refers to __rtentry2.o(.ARM.Collect$$rtentry$$00000008) for .ARM.Collect$$rtentry$$00000008
    __rtentry2.o(.ARM.exidx) refers to __rtentry2.o(.ARM.Collect$$rtentry$$0000000A) for .ARM.Collect$$rtentry$$0000000A
    __rtentry2.o(.ARM.exidx) refers to __rtentry2.o(.ARM.Collect$$rtentry$$0000000B) for .ARM.Collect$$rtentry$$0000000B
    __rtentry2.o(.ARM.exidx) refers to __rtentry2.o(.ARM.Collect$$rtentry$$0000000D) for .ARM.Collect$$rtentry$$0000000D
    __rtentry4.o(.ARM.Collect$$rtentry$$00000004) refers to sys_stackheap_outer.o(.text) for __user_setup_stackheap
    __rtentry4.o(.ARM.exidx) refers to __rtentry4.o(.ARM.Collect$$rtentry$$00000004) for .ARM.Collect$$rtentry$$00000004
    dcmpi.o(x$fpl$dcmpinf) refers (Special) to usenofp.o(x$fpl$usenofp) for __I$use$fp
    sys_stackheap_outer.o(.text) refers to libspace.o(.text) for __user_perproc_libspace
    sys_stackheap_outer.o(.text) refers to startup_lpc17xx.o(.text) for __user_initial_stackheap
    exit.o(.text) refers to rtexit.o(.ARM.Collect$$rtexit$$00000000) for __rt_exit
    libinit.o(.ARM.Collect$$libinit$$00000000) refers (Special) to libinit2.o(.ARM.Collect$$libinit$$00000030) for __rt_lib_init_alloca_1
    libinit.o(.ARM.Collect$$libinit$$00000000) refers (Special) to libinit2.o(.ARM.Collect$$libinit$$0000002E) for __rt_lib_init_argv_1
    libinit.o(.ARM.Collect$$libinit$$00000000) refers (Special) to libinit2.o(.ARM.Collect$$libinit$$0000001D) for __rt_lib_init_atexit_1
    libinit.o(.ARM.Collect$$libinit$$00000000) refers (Special) to libinit2.o(.ARM.Collect$$libinit$$00000023) for __rt_lib_init_clock_1
    libinit.o(.ARM.Collect$$libinit$$00000000) refers (Special) to libinit2.o(.ARM.Collect$$libinit$$00000034) for __rt_lib_init_cpp_1
    libinit.o(.ARM.Collect$$libinit$$00000000) refers (Special) to libinit2.o(.ARM.Collect$$libinit$$00000032) for __rt_lib_init_exceptions_1
    libinit.o(.ARM.Collect$$libinit$$00000000) refers (Special) to libinit2.o(.ARM.Collect$$libinit$$00000002) for __rt_lib_init_fp_1
    libinit.o(.ARM.Collect$$libinit$$00000000) refers (Special) to libinit2.o(.ARM.Collect$$libinit$$00000021) for __rt_lib_init_fp_trap_1
    libinit.o(.ARM.Collect$$libinit$$00000000) refers (Special) to libinit2.o(.ARM.Collect$$libinit$$00000025) for __rt_lib_init_getenv_1
    libinit.o(.ARM.Collect$$libinit$$00000000) refers (Special) to libinit2.o(.ARM.Collect$$libinit$$0000000C) for __rt_lib_init_heap_1
    libinit.o(.ARM.Collect$$libinit$$00000000) refers (Special) to libinit2.o(.ARM.Collect$$libinit$$00000013) for __rt_lib_init_lc_collate_1
    libinit.o(.ARM.Collect$$libinit$$00000000) refers (Special) to libinit2.o(.ARM.Collect$$libinit$$00000015) for __rt_lib_init_lc_ctype_1
    libinit.o(.ARM.Collect$$libinit$$00000000) refers (Special) to libinit2.o(.ARM.Collect$$libinit$$00000017) for __rt_lib_init_lc_monetary_1
    libinit.o(.ARM.Collect$$libinit$$00000000) refers (Special) to libinit2.o(.ARM.Collect$$libinit$$00000019) for __rt_lib_init_lc_numeric_1
    libinit.o(.ARM.Collect$$libinit$$00000000) refers (Special) to libinit2.o(.ARM.Collect$$libinit$$0000001B) for __rt_lib_init_lc_time_1
    libinit.o(.ARM.Collect$$libinit$$00000000) refers (Special) to libinit2.o(.ARM.Collect$$libinit$$00000006) for __rt_lib_init_preinit_1
    libinit.o(.ARM.Collect$$libinit$$00000000) refers (Special) to libinit2.o(.ARM.Collect$$libinit$$00000010) for __rt_lib_init_rand_1
    libinit.o(.ARM.Collect$$libinit$$00000000) refers (Special) to libinit2.o(.ARM.Collect$$libinit$$00000004) for __rt_lib_init_relocate_pie_1
    libinit.o(.ARM.Collect$$libinit$$00000000) refers (Special) to libinit2.o(.ARM.Collect$$libinit$$00000035) for __rt_lib_init_return
    libinit.o(.ARM.Collect$$libinit$$00000000) refers (Special) to libinit2.o(.ARM.Collect$$libinit$$0000001F) for __rt_lib_init_signal_1
    libinit.o(.ARM.Collect$$libinit$$00000000) refers (Special) to libinit2.o(.ARM.Collect$$libinit$$00000027) for __rt_lib_init_stdio_1
    libinit.o(.ARM.Collect$$libinit$$00000000) refers (Special) to libinit2.o(.ARM.Collect$$libinit$$0000000E) for __rt_lib_init_user_alloc_1
    libspace.o(.text) refers to libspace.o(.bss) for __libspace_start
    rtexit.o(.ARM.Collect$$rtexit$$00000000) refers (Special) to rtexit2.o(.ARM.Collect$$rtexit$$00000004) for __rt_exit_exit
    rtexit.o(.ARM.Collect$$rtexit$$00000000) refers (Special) to rtexit2.o(.ARM.Collect$$rtexit$$00000003) for __rt_exit_ls
    rtexit.o(.ARM.Collect$$rtexit$$00000000) refers (Special) to rtexit2.o(.ARM.Collect$$rtexit$$00000002) for __rt_exit_prels_1
    rtexit.o(.ARM.exidx) refers (Special) to rtexit2.o(.ARM.Collect$$rtexit$$00000004) for __rt_exit_exit
    rtexit.o(.ARM.exidx) refers (Special) to rtexit2.o(.ARM.Collect$$rtexit$$00000003) for __rt_exit_ls
    rtexit.o(.ARM.exidx) refers (Special) to rtexit2.o(.ARM.Collect$$rtexit$$00000002) for __rt_exit_prels_1
    rtexit.o(.ARM.exidx) refers to rtexit.o(.ARM.Collect$$rtexit$$00000000) for .ARM.Collect$$rtexit$$00000000
    libinit2.o(.ARM.Collect$$libinit$$00000012) refers to libinit2.o(.ARM.Collect$$libinit$$00000011) for .ARM.Collect$$libinit$$00000011
    libinit2.o(.ARM.Collect$$libinit$$00000014) refers to libinit2.o(.ARM.Collect$$libinit$$00000011) for .ARM.Collect$$libinit$$00000011
    libinit2.o(.ARM.Collect$$libinit$$00000016) refers to libinit2.o(.ARM.Collect$$libinit$$00000011) for .ARM.Collect$$libinit$$00000011
    libinit2.o(.ARM.Collect$$libinit$$00000018) refers to libinit2.o(.ARM.Collect$$libinit$$00000011) for .ARM.Collect$$libinit$$00000011
    libinit2.o(.ARM.Collect$$libinit$$0000001A) refers to libinit2.o(.ARM.Collect$$libinit$$00000011) for .ARM.Collect$$libinit$$00000011
    libinit2.o(.ARM.Collect$$libinit$$00000028) refers to argv_veneer.o(.emb_text) for __ARM_argv_veneer
    libinit2.o(.ARM.Collect$$libinit$$00000029) refers to argv_veneer.o(.emb_text) for __ARM_argv_veneer
    rtexit2.o(.ARM.Collect$$rtexit$$00000003) refers to libshutdown.o(.ARM.Collect$$libshutdown$$00000000) for __rt_lib_shutdown
    rtexit2.o(.ARM.Collect$$rtexit$$00000004) refers to sys_exit.o(.text) for _sys_exit
    rtexit2.o(.ARM.exidx) refers to rtexit2.o(.ARM.Collect$$rtexit$$00000001) for .ARM.Collect$$rtexit$$00000001
    rtexit2.o(.ARM.exidx) refers to rtexit2.o(.ARM.Collect$$rtexit$$00000003) for .ARM.Collect$$rtexit$$00000003
    rtexit2.o(.ARM.exidx) refers to rtexit2.o(.ARM.Collect$$rtexit$$00000004) for .ARM.Collect$$rtexit$$00000004
    argv_veneer.o(.emb_text) refers to no_argv.o(.text) for __ARM_get_argv
    sys_exit.o(.text) refers (Special) to use_no_semi.o(.text) for __I$use$semihosting
    sys_exit.o(.text) refers (Special) to indicate_semi.o(.text) for __semihosting_library_function
    sys_exit_hlt.o(.text) refers (Special) to use_no_semi.o(.text) for __I$use$semihosting
    sys_exit_hlt.o(.text) refers (Special) to indicate_semi.o(.text) for __semihosting_library_function
    _get_argv_nomalloc.o(.text) refers (Special) to hrguard.o(.text) for __heap_region$guard
    _get_argv_nomalloc.o(.text) refers to defsig_rtmem_outer.o(.text) for __rt_SIGRTMEM
    _get_argv_nomalloc.o(.text) refers to sys_command.o(.text) for _sys_command_string
    libshutdown.o(.ARM.Collect$$libshutdown$$00000000) refers (Special) to libshutdown2.o(.ARM.Collect$$libshutdown$$00000002) for __rt_lib_shutdown_cpp_1
    libshutdown.o(.ARM.Collect$$libshutdown$$00000000) refers (Special) to libshutdown2.o(.ARM.Collect$$libshutdown$$00000007) for __rt_lib_shutdown_fp_trap_1
    libshutdown.o(.ARM.Collect$$libshutdown$$00000000) refers (Special) to libshutdown2.o(.ARM.Collect$$libshutdown$$0000000F) for __rt_lib_shutdown_heap_1
    libshutdown.o(.ARM.Collect$$libshutdown$$00000000) refers (Special) to libshutdown2.o(.ARM.Collect$$libshutdown$$00000010) for __rt_lib_shutdown_return
    libshutdown.o(.ARM.Collect$$libshutdown$$00000000) refers (Special) to libshutdown2.o(.ARM.Collect$$libshutdown$$0000000A) for __rt_lib_shutdown_signal_1
    libshutdown.o(.ARM.Collect$$libshutdown$$00000000) refers (Special) to libshutdown2.o(.ARM.Collect$$libshutdown$$00000004) for __rt_lib_shutdown_stdio_1
    libshutdown.o(.ARM.Collect$$libshutdown$$00000000) refers (Special) to libshutdown2.o(.ARM.Collect$$libshutdown$$0000000C) for __rt_lib_shutdown_user_alloc_1
    sys_command.o(.text) refers (Special) to use_no_semi.o(.text) for __I$use$semihosting
    sys_command.o(.text) refers (Special) to indicate_semi.o(.text) for __semihosting_library_function
    sys_command_hlt.o(.text) refers (Special) to use_no_semi.o(.text) for __I$use$semihosting
    sys_command_hlt.o(.text) refers (Special) to indicate_semi.o(.text) for __semihosting_library_function
    defsig_rtmem_outer.o(.text) refers to defsig_rtmem_inner.o(.text) for __rt_SIGRTMEM_inner
    defsig_rtmem_outer.o(.text) refers to defsig_exit.o(.text) for __sig_exit
    defsig_rtmem_formal.o(.text) refers to rt_raise.o(.text) for __rt_raise
    rt_raise.o(.text) refers to __raise.o(.text) for __raise
    rt_raise.o(.text) refers to sys_exit.o(.text) for _sys_exit
    defsig_exit.o(.text) refers to sys_exit.o(.text) for _sys_exit
    defsig_rtmem_inner.o(.text) refers to defsig_general.o(.text) for __default_signal_display
    __raise.o(.text) refers to defsig.o(CL$$defsig) for __default_signal_handler
    defsig_general.o(.text) refers to sys_wrch.o(.text) for _ttywrch
    sys_wrch.o(.text) refers (Special) to use_no_semi.o(.text) for __I$use$semihosting
    sys_wrch.o(.text) refers (Special) to indicate_semi.o(.text) for __semihosting_library_function
    sys_wrch_hlt.o(.text) refers (Special) to use_no_semi.o(.text) for __I$use$semihosting
    sys_wrch_hlt.o(.text) refers (Special) to indicate_semi.o(.text) for __semihosting_library_function
    defsig.o(CL$$defsig) refers to defsig_rtmem_inner.o(.text) for __rt_SIGRTMEM_inner
    defsig_abrt_inner.o(.text) refers to defsig_general.o(.text) for __default_signal_display
    defsig_fpe_inner.o(.text) refers to defsig_general.o(.text) for __default_signal_display
    defsig_rtred_inner.o(.text) refers to defsig_general.o(.text) for __default_signal_display
    defsig_stak_inner.o(.text) refers to defsig_general.o(.text) for __default_signal_display
    defsig_pvfn_inner.o(.text) refers to defsig_general.o(.text) for __default_signal_display
    defsig_cppl_inner.o(.text) refers to defsig_general.o(.text) for __default_signal_display
    defsig_segv_inner.o(.text) refers to defsig_general.o(.text) for __default_signal_display
    defsig_other.o(.text) refers to defsig_general.o(.text) for __default_signal_display


==============================================================================

Removing Unused input sections from the image.

    Removing sample.o(.ARM.exidx), (64 bytes).
    Removing sample.o(.ARM.use_no_argv), (4 bytes).
    Removing system_lpc17xx.o(.ARM.exidx), (8 bytes).
    Removing irq_timer.o(.ARM.exidx), (16 bytes).
    Removing lib_timer.o(.text), (172 bytes).
    Removing lib_timer.o(.ARM.exidx), (32 bytes).
    Removing asciilib.o(.ARM.exidx), (8 bytes).
    Removing glcd.o(.ARM.exidx), (120 bytes).
    Removing hzlib.o(.text), (36 bytes).
    Removing hzlib.o(.ARM.exidx), (8 bytes).
    Removing hzlib.o(.rodata.HzLib), (216576 bytes).
    Removing touchpanel.o(.ARM.exidx), (128 bytes).
    Removing funct_joystick.o(.text), (2 bytes).
    Removing funct_joystick.o(.ARM.exidx), (8 bytes).
    Removing lib_joystick.o(.ARM.exidx), (40 bytes).
    Removing irq_rit.o(.ARM.exidx), (8 bytes).
    Removing lib_rit.o(.ARM.exidx), (32 bytes).

17 unused section(s) (total 217262 bytes) removed from the image.

==============================================================================

Image Symbol Table

    Local Symbols

    Symbol Name                              Value     Ov Type        Size  Object(Section)

    ../clib/angel/boardlib.s                 0x00000000   Number         0  boardinit1.o ABSOLUTE
    ../clib/angel/boardlib.s                 0x00000000   Number         0  boardinit2.o ABSOLUTE
    ../clib/angel/boardlib.s                 0x00000000   Number         0  boardinit3.o ABSOLUTE
    ../clib/angel/boardlib.s                 0x00000000   Number         0  boardshut.o ABSOLUTE
    ../clib/angel/dczerorl2.s                0x00000000   Number         0  __dczerorl2.o ABSOLUTE
    ../clib/angel/handlers.s                 0x00000000   Number         0  __scatter_zi.o ABSOLUTE
    ../clib/angel/kernel.s                   0x00000000   Number         0  __rtentry.o ABSOLUTE
    ../clib/angel/kernel.s                   0x00000000   Number         0  __rtentry2.o ABSOLUTE
    ../clib/angel/kernel.s                   0x00000000   Number         0  __rtentry4.o ABSOLUTE
    ../clib/angel/kernel.s                   0x00000000   Number         0  rtexit.o ABSOLUTE
    ../clib/angel/kernel.s                   0x00000000   Number         0  rtexit2.o ABSOLUTE
    ../clib/angel/rt.s                       0x00000000   Number         0  rt_raise.o ABSOLUTE
    ../clib/angel/scatter.s                  0x00000000   Number         0  __scatter.o ABSOLUTE
    ../clib/angel/startup.s                  0x00000000   Number         0  __main.o ABSOLUTE
    ../clib/angel/sys.s                      0x00000000   Number         0  sys_stackheap_outer.o ABSOLUTE
    ../clib/angel/sys.s                      0x00000000   Number         0  libspace.o ABSOLUTE
    ../clib/angel/sys.s                      0x00000000   Number         0  use_no_semi.o ABSOLUTE
    ../clib/angel/sys.s                      0x00000000   Number         0  indicate_semi.o ABSOLUTE
    ../clib/angel/sysapp.c                   0x00000000   Number         0  sys_exit.o ABSOLUTE
    ../clib/angel/sysapp.c                   0x00000000   Number         0  sys_exit_hlt.o ABSOLUTE
    ../clib/angel/sysapp.c                   0x00000000   Number         0  sys_command.o ABSOLUTE
    ../clib/angel/sysapp.c                   0x00000000   Number         0  sys_command_hlt.o ABSOLUTE
    ../clib/angel/sysapp.c                   0x00000000   Number         0  sys_wrch.o ABSOLUTE
    ../clib/angel/sysapp.c                   0x00000000   Number         0  sys_wrch_hlt.o ABSOLUTE
    ../clib/armsys.c                         0x00000000   Number         0  argv_veneer.o ABSOLUTE
    ../clib/armsys.c                         0x00000000   Number         0  argv_veneer.o ABSOLUTE
    ../clib/armsys.c                         0x00000000   Number         0  _get_argv_nomalloc.o ABSOLUTE
    ../clib/armsys.c                         0x00000000   Number         0  no_argv.o ABSOLUTE
    ../clib/heapalloc.c                      0x00000000   Number         0  hrguard.o ABSOLUTE
    ../clib/heapaux.c                        0x00000000   Number         0  heapauxi.o ABSOLUTE
    ../clib/libinit.s                        0x00000000   Number         0  libinit.o ABSOLUTE
    ../clib/libinit.s                        0x00000000   Number         0  libinit2.o ABSOLUTE
    ../clib/libinit.s                        0x00000000   Number         0  libshutdown.o ABSOLUTE
    ../clib/libinit.s                        0x00000000   Number         0  libshutdown2.o ABSOLUTE
    ../clib/memcpset.s                       0x00000000   Number         0  rt_memcpy_v6.o ABSOLUTE
    ../clib/memcpset.s                       0x00000000   Number         0  rt_memclr_w.o ABSOLUTE
    ../clib/memcpset.s                       0x00000000   Number         0  rt_memcpy_w.o ABSOLUTE
    ../clib/misc.s                           0x00000000   Number         0  printf_stubs.o ABSOLUTE
    ../clib/printf.c                         0x00000000   Number         0  __2sprintf.o ABSOLUTE
    ../clib/printf.c                         0x00000000   Number         0  noretval__2sprintf.o ABSOLUTE
    ../clib/printf.c                         0x00000000   Number         0  __printf.o ABSOLUTE
    ../clib/printf.c                         0x00000000   Number         0  _printf_pad.o ABSOLUTE
    ../clib/printf.c                         0x00000000   Number         0  _printf_dec.o ABSOLUTE
    ../clib/printf.c                         0x00000000   Number         0  __printf_flags.o ABSOLUTE
    ../clib/printf.c                         0x00000000   Number         0  __printf_ss.o ABSOLUTE
    ../clib/printf.c                         0x00000000   Number         0  __printf_flags_ss.o ABSOLUTE
    ../clib/printf.c                         0x00000000   Number         0  __printf_wp.o ABSOLUTE
    ../clib/printf.c                         0x00000000   Number         0  __printf_flags_wp.o ABSOLUTE
    ../clib/printf.c                         0x00000000   Number         0  __printf_ss_wp.o ABSOLUTE
    ../clib/printf.c                         0x00000000   Number         0  __printf_flags_ss_wp.o ABSOLUTE
    ../clib/printf.c                         0x00000000   Number         0  _printf_intcommon.o ABSOLUTE
    ../clib/printf.c                         0x00000000   Number         0  _printf_char_common.o ABSOLUTE
    ../clib/printf.c                         0x00000000   Number         0  _sputc.o ABSOLUTE
    ../clib/printf.c                         0x00000000   Number         0  __printf_nopercent.o ABSOLUTE
    ../clib/printf_percent.s                 0x00000000   Number         0  _printf_d.o ABSOLUTE
    ../clib/printf_percent.s                 0x00000000   Number         0  _printf_percent.o ABSOLUTE
    ../clib/printf_percent.s                 0x00000000   Number         0  _printf_percent_end.o ABSOLUTE
    ../clib/signal.c                         0x00000000   Number         0  defsig_rtmem_outer.o ABSOLUTE
    ../clib/signal.c                         0x00000000   Number         0  defsig_rtmem_formal.o ABSOLUTE
    ../clib/signal.c                         0x00000000   Number         0  defsig_exit.o ABSOLUTE
    ../clib/signal.c                         0x00000000   Number         0  defsig_rtmem_inner.o ABSOLUTE
    ../clib/signal.c                         0x00000000   Number         0  __raise.o ABSOLUTE
    ../clib/signal.c                         0x00000000   Number         0  defsig_general.o ABSOLUTE
    ../clib/signal.c                         0x00000000   Number         0  defsig_abrt_inner.o ABSOLUTE
    ../clib/signal.c                         0x00000000   Number         0  defsig_fpe_inner.o ABSOLUTE
    ../clib/signal.c                         0x00000000   Number         0  defsig_rtred_inner.o ABSOLUTE
    ../clib/signal.c                         0x00000000   Number         0  defsig_stak_inner.o ABSOLUTE
    ../clib/signal.c                         0x00000000   Number         0  defsig_pvfn_inner.o ABSOLUTE
    ../clib/signal.c                         0x00000000   Number         0  defsig_cppl_inner.o ABSOLUTE
    ../clib/signal.c                         0x00000000   Number         0  defsig_segv_inner.o ABSOLUTE
    ../clib/signal.c                         0x00000000   Number         0  defsig_other.o ABSOLUTE
    ../clib/signal.s                         0x00000000   Number         0  defsig.o ABSOLUTE
    ../clib/stdlib.c                         0x00000000   Number         0  exit.o ABSOLUTE
    ../fplib/daddsub.s                       0x00000000   Number         0  daddsub_clz.o ABSOLUTE
    ../fplib/dcmp.s                          0x00000000   Number         0  dcmp.o ABSOLUTE
    ../fplib/dcmpi.s                         0x00000000   Number         0  dcmpi.o ABSOLUTE
    ../fplib/ddiv.s                          0x00000000   Number         0  ddiv.o ABSOLUTE
    ../fplib/deqf.s                          0x00000000   Number         0  deqf.o ABSOLUTE
    ../fplib/dfix.s                          0x00000000   Number         0  dfix.o ABSOLUTE
    ../fplib/dflt.s                          0x00000000   Number         0  dflt_clz.o ABSOLUTE
    ../fplib/dgeqf.s                         0x00000000   Number         0  dgeqf.o ABSOLUTE
    ../fplib/dleqf.s                         0x00000000   Number         0  dleqf.o ABSOLUTE
    ../fplib/dmul.s                          0x00000000   Number         0  dmul.o ABSOLUTE
    ../fplib/dnaninf.s                       0x00000000   Number         0  dnaninf.o ABSOLUTE
    ../fplib/dretinf.s                       0x00000000   Number         0  dretinf.o ABSOLUTE
    ../fplib/fpinit.s                        0x00000000   Number         0  fpinit.o ABSOLUTE
    ../fplib/fpinit_empty.s                  0x00000000   Number         0  fpinit_empty.o ABSOLUTE
    ../fplib/usenofp.s                       0x00000000   Number         0  usenofp.o ABSOLUTE
    AsciiLib.c                               0x00000000   Number         0  asciilib.o ABSOLUTE
    GLCD.c                                   0x00000000   Number         0  glcd.o ABSOLUTE
    HzLib.c                                  0x00000000   Number         0  hzlib.o ABSOLUTE
    IRQ_RIT.c                                0x00000000   Number         0  irq_rit.o ABSOLUTE
    IRQ_timer.c                              0x00000000   Number         0  irq_timer.o ABSOLUTE
    Source\startup_LPC17xx.s                 0x00000000   Number         0  startup_lpc17xx.o ABSOLUTE
    TouchPanel.c                             0x00000000   Number         0  touchpanel.o ABSOLUTE
    dc.s                                     0x00000000   Number         0  dc.o ABSOLUTE
    funct_joystick.c                         0x00000000   Number         0  funct_joystick.o ABSOLUTE
    lib_RIT.c                                0x00000000   Number         0  lib_rit.o ABSOLUTE
    lib_joystick.c                           0x00000000   Number         0  lib_joystick.o ABSOLUTE
    lib_timer.c                              0x00000000   Number         0  lib_timer.o ABSOLUTE
    sample.c                                 0x00000000   Number         0  sample.o ABSOLUTE
    system_LPC17xx.c                         0x00000000   Number         0  system_lpc17xx.o ABSOLUTE
    RESET                                    0x00000000   Section      204  startup_lpc17xx.o(RESET)
    !!!main                                  0x000000cc   Section        8  __main.o(!!!main)
    !!!scatter                               0x000000d4   Section       92  __scatter.o(!!!scatter)
    !!dczerorl2                              0x00000130   Section       90  __dczerorl2.o(!!dczerorl2)
    !!handler_null                           0x0000018c   Section        2  __scatter.o(!!handler_null)
    !!handler_zi                             0x00000190   Section       28  __scatter_zi.o(!!handler_zi)
    .ARM.Collect$$_printf_percent$$00000000  0x000001ac   Section        0  _printf_percent.o(.ARM.Collect$$_printf_percent$$00000000)
    .ARM.Collect$$_printf_percent$$00000009  0x000001ac   Section        6  _printf_d.o(.ARM.Collect$$_printf_percent$$00000009)
    .ARM.Collect$$_printf_percent$$00000017  0x000001b2   Section        4  _printf_percent_end.o(.ARM.Collect$$_printf_percent$$00000017)
    .ARM.Collect$$libinit$$00000000          0x000001b6   Section        2  libinit.o(.ARM.Collect$$libinit$$00000000)
    .ARM.Collect$$libinit$$00000002          0x000001b8   Section        0  libinit2.o(.ARM.Collect$$libinit$$00000002)
    .ARM.Collect$$libinit$$00000004          0x000001b8   Section        0  libinit2.o(.ARM.Collect$$libinit$$00000004)
    .ARM.Collect$$libinit$$00000006          0x000001b8   Section        0  libinit2.o(.ARM.Collect$$libinit$$00000006)
    .ARM.Collect$$libinit$$0000000C          0x000001b8   Section        0  libinit2.o(.ARM.Collect$$libinit$$0000000C)
    .ARM.Collect$$libinit$$0000000E          0x000001b8   Section        0  libinit2.o(.ARM.Collect$$libinit$$0000000E)
    .ARM.Collect$$libinit$$00000010          0x000001b8   Section        0  libinit2.o(.ARM.Collect$$libinit$$00000010)
    .ARM.Collect$$libinit$$00000013          0x000001b8   Section        0  libinit2.o(.ARM.Collect$$libinit$$00000013)
    .ARM.Collect$$libinit$$00000015          0x000001b8   Section        0  libinit2.o(.ARM.Collect$$libinit$$00000015)
    .ARM.Collect$$libinit$$00000017          0x000001b8   Section        0  libinit2.o(.ARM.Collect$$libinit$$00000017)
    .ARM.Collect$$libinit$$00000019          0x000001b8   Section        0  libinit2.o(.ARM.Collect$$libinit$$00000019)
    .ARM.Collect$$libinit$$0000001B          0x000001b8   Section        0  libinit2.o(.ARM.Collect$$libinit$$0000001B)
    .ARM.Collect$$libinit$$0000001D          0x000001b8   Section        0  libinit2.o(.ARM.Collect$$libinit$$0000001D)
    .ARM.Collect$$libinit$$0000001F          0x000001b8   Section        0  libinit2.o(.ARM.Collect$$libinit$$0000001F)
    .ARM.Collect$$libinit$$00000021          0x000001b8   Section        0  libinit2.o(.ARM.Collect$$libinit$$00000021)
    .ARM.Collect$$libinit$$00000023          0x000001b8   Section        0  libinit2.o(.ARM.Collect$$libinit$$00000023)
    .ARM.Collect$$libinit$$00000025          0x000001b8   Section        0  libinit2.o(.ARM.Collect$$libinit$$00000025)
    .ARM.Collect$$libinit$$00000027          0x000001b8   Section        0  libinit2.o(.ARM.Collect$$libinit$$00000027)
    .ARM.Collect$$libinit$$0000002E          0x000001b8   Section        0  libinit2.o(.ARM.Collect$$libinit$$0000002E)
    .ARM.Collect$$libinit$$00000030          0x000001b8   Section        0  libinit2.o(.ARM.Collect$$libinit$$00000030)
    .ARM.Collect$$libinit$$00000032          0x000001b8   Section        0  libinit2.o(.ARM.Collect$$libinit$$00000032)
    .ARM.Collect$$libinit$$00000034          0x000001b8   Section        0  libinit2.o(.ARM.Collect$$libinit$$00000034)
    .ARM.Collect$$libinit$$00000035          0x000001b8   Section        2  libinit2.o(.ARM.Collect$$libinit$$00000035)
    .ARM.Collect$$libshutdown$$00000000      0x000001ba   Section        2  libshutdown.o(.ARM.Collect$$libshutdown$$00000000)
    .ARM.Collect$$libshutdown$$00000002      0x000001bc   Section        0  libshutdown2.o(.ARM.Collect$$libshutdown$$00000002)
    .ARM.Collect$$libshutdown$$00000004      0x000001bc   Section        0  libshutdown2.o(.ARM.Collect$$libshutdown$$00000004)
    .ARM.Collect$$libshutdown$$00000007      0x000001bc   Section        0  libshutdown2.o(.ARM.Collect$$libshutdown$$00000007)
    .ARM.Collect$$libshutdown$$0000000A      0x000001bc   Section        0  libshutdown2.o(.ARM.Collect$$libshutdown$$0000000A)
    .ARM.Collect$$libshutdown$$0000000C      0x000001bc   Section        0  libshutdown2.o(.ARM.Collect$$libshutdown$$0000000C)
    .ARM.Collect$$libshutdown$$0000000F      0x000001bc   Section        0  libshutdown2.o(.ARM.Collect$$libshutdown$$0000000F)
    .ARM.Collect$$libshutdown$$00000010      0x000001bc   Section        2  libshutdown2.o(.ARM.Collect$$libshutdown$$00000010)
    .ARM.Collect$$rtentry$$00000000          0x000001be   Section        0  __rtentry.o(.ARM.Collect$$rtentry$$00000000)
    .ARM.Collect$$rtentry$$00000002          0x000001be   Section        0  __rtentry2.o(.ARM.Collect$$rtentry$$00000002)
    .ARM.Collect$$rtentry$$00000004          0x000001be   Section        6  __rtentry4.o(.ARM.Collect$$rtentry$$00000004)
    .ARM.Collect$$rtentry$$00000009          0x000001c4   Section        0  __rtentry2.o(.ARM.Collect$$rtentry$$00000009)
    .ARM.Collect$$rtentry$$0000000A          0x000001c4   Section        4  __rtentry2.o(.ARM.Collect$$rtentry$$0000000A)
    .ARM.Collect$$rtentry$$0000000C          0x000001c8   Section        0  __rtentry2.o(.ARM.Collect$$rtentry$$0000000C)
    .ARM.Collect$$rtentry$$0000000D          0x000001c8   Section        8  __rtentry2.o(.ARM.Collect$$rtentry$$0000000D)
    .ARM.Collect$$rtexit$$00000000           0x000001d0   Section        2  rtexit.o(.ARM.Collect$$rtexit$$00000000)
    .ARM.Collect$$rtexit$$00000002           0x000001d2   Section        0  rtexit2.o(.ARM.Collect$$rtexit$$00000002)
    .ARM.Collect$$rtexit$$00000003           0x000001d2   Section        4  rtexit2.o(.ARM.Collect$$rtexit$$00000003)
    .ARM.Collect$$rtexit$$00000004           0x000001d6   Section        6  rtexit2.o(.ARM.Collect$$rtexit$$00000004)
    .text                                    0x000001dc   Section       52  startup_lpc17xx.o(.text)
    [Anonymous Symbol]                       0x00000210   Section        0  asciilib.o(.text)
    [Anonymous Symbol]                       0x0000023c   Section        0  lib_joystick.o(.text)
    .text                                    0x000002de   Section        0  heapauxi.o(.text)
    .text                                    0x000002e4   Section        0  _sputc.o(.text)
    .text                                    0x000002f0   Section        8  libspace.o(.text)
    .text                                    0x000002f8   Section        2  use_no_semi.o(.text)
    .text                                    0x000002fa   Section        0  indicate_semi.o(.text)
    x$fpl$usenofp                            0x000002fa   Section        0  usenofp.o(x$fpl$usenofp)
    .ARM.__at_0x02FC                         0x000002fc   Section        4  startup_lpc17xx.o(.ARM.__at_0x02FC)
    [Anonymous Symbol]                       0x00000300   Section        0  sample.o(.text)
    [Anonymous Symbol]                       0x00000628   Section        0  system_lpc17xx.o(.text)
    [Anonymous Symbol]                       0x00000758   Section        0  irq_timer.o(.text)
    [Anonymous Symbol]                       0x00000890   Section        0  glcd.o(.text)
    LCD_Configuration                        0x0000379d   Thumb Code    32  glcd.o(.text)
    delay_ms                                 0x000037bd   Thumb Code    82  glcd.o(.text)
    LCD_SetCursor                            0x00003ffd   Thumb Code  1932  glcd.o(.text)
    LCD_BGR2RGB                              0x00004cb5   Thumb Code    72  glcd.o(.text)
    wait_delay                               0x0000548d   Thumb Code    22  glcd.o(.text)
    [Anonymous Symbol]                       0x000054a4   Section        0  touchpanel.o(.text)
    ADS7843_SPI_Init                         0x00005509   Thumb Code   148  touchpanel.o(.text)
    DelayUS                                  0x000055dd   Thumb Code    58  touchpanel.o(.text)
    WR_CMD                                   0x00005619   Thumb Code    98  touchpanel.o(.text)
    RD_AD                                    0x0000567d   Thumb Code    86  touchpanel.o(.text)
    [Anonymous Symbol]                       0x000061d0   Section        0  irq_rit.o(.text)
    [Anonymous Symbol]                       0x00006218   Section        0  lib_rit.o(.text)
    .text                                    0x00006298   Section        0  noretval__2sprintf.o(.text)
    .text                                    0x000062c0   Section        0  _printf_pad.o(.text)
    .text                                    0x00006310   Section        0  _printf_dec.o(.text)
    .text                                    0x00006388   Section        0  __printf_wp.o(.text)
    .text                                    0x00006496   Section       78  rt_memclr_w.o(.text)
    .text                                    0x000064e4   Section        0  _printf_intcommon.o(.text)
    _printf_input_char                       0x00006599   Thumb Code    10  _printf_char_common.o(.text)
    .text                                    0x00006598   Section        0  _printf_char_common.o(.text)
    .text                                    0x000065c8   Section       74  sys_stackheap_outer.o(.text)
    .text                                    0x00006612   Section        0  exit.o(.text)
    .text                                    0x00006624   Section        0  sys_exit.o(.text)
    i._is_digit                              0x00006630   Section        0  __printf_wp.o(i._is_digit)
    x$fpl$dadd                               0x00006640   Section      336  daddsub_clz.o(x$fpl$dadd)
    _dadd1                                   0x00006651   Thumb Code     0  daddsub_clz.o(x$fpl$dadd)
    x$fpl$dcmpinf                            0x00006790   Section       24  dcmpi.o(x$fpl$dcmpinf)
    x$fpl$ddiv                               0x000067a8   Section      696  ddiv.o(x$fpl$ddiv)
    ddiv_entry                               0x000067af   Thumb Code     0  ddiv.o(x$fpl$ddiv)
    x$fpl$deqf                               0x00006a60   Section      120  deqf.o(x$fpl$deqf)
    x$fpl$dfix                               0x00006ad8   Section       94  dfix.o(x$fpl$dfix)
    x$fpl$dflt                               0x00006b36   Section       46  dflt_clz.o(x$fpl$dflt)
    x$fpl$dgeqf                              0x00006b64   Section      120  dgeqf.o(x$fpl$dgeqf)
    x$fpl$dleqf                              0x00006bdc   Section      120  dleqf.o(x$fpl$dleqf)
    x$fpl$dmul                               0x00006c54   Section      340  dmul.o(x$fpl$dmul)
    x$fpl$dnaninf                            0x00006da8   Section      156  dnaninf.o(x$fpl$dnaninf)
    x$fpl$dretinf                            0x00006e44   Section       12  dretinf.o(x$fpl$dretinf)
    x$fpl$dsub                               0x00006e50   Section      476  daddsub_clz.o(x$fpl$dsub)
    _dsub1                                   0x00006e61   Thumb Code     0  daddsub_clz.o(x$fpl$dsub)
    x$fpl$fcmp                               0x0000702c   Section       84  dcmp.o(x$fpl$fcmp)
    .L__const.TIMER0_IRQHandler.mosse        0x00007080   Data          48  irq_timer.o(.rodata..L__const.TIMER0_IRQHandler.mosse)
    AsciiLib                                 0x000070b0   Data        1520  asciilib.o(.rodata.AsciiLib)
    [Anonymous Symbol]                       0x000070b0   Section        0  asciilib.o(.rodata.AsciiLib)
    .L.str.1                                 0x000076a0   Data          19  sample.o(.rodata.str1.1)
    [Anonymous Symbol]                       0x000076a0   Section        0  sample.o(.rodata.str1.1)
    .L.str                                   0x000076b3   Data          10  sample.o(.rodata.str1.1)
    .L.str                                   0x000076bd   Data          29  touchpanel.o(.rodata.str1.1)
    [Anonymous Symbol]                       0x000076bd   Section        0  touchpanel.o(.rodata.str1.1)
    TIMER0_IRQHandler.clear                  0x10000000   Data           4  irq_timer.o(.bss.TIMER0_IRQHandler.clear)
    [Anonymous Symbol]                       0x10000000   Section        0  irq_timer.o(.bss.TIMER0_IRQHandler.clear)
    Stack_Mem                                0x10000048   Data        1024  startup_lpc17xx.o(STACK)
    STACK                                    0x10000048   Section     1024  startup_lpc17xx.o(STACK)
    __initial_sp                             0x10000448   Data           0  startup_lpc17xx.o(STACK)
    .bss                                     0x2007c3d0   Section       96  libspace.o(.bss)
    LCD_Code                                 0x2007c430   Data           1  glcd.o(.bss.LCD_Code)
    [Anonymous Symbol]                       0x2007c430   Section        0  glcd.o(.bss.LCD_Code)
    Read_Ads7846.screen                      0x2007c432   Data           4  touchpanel.o(.bss.Read_Ads7846.screen)
    [Anonymous Symbol]                       0x2007c432   Section        0  touchpanel.o(.bss.Read_Ads7846.screen)
    Heap_Mem                                 0x2007c448   Data           0  startup_lpc17xx.o(HEAP)
    HEAP                                     0x2007c448   Section        0  startup_lpc17xx.o(HEAP)

    Global Symbols

    Symbol Name                              Value     Ov Type        Size  Object(Section)

    BuildAttributes$$THM_ISAv4$P$D$K$B$S$PE$A:L22UL41UL21$X:L11$S22US41US21$IEEE1$IW$~IW$USESV6$~STKCKD$USESV7$~SHL$OTIME$ROPI$EBA8$UX$STANDARDLIB$REQ8$PRES8$EABIv2 0x00000000   Number         0  anon$$obj.o ABSOLUTE
    __Vectors                                0x00000000   Data           4  startup_lpc17xx.o(RESET)
    __fp_init_empty                          0x00000000   Number         0  fpinit_empty.o ABSOLUTE
    _printf_flags                            0x00000000   Number         0  printf_stubs.o ABSOLUTE
    _printf_return_value                     0x00000000   Number         0  printf_stubs.o ABSOLUTE
    _printf_sizespec                         0x00000000   Number         0  printf_stubs.o ABSOLUTE
    _printf_widthprec                        0x00000000   Number         0  printf_stubs.o ABSOLUTE
    __ARM_exceptions_init                     - Undefined Weak Reference
    __alloca_initialize                       - Undefined Weak Reference
    __arm_preinit_                            - Undefined Weak Reference
    __arm_relocate_pie_                       - Undefined Weak Reference
    __cpp_initialize__aeabi_                  - Undefined Weak Reference
    __cxa_finalize                            - Undefined Weak Reference
    __rt_locale                               - Undefined Weak Reference
    __sigvec_lookup                           - Undefined Weak Reference
    _atexit_init                              - Undefined Weak Reference
    _call_atexit_fns                          - Undefined Weak Reference
    _clock_init                               - Undefined Weak Reference
    _fp_trap_init                             - Undefined Weak Reference
    _fp_trap_shutdown                         - Undefined Weak Reference
    _get_lc_collate                           - Undefined Weak Reference
    _get_lc_ctype                             - Undefined Weak Reference
    _get_lc_monetary                          - Undefined Weak Reference
    _get_lc_numeric                           - Undefined Weak Reference
    _get_lc_time                              - Undefined Weak Reference
    _getenv_init                              - Undefined Weak Reference
    _handle_redirection                       - Undefined Weak Reference
    _init_alloc                               - Undefined Weak Reference
    _init_user_alloc                          - Undefined Weak Reference
    _initio                                   - Undefined Weak Reference
    _printf_truncate_signed                   - Undefined Weak Reference
    _printf_truncate_unsigned                 - Undefined Weak Reference
    _rand_init                                - Undefined Weak Reference
    _signal_finish                            - Undefined Weak Reference
    _signal_init                              - Undefined Weak Reference
    _terminate_alloc                          - Undefined Weak Reference
    _terminate_user_alloc                     - Undefined Weak Reference
    _terminateio                              - Undefined Weak Reference
    __main                                   0x000000cd   Thumb Code     8  __main.o(!!!main)
    __scatterload                            0x000000d5   Thumb Code     0  __scatter.o(!!!scatter)
    __scatterload_rt2                        0x000000d5   Thumb Code    84  __scatter.o(!!!scatter)
    __scatterload_rt2_thumb_only             0x000000d5   Thumb Code     0  __scatter.o(!!!scatter)
    __scatterload_loop                       0x000000df   Thumb Code     0  __scatter.o(!!!scatter)
    __decompress                             0x00000131   Thumb Code    90  __dczerorl2.o(!!dczerorl2)
    __decompress1                            0x00000131   Thumb Code     0  __dczerorl2.o(!!dczerorl2)
    __scatterload_null                       0x0000018d   Thumb Code     2  __scatter.o(!!handler_null)
    __scatterload_zeroinit                   0x00000191   Thumb Code    28  __scatter_zi.o(!!handler_zi)
    _printf_d                                0x000001ad   Thumb Code     0  _printf_d.o(.ARM.Collect$$_printf_percent$$00000009)
    _printf_percent                          0x000001ad   Thumb Code     0  _printf_percent.o(.ARM.Collect$$_printf_percent$$00000000)
    _printf_percent_end                      0x000001b3   Thumb Code     0  _printf_percent_end.o(.ARM.Collect$$_printf_percent$$00000017)
    __rt_lib_init                            0x000001b7   Thumb Code     0  libinit.o(.ARM.Collect$$libinit$$00000000)
    __rt_lib_init_alloca_1                   0x000001b9   Thumb Code     0  libinit2.o(.ARM.Collect$$libinit$$00000030)
    __rt_lib_init_argv_1                     0x000001b9   Thumb Code     0  libinit2.o(.ARM.Collect$$libinit$$0000002E)
    __rt_lib_init_atexit_1                   0x000001b9   Thumb Code     0  libinit2.o(.ARM.Collect$$libinit$$0000001D)
    __rt_lib_init_clock_1                    0x000001b9   Thumb Code     0  libinit2.o(.ARM.Collect$$libinit$$00000023)
    __rt_lib_init_cpp_1                      0x000001b9   Thumb Code     0  libinit2.o(.ARM.Collect$$libinit$$00000034)
    __rt_lib_init_exceptions_1               0x000001b9   Thumb Code     0  libinit2.o(.ARM.Collect$$libinit$$00000032)
    __rt_lib_init_fp_1                       0x000001b9   Thumb Code     0  libinit2.o(.ARM.Collect$$libinit$$00000002)
    __rt_lib_init_fp_trap_1                  0x000001b9   Thumb Code     0  libinit2.o(.ARM.Collect$$libinit$$00000021)
    __rt_lib_init_getenv_1                   0x000001b9   Thumb Code     0  libinit2.o(.ARM.Collect$$libinit$$00000025)
    __rt_lib_init_heap_1                     0x000001b9   Thumb Code     0  libinit2.o(.ARM.Collect$$libinit$$0000000C)
    __rt_lib_init_lc_collate_1               0x000001b9   Thumb Code     0  libinit2.o(.ARM.Collect$$libinit$$00000013)
    __rt_lib_init_lc_ctype_1                 0x000001b9   Thumb Code     0  libinit2.o(.ARM.Collect$$libinit$$00000015)
    __rt_lib_init_lc_monetary_1              0x000001b9   Thumb Code     0  libinit2.o(.ARM.Collect$$libinit$$00000017)
    __rt_lib_init_lc_numeric_1               0x000001b9   Thumb Code     0  libinit2.o(.ARM.Collect$$libinit$$00000019)
    __rt_lib_init_lc_time_1                  0x000001b9   Thumb Code     0  libinit2.o(.ARM.Collect$$libinit$$0000001B)
    __rt_lib_init_preinit_1                  0x000001b9   Thumb Code     0  libinit2.o(.ARM.Collect$$libinit$$00000006)
    __rt_lib_init_rand_1                     0x000001b9   Thumb Code     0  libinit2.o(.ARM.Collect$$libinit$$00000010)
    __rt_lib_init_relocate_pie_1             0x000001b9   Thumb Code     0  libinit2.o(.ARM.Collect$$libinit$$00000004)
    __rt_lib_init_return                     0x000001b9   Thumb Code     0  libinit2.o(.ARM.Collect$$libinit$$00000035)
    __rt_lib_init_signal_1                   0x000001b9   Thumb Code     0  libinit2.o(.ARM.Collect$$libinit$$0000001F)
    __rt_lib_init_stdio_1                    0x000001b9   Thumb Code     0  libinit2.o(.ARM.Collect$$libinit$$00000027)
    __rt_lib_init_user_alloc_1               0x000001b9   Thumb Code     0  libinit2.o(.ARM.Collect$$libinit$$0000000E)
    __rt_lib_shutdown                        0x000001bb   Thumb Code     0  libshutdown.o(.ARM.Collect$$libshutdown$$00000000)
    __rt_lib_shutdown_cpp_1                  0x000001bd   Thumb Code     0  libshutdown2.o(.ARM.Collect$$libshutdown$$00000002)
    __rt_lib_shutdown_fp_trap_1              0x000001bd   Thumb Code     0  libshutdown2.o(.ARM.Collect$$libshutdown$$00000007)
    __rt_lib_shutdown_heap_1                 0x000001bd   Thumb Code     0  libshutdown2.o(.ARM.Collect$$libshutdown$$0000000F)
    __rt_lib_shutdown_return                 0x000001bd   Thumb Code     0  libshutdown2.o(.ARM.Collect$$libshutdown$$00000010)
    __rt_lib_shutdown_signal_1               0x000001bd   Thumb Code     0  libshutdown2.o(.ARM.Collect$$libshutdown$$0000000A)
    __rt_lib_shutdown_stdio_1                0x000001bd   Thumb Code     0  libshutdown2.o(.ARM.Collect$$libshutdown$$00000004)
    __rt_lib_shutdown_user_alloc_1           0x000001bd   Thumb Code     0  libshutdown2.o(.ARM.Collect$$libshutdown$$0000000C)
    __rt_entry                               0x000001bf   Thumb Code     0  __rtentry.o(.ARM.Collect$$rtentry$$00000000)
    __rt_entry_presh_1                       0x000001bf   Thumb Code     0  __rtentry2.o(.ARM.Collect$$rtentry$$00000002)
    __rt_entry_sh                            0x000001bf   Thumb Code     0  __rtentry4.o(.ARM.Collect$$rtentry$$00000004)
    __rt_entry_li                            0x000001c5   Thumb Code     0  __rtentry2.o(.ARM.Collect$$rtentry$$0000000A)
    __rt_entry_postsh_1                      0x000001c5   Thumb Code     0  __rtentry2.o(.ARM.Collect$$rtentry$$00000009)
    __rt_entry_main                          0x000001c9   Thumb Code     0  __rtentry2.o(.ARM.Collect$$rtentry$$0000000D)
    __rt_entry_postli_1                      0x000001c9   Thumb Code     0  __rtentry2.o(.ARM.Collect$$rtentry$$0000000C)
    __rt_exit                                0x000001d1   Thumb Code     0  rtexit.o(.ARM.Collect$$rtexit$$00000000)
    __rt_exit_ls                             0x000001d3   Thumb Code     0  rtexit2.o(.ARM.Collect$$rtexit$$00000003)
    __rt_exit_prels_1                        0x000001d3   Thumb Code     0  rtexit2.o(.ARM.Collect$$rtexit$$00000002)
    __rt_exit_exit                           0x000001d7   Thumb Code     0  rtexit2.o(.ARM.Collect$$rtexit$$00000004)
    Reset_Handler                            0x000001dd   Thumb Code     4  startup_lpc17xx.o(.text)
    NMI_Handler                              0x000001e1   Thumb Code     2  startup_lpc17xx.o(.text)
    HardFault_Handler                        0x000001e3   Thumb Code     2  startup_lpc17xx.o(.text)
    MemManage_Handler                        0x000001e5   Thumb Code     2  startup_lpc17xx.o(.text)
    BusFault_Handler                         0x000001e7   Thumb Code     2  startup_lpc17xx.o(.text)
    UsageFault_Handler                       0x000001e9   Thumb Code     2  startup_lpc17xx.o(.text)
    SVC_Handler                              0x000001eb   Thumb Code     2  startup_lpc17xx.o(.text)
    DebugMon_Handler                         0x000001ed   Thumb Code     2  startup_lpc17xx.o(.text)
    PendSV_Handler                           0x000001ef   Thumb Code     2  startup_lpc17xx.o(.text)
    SysTick_Handler                          0x000001f1   Thumb Code     2  startup_lpc17xx.o(.text)
    ADC_IRQHandler                           0x000001f3   Thumb Code     0  startup_lpc17xx.o(.text)
    BOD_IRQHandler                           0x000001f3   Thumb Code     0  startup_lpc17xx.o(.text)
    CANActivity_IRQHandler                   0x000001f3   Thumb Code     0  startup_lpc17xx.o(.text)
    CAN_IRQHandler                           0x000001f3   Thumb Code     0  startup_lpc17xx.o(.text)
    DMA_IRQHandler                           0x000001f3   Thumb Code     0  startup_lpc17xx.o(.text)
    EINT0_IRQHandler                         0x000001f3   Thumb Code     0  startup_lpc17xx.o(.text)
    EINT1_IRQHandler                         0x000001f3   Thumb Code     0  startup_lpc17xx.o(.text)
    EINT2_IRQHandler                         0x000001f3   Thumb Code     0  startup_lpc17xx.o(.text)
    EINT3_IRQHandler                         0x000001f3   Thumb Code     0  startup_lpc17xx.o(.text)
    ENET_IRQHandler                          0x000001f3   Thumb Code     0  startup_lpc17xx.o(.text)
    I2C0_IRQHandler                          0x000001f3   Thumb Code     0  startup_lpc17xx.o(.text)
    I2C1_IRQHandler                          0x000001f3   Thumb Code     0  startup_lpc17xx.o(.text)
    I2C2_IRQHandler                          0x000001f3   Thumb Code     0  startup_lpc17xx.o(.text)
    I2S_IRQHandler                           0x000001f3   Thumb Code     0  startup_lpc17xx.o(.text)
    MCPWM_IRQHandler                         0x000001f3   Thumb Code     0  startup_lpc17xx.o(.text)
    PLL0_IRQHandler                          0x000001f3   Thumb Code     0  startup_lpc17xx.o(.text)
    PLL1_IRQHandler                          0x000001f3   Thumb Code     0  startup_lpc17xx.o(.text)
    PWM1_IRQHandler                          0x000001f3   Thumb Code     0  startup_lpc17xx.o(.text)
    QEI_IRQHandler                           0x000001f3   Thumb Code     0  startup_lpc17xx.o(.text)
    RTC_IRQHandler                           0x000001f3   Thumb Code     0  startup_lpc17xx.o(.text)
    SPI_IRQHandler                           0x000001f3   Thumb Code     0  startup_lpc17xx.o(.text)
    SSP0_IRQHandler                          0x000001f3   Thumb Code     0  startup_lpc17xx.o(.text)
    SSP1_IRQHandler                          0x000001f3   Thumb Code     0  startup_lpc17xx.o(.text)
    TIMER2_IRQHandler                        0x000001f3   Thumb Code     0  startup_lpc17xx.o(.text)
    TIMER3_IRQHandler                        0x000001f3   Thumb Code     0  startup_lpc17xx.o(.text)
    UART0_IRQHandler                         0x000001f3   Thumb Code     0  startup_lpc17xx.o(.text)
    UART1_IRQHandler                         0x000001f3   Thumb Code     0  startup_lpc17xx.o(.text)
    UART2_IRQHandler                         0x000001f3   Thumb Code     0  startup_lpc17xx.o(.text)
    UART3_IRQHandler                         0x000001f3   Thumb Code     0  startup_lpc17xx.o(.text)
    USBActivity_IRQHandler                   0x000001f3   Thumb Code     0  startup_lpc17xx.o(.text)
    USB_IRQHandler                           0x000001f3   Thumb Code     0  startup_lpc17xx.o(.text)
    WDT_IRQHandler                           0x000001f3   Thumb Code     0  startup_lpc17xx.o(.text)
    __user_initial_stackheap                 0x000001f5   Thumb Code     0  startup_lpc17xx.o(.text)
    GetASCIICode                             0x00000211   Thumb Code    42  asciilib.o(.text)
    joystick_init                            0x0000023d   Thumb Code    82  lib_joystick.o(.text)
    joystick_read_up                         0x00000291   Thumb Code    18  lib_joystick.o(.text)
    joystick_read_down                       0x000002a5   Thumb Code    18  lib_joystick.o(.text)
    joystick_read_left                       0x000002b9   Thumb Code    18  lib_joystick.o(.text)
    joystick_read_right                      0x000002cd   Thumb Code    18  lib_joystick.o(.text)
    __use_two_region_memory                  0x000002df   Thumb Code     2  heapauxi.o(.text)
    __rt_heap_escrow$2region                 0x000002e1   Thumb Code     2  heapauxi.o(.text)
    __rt_heap_expand$2region                 0x000002e3   Thumb Code     2  heapauxi.o(.text)
    _sputc                                   0x000002e5   Thumb Code    10  _sputc.o(.text)
    __user_libspace                          0x000002f1   Thumb Code     8  libspace.o(.text)
    __user_perproc_libspace                  0x000002f1   Thumb Code     0  libspace.o(.text)
    __user_perthread_libspace                0x000002f1   Thumb Code     0  libspace.o(.text)
    __I$use$semihosting                      0x000002f9   Thumb Code     0  use_no_semi.o(.text)
    __use_no_semihosting_swi                 0x000002f9   Thumb Code     2  use_no_semi.o(.text)
    __I$use$fp                               0x000002fa   Number         0  usenofp.o(x$fpl$usenofp)
    __semihosting_library_function           0x000002fb   Thumb Code     0  indicate_semi.o(.text)
    delay_ms                                 0x00000301   Thumb Code    20  sample.o(.text)
    DrawScore                                0x00000315   Thumb Code    66  sample.o(.text)
    DrawPacMan                               0x00000359   Thumb Code    24  sample.o(.text)
    ErasePacMan                              0x00000371   Thumb Code    22  sample.o(.text)
    MovePacMan                               0x00000389   Thumb Code   222  sample.o(.text)
    DrawMaze                                 0x00000469   Thumb Code   148  sample.o(.text)
    InitializeDisplay                        0x000004fd   Thumb Code   136  sample.o(.text)
    main                                     0x00000585   Thumb Code   164  sample.o(.text)
    SystemInit                               0x00000629   Thumb Code   288  system_lpc17xx.o(.text)
    TIMER0_IRQHandler                        0x00000759   Thumb Code   252  irq_timer.o(.text)
    TIMER1_IRQHandler                        0x00000881   Thumb Code    14  irq_timer.o(.text)
    LCD_Initialization                       0x00000891   Thumb Code 12042  glcd.o(.text)
    LCD_Clear                                0x00003811   Thumb Code  2028  glcd.o(.text)
    LCD_GetPoint                             0x00004789   Thumb Code  1324  glcd.o(.text)
    LCD_SetPoint                             0x00004cfd   Thumb Code   320  glcd.o(.text)
    LCD_DrawCircle                           0x00004e3d   Thumb Code   418  glcd.o(.text)
    LCD_DrawRect                             0x00004fe1   Thumb Code   176  glcd.o(.text)
    LCD_DrawLine                             0x00005091   Thumb Code   546  glcd.o(.text)
    LCD_FillRect                             0x000052b5   Thumb Code   108  glcd.o(.text)
    PutChar                                  0x00005321   Thumb Code   210  glcd.o(.text)
    GUI_Text                                 0x000053f5   Thumb Code   152  glcd.o(.text)
    LPC17xx_SPI_SetSpeed                     0x000054a5   Thumb Code    52  touchpanel.o(.text)
    TP_Init                                  0x000054d9   Thumb Code    48  touchpanel.o(.text)
    Read_X                                   0x0000559d   Thumb Code    64  touchpanel.o(.text)
    Read_Y                                   0x000056d5   Thumb Code    64  touchpanel.o(.text)
    TP_GetAdXY                               0x00005715   Thumb Code    42  touchpanel.o(.text)
    TP_DrawPoint                             0x00005741   Thumb Code    32  touchpanel.o(.text)
    DrawCross                                0x00005761   Thumb Code   434  touchpanel.o(.text)
    DeleteCross                              0x00005915   Thumb Code   428  touchpanel.o(.text)
    Read_Ads7846                             0x00005ac1   Thumb Code   808  touchpanel.o(.text)
    setCalibrationMatrix                     0x00005de9   Thumb Code   464  touchpanel.o(.text)
    getDisplayPoint                          0x00005fb9   Thumb Code   314  touchpanel.o(.text)
    TouchPanel_Calibrate                     0x000060f5   Thumb Code   218  touchpanel.o(.text)
    RIT_IRQHandler                           0x000061d1   Thumb Code    70  irq_rit.o(.text)
    enable_RIT                               0x00006219   Thumb Code    16  lib_rit.o(.text)
    disable_RIT                              0x00006229   Thumb Code    16  lib_rit.o(.text)
    reset_RIT                                0x00006239   Thumb Code    12  lib_rit.o(.text)
    init_RIT                                 0x00006245   Thumb Code    82  lib_rit.o(.text)
    __2sprintf                               0x00006299   Thumb Code    34  noretval__2sprintf.o(.text)
    _printf_pre_padding                      0x000062c1   Thumb Code    44  _printf_pad.o(.text)
    _printf_post_padding                     0x000062ed   Thumb Code    34  _printf_pad.o(.text)
    _printf_int_dec                          0x00006311   Thumb Code   104  _printf_dec.o(.text)
    __printf                                 0x00006389   Thumb Code   270  __printf_wp.o(.text)
    __aeabi_memclr4                          0x00006497   Thumb Code     0  rt_memclr_w.o(.text)
    __aeabi_memclr8                          0x00006497   Thumb Code     0  rt_memclr_w.o(.text)
    __rt_memclr_w                            0x00006497   Thumb Code     0  rt_memclr_w.o(.text)
    _memset_w                                0x0000649b   Thumb Code    74  rt_memclr_w.o(.text)
    _printf_int_common                       0x000064e5   Thumb Code   178  _printf_intcommon.o(.text)
    _printf_char_common                      0x000065a3   Thumb Code    32  _printf_char_common.o(.text)
    __user_setup_stackheap                   0x000065c9   Thumb Code    74  sys_stackheap_outer.o(.text)
    exit                                     0x00006613   Thumb Code    18  exit.o(.text)
    _sys_exit                                0x00006625   Thumb Code     8  sys_exit.o(.text)
    _is_digit                                0x00006631   Thumb Code    14  __printf_wp.o(i._is_digit)
    __aeabi_dadd                             0x00006641   Thumb Code     0  daddsub_clz.o(x$fpl$dadd)
    _dadd                                    0x00006641   Thumb Code   332  daddsub_clz.o(x$fpl$dadd)
    __fpl_dcmp_Inf                           0x00006791   Thumb Code    24  dcmpi.o(x$fpl$dcmpinf)
    __aeabi_ddiv                             0x000067a9   Thumb Code     0  ddiv.o(x$fpl$ddiv)
    _ddiv                                    0x000067a9   Thumb Code   560  ddiv.o(x$fpl$ddiv)
    __aeabi_cdcmpeq                          0x00006a61   Thumb Code     0  deqf.o(x$fpl$deqf)
    _dcmpeq                                  0x00006a61   Thumb Code   120  deqf.o(x$fpl$deqf)
    __aeabi_d2iz                             0x00006ad9   Thumb Code     0  dfix.o(x$fpl$dfix)
    _dfix                                    0x00006ad9   Thumb Code    94  dfix.o(x$fpl$dfix)
    __aeabi_i2d                              0x00006b37   Thumb Code     0  dflt_clz.o(x$fpl$dflt)
    _dflt                                    0x00006b37   Thumb Code    46  dflt_clz.o(x$fpl$dflt)
    __aeabi_cdcmpge                          0x00006b65   Thumb Code     0  dgeqf.o(x$fpl$dgeqf)
    _dcmpge                                  0x00006b65   Thumb Code   120  dgeqf.o(x$fpl$dgeqf)
    __aeabi_cdcmple                          0x00006bdd   Thumb Code     0  dleqf.o(x$fpl$dleqf)
    _dcmple                                  0x00006bdd   Thumb Code   120  dleqf.o(x$fpl$dleqf)
    __fpl_dcmple_InfNaN                      0x00006c3f   Thumb Code     0  dleqf.o(x$fpl$dleqf)
    __aeabi_dmul                             0x00006c55   Thumb Code     0  dmul.o(x$fpl$dmul)
    _dmul                                    0x00006c55   Thumb Code   332  dmul.o(x$fpl$dmul)
    __fpl_dnaninf                            0x00006da9   Thumb Code   156  dnaninf.o(x$fpl$dnaninf)
    __fpl_dretinf                            0x00006e45   Thumb Code    12  dretinf.o(x$fpl$dretinf)
    __aeabi_dsub                             0x00006e51   Thumb Code     0  daddsub_clz.o(x$fpl$dsub)
    _dsub                                    0x00006e51   Thumb Code   472  daddsub_clz.o(x$fpl$dsub)
    __aeabi_dcmpeq                           0x0000702d   Thumb Code     0  dcmp.o(x$fpl$fcmp)
    _deq                                     0x0000702d   Thumb Code    14  dcmp.o(x$fpl$fcmp)
    _dneq                                    0x0000703b   Thumb Code    14  dcmp.o(x$fpl$fcmp)
    __aeabi_dcmpgt                           0x00007049   Thumb Code     0  dcmp.o(x$fpl$fcmp)
    _dgr                                     0x00007049   Thumb Code    14  dcmp.o(x$fpl$fcmp)
    __aeabi_dcmpge                           0x00007057   Thumb Code     0  dcmp.o(x$fpl$fcmp)
    _dgeq                                    0x00007057   Thumb Code    14  dcmp.o(x$fpl$fcmp)
    __aeabi_dcmple                           0x00007065   Thumb Code     0  dcmp.o(x$fpl$fcmp)
    _dleq                                    0x00007065   Thumb Code    14  dcmp.o(x$fpl$fcmp)
    __aeabi_dcmplt                           0x00007073   Thumb Code     0  dcmp.o(x$fpl$fcmp)
    _dls                                     0x00007073   Thumb Code    14  dcmp.o(x$fpl$fcmp)
    Region$$Table$$Base                      0x000076dc   Number         0  anon$$obj.o(Region$$Table)
    Region$$Table$$Limit                     0x0000770c   Number         0  anon$$obj.o(Region$$Table)
    display                                  0x10000004   Data           4  touchpanel.o(.bss.display)
    matrix                                   0x10000008   Data          56  touchpanel.o(.bss.matrix)
    pacman_y                                 0x10000040   Data           4  sample.o(.bss.pacman_y)
    score                                    0x10000044   Data           4  sample.o(.bss.score)
    DisplaySample                            0x2007c000   Data          12  touchpanel.o(.data.DisplaySample)
    SystemFrequency                          0x2007c00c   Data           4  system_lpc17xx.o(.data.SystemFrequency)
    mazeGrid                                 0x2007c010   Data         960  sample.o(.data.mazeGrid)
    __libspace_start                         0x2007c3d0   Data          96  libspace.o(.bss)
    __temporary_stack_top$libspace           0x2007c430   Data           0  libspace.o(.bss)
    ScreenSample                             0x2007c436   Data          12  touchpanel.o(.bss.ScreenSample)
    pacman_x                                 0x2007c444   Data           4  sample.o(.bss.pacman_x)



==============================================================================

Memory Map of the image

  Image Entry point : 0x000000cd

  Load Region LR_IROM1 (Base: 0x00000000, Size: 0x00007ae0, Max: 0x00080000, ABSOLUTE, COMPRESSED[0x00007788])

    Execution Region ER_IROM1 (Exec base: 0x00000000, Load base: 0x00000000, Size: 0x0000770c, Max: 0x00080000, ABSOLUTE)

    Exec Addr    Load Addr    Size         Type   Attr      Idx    E Section Name        Object

    0x00000000   0x00000000   0x000000cc   Data   RO            3    RESET               startup_lpc17xx.o
    0x000000cc   0x000000cc   0x00000008   Code   RO          162  * !!!main             c_w.l(__main.o)
    0x000000d4   0x000000d4   0x0000005c   Code   RO          377    !!!scatter          c_w.l(__scatter.o)
    0x00000130   0x00000130   0x0000005a   Code   RO          375    !!dczerorl2         c_w.l(__dczerorl2.o)
    0x0000018a   0x0000018a   0x00000002   PAD
    0x0000018c   0x0000018c   0x00000002   Code   RO          378    !!handler_null      c_w.l(__scatter.o)
    0x0000018e   0x0000018e   0x00000002   PAD
    0x00000190   0x00000190   0x0000001c   Code   RO          381    !!handler_zi        c_w.l(__scatter_zi.o)
    0x000001ac   0x000001ac   0x00000000   Code   RO          155    .ARM.Collect$$_printf_percent$$00000000  c_w.l(_printf_percent.o)
    0x000001ac   0x000001ac   0x00000006   Code   RO          154    .ARM.Collect$$_printf_percent$$00000009  c_w.l(_printf_d.o)
    0x000001b2   0x000001b2   0x00000004   Code   RO          195    .ARM.Collect$$_printf_percent$$00000017  c_w.l(_printf_percent_end.o)
    0x000001b6   0x000001b6   0x00000002   Code   RO          237    .ARM.Collect$$libinit$$00000000  c_w.l(libinit.o)
    0x000001b8   0x000001b8   0x00000000   Code   RO          244    .ARM.Collect$$libinit$$00000002  c_w.l(libinit2.o)
    0x000001b8   0x000001b8   0x00000000   Code   RO          246    .ARM.Collect$$libinit$$00000004  c_w.l(libinit2.o)
    0x000001b8   0x000001b8   0x00000000   Code   RO          248    .ARM.Collect$$libinit$$00000006  c_w.l(libinit2.o)
    0x000001b8   0x000001b8   0x00000000   Code   RO          251    .ARM.Collect$$libinit$$0000000C  c_w.l(libinit2.o)
    0x000001b8   0x000001b8   0x00000000   Code   RO          253    .ARM.Collect$$libinit$$0000000E  c_w.l(libinit2.o)
    0x000001b8   0x000001b8   0x00000000   Code   RO          255    .ARM.Collect$$libinit$$00000010  c_w.l(libinit2.o)
    0x000001b8   0x000001b8   0x00000000   Code   RO          258    .ARM.Collect$$libinit$$00000013  c_w.l(libinit2.o)
    0x000001b8   0x000001b8   0x00000000   Code   RO          260    .ARM.Collect$$libinit$$00000015  c_w.l(libinit2.o)
    0x000001b8   0x000001b8   0x00000000   Code   RO          262    .ARM.Collect$$libinit$$00000017  c_w.l(libinit2.o)
    0x000001b8   0x000001b8   0x00000000   Code   RO          264    .ARM.Collect$$libinit$$00000019  c_w.l(libinit2.o)
    0x000001b8   0x000001b8   0x00000000   Code   RO          266    .ARM.Collect$$libinit$$0000001B  c_w.l(libinit2.o)
    0x000001b8   0x000001b8   0x00000000   Code   RO          268    .ARM.Collect$$libinit$$0000001D  c_w.l(libinit2.o)
    0x000001b8   0x000001b8   0x00000000   Code   RO          270    .ARM.Collect$$libinit$$0000001F  c_w.l(libinit2.o)
    0x000001b8   0x000001b8   0x00000000   Code   RO          272    .ARM.Collect$$libinit$$00000021  c_w.l(libinit2.o)
    0x000001b8   0x000001b8   0x00000000   Code   RO          274    .ARM.Collect$$libinit$$00000023  c_w.l(libinit2.o)
    0x000001b8   0x000001b8   0x00000000   Code   RO          276    .ARM.Collect$$libinit$$00000025  c_w.l(libinit2.o)
    0x000001b8   0x000001b8   0x00000000   Code   RO          278    .ARM.Collect$$libinit$$00000027  c_w.l(libinit2.o)
    0x000001b8   0x000001b8   0x00000000   Code   RO          282    .ARM.Collect$$libinit$$0000002E  c_w.l(libinit2.o)
    0x000001b8   0x000001b8   0x00000000   Code   RO          284    .ARM.Collect$$libinit$$00000030  c_w.l(libinit2.o)
    0x000001b8   0x000001b8   0x00000000   Code   RO          286    .ARM.Collect$$libinit$$00000032  c_w.l(libinit2.o)
    0x000001b8   0x000001b8   0x00000000   Code   RO          288    .ARM.Collect$$libinit$$00000034  c_w.l(libinit2.o)
    0x000001b8   0x000001b8   0x00000002   Code   RO          289    .ARM.Collect$$libinit$$00000035  c_w.l(libinit2.o)
    0x000001ba   0x000001ba   0x00000002   Code   RO          311    .ARM.Collect$$libshutdown$$00000000  c_w.l(libshutdown.o)
    0x000001bc   0x000001bc   0x00000000   Code   RO          326    .ARM.Collect$$libshutdown$$00000002  c_w.l(libshutdown2.o)
    0x000001bc   0x000001bc   0x00000000   Code   RO          328    .ARM.Collect$$libshutdown$$00000004  c_w.l(libshutdown2.o)
    0x000001bc   0x000001bc   0x00000000   Code   RO          331    .ARM.Collect$$libshutdown$$00000007  c_w.l(libshutdown2.o)
    0x000001bc   0x000001bc   0x00000000   Code   RO          334    .ARM.Collect$$libshutdown$$0000000A  c_w.l(libshutdown2.o)
    0x000001bc   0x000001bc   0x00000000   Code   RO          336    .ARM.Collect$$libshutdown$$0000000C  c_w.l(libshutdown2.o)
    0x000001bc   0x000001bc   0x00000000   Code   RO          339    .ARM.Collect$$libshutdown$$0000000F  c_w.l(libshutdown2.o)
    0x000001bc   0x000001bc   0x00000002   Code   RO          340    .ARM.Collect$$libshutdown$$00000010  c_w.l(libshutdown2.o)
    0x000001be   0x000001be   0x00000000   Code   RO          188    .ARM.Collect$$rtentry$$00000000  c_w.l(__rtentry.o)
    0x000001be   0x000001be   0x00000000   Code   RO          210    .ARM.Collect$$rtentry$$00000002  c_w.l(__rtentry2.o)
    0x000001be   0x000001be   0x00000006   Code   RO          222    .ARM.Collect$$rtentry$$00000004  c_w.l(__rtentry4.o)
    0x000001c4   0x000001c4   0x00000000   Code   RO          212    .ARM.Collect$$rtentry$$00000009  c_w.l(__rtentry2.o)
    0x000001c4   0x000001c4   0x00000004   Code   RO          213    .ARM.Collect$$rtentry$$0000000A  c_w.l(__rtentry2.o)
    0x000001c8   0x000001c8   0x00000000   Code   RO          215    .ARM.Collect$$rtentry$$0000000C  c_w.l(__rtentry2.o)
    0x000001c8   0x000001c8   0x00000008   Code   RO          216    .ARM.Collect$$rtentry$$0000000D  c_w.l(__rtentry2.o)
    0x000001d0   0x000001d0   0x00000002   Code   RO          241    .ARM.Collect$$rtexit$$00000000  c_w.l(rtexit.o)
    0x000001d2   0x000001d2   0x00000000   Code   RO          291    .ARM.Collect$$rtexit$$00000002  c_w.l(rtexit2.o)
    0x000001d2   0x000001d2   0x00000004   Code   RO          292    .ARM.Collect$$rtexit$$00000003  c_w.l(rtexit2.o)
    0x000001d6   0x000001d6   0x00000006   Code   RO          293    .ARM.Collect$$rtexit$$00000004  c_w.l(rtexit2.o)
    0x000001dc   0x000001dc   0x00000034   Code   RO            5    .text               startup_lpc17xx.o
    0x00000210   0x00000210   0x0000002a   Code   RO           54    .text               asciilib.o
    0x0000023a   0x0000023a   0x00000002   PAD
    0x0000023c   0x0000023c   0x000000a2   Code   RO          100    .text               lib_joystick.o
    0x000002de   0x000002de   0x00000006   Code   RO          160    .text               c_w.l(heapauxi.o)
    0x000002e4   0x000002e4   0x0000000a   Code   RO          193    .text               c_w.l(_sputc.o)
    0x000002ee   0x000002ee   0x00000002   PAD
    0x000002f0   0x000002f0   0x00000008   Code   RO          238    .text               c_w.l(libspace.o)
    0x000002f8   0x000002f8   0x00000002   Code   RO          316    .text               c_w.l(use_no_semi.o)
    0x000002fa   0x000002fa   0x00000000   Code   RO          318    .text               c_w.l(indicate_semi.o)
    0x000002fa   0x000002fa   0x00000000   Code   RO          208    x$fpl$usenofp       fz_ws.l(usenofp.o)
    0x000002fa   0x000002fa   0x00000002   PAD
    0x000002fc   0x000002fc   0x00000004   Code   RO            4    .ARM.__at_0x02FC    startup_lpc17xx.o
    0x00000300   0x00000300   0x00000328   Code   RO           13    .text               sample.o
    0x00000628   0x00000628   0x00000130   Code   RO           28    .text               system_lpc17xx.o
    0x00000758   0x00000758   0x00000136   Code   RO           36    .text               irq_timer.o
    0x0000088e   0x0000088e   0x00000002   PAD
    0x00000890   0x00000890   0x00004c12   Code   RO           63    .text               glcd.o
    0x000054a2   0x000054a2   0x00000002   PAD
    0x000054a4   0x000054a4   0x00000d2a   Code   RO           80    .text               touchpanel.o
    0x000061ce   0x000061ce   0x00000002   PAD
    0x000061d0   0x000061d0   0x00000046   Code   RO          107    .text               irq_rit.o
    0x00006216   0x00006216   0x00000002   PAD
    0x00006218   0x00006218   0x0000007e   Code   RO          114    .text               lib_rit.o
    0x00006296   0x00006296   0x00000002   PAD
    0x00006298   0x00006298   0x00000028   Code   RO          126    .text               c_w.l(noretval__2sprintf.o)
    0x000062c0   0x000062c0   0x0000004e   Code   RO          130    .text               c_w.l(_printf_pad.o)
    0x0000630e   0x0000630e   0x00000002   PAD
    0x00006310   0x00006310   0x00000078   Code   RO          132    .text               c_w.l(_printf_dec.o)
    0x00006388   0x00006388   0x0000010e   Code   RO          142    .text               c_w.l(__printf_wp.o)
    0x00006496   0x00006496   0x0000004e   Code   RO          158    .text               c_w.l(rt_memclr_w.o)
    0x000064e4   0x000064e4   0x000000b2   Code   RO          189    .text               c_w.l(_printf_intcommon.o)
    0x00006596   0x00006596   0x00000002   PAD
    0x00006598   0x00006598   0x00000030   Code   RO          191    .text               c_w.l(_printf_char_common.o)
    0x000065c8   0x000065c8   0x0000004a   Code   RO          228    .text               c_w.l(sys_stackheap_outer.o)
    0x00006612   0x00006612   0x00000012   Code   RO          230    .text               c_w.l(exit.o)
    0x00006624   0x00006624   0x0000000c   Code   RO          301    .text               c_w.l(sys_exit.o)
    0x00006630   0x00006630   0x0000000e   Code   RO          144    i._is_digit         c_w.l(__printf_wp.o)
    0x0000663e   0x0000663e   0x00000002   PAD
    0x00006640   0x00006640   0x00000150   Code   RO          164    x$fpl$dadd          fz_ws.l(daddsub_clz.o)
    0x00006790   0x00006790   0x00000018   Code   RO          226    x$fpl$dcmpinf       fz_ws.l(dcmpi.o)
    0x000067a8   0x000067a8   0x000002b8   Code   RO          173    x$fpl$ddiv          fz_ws.l(ddiv.o)
    0x00006a60   0x00006a60   0x00000078   Code   RO          198    x$fpl$deqf          fz_ws.l(deqf.o)
    0x00006ad8   0x00006ad8   0x0000005e   Code   RO          176    x$fpl$dfix          fz_ws.l(dfix.o)
    0x00006b36   0x00006b36   0x0000002e   Code   RO          181    x$fpl$dflt          fz_ws.l(dflt_clz.o)
    0x00006b64   0x00006b64   0x00000078   Code   RO          200    x$fpl$dgeqf         fz_ws.l(dgeqf.o)
    0x00006bdc   0x00006bdc   0x00000078   Code   RO          202    x$fpl$dleqf         fz_ws.l(dleqf.o)
    0x00006c54   0x00006c54   0x00000154   Code   RO          186    x$fpl$dmul          fz_ws.l(dmul.o)
    0x00006da8   0x00006da8   0x0000009c   Code   RO          204    x$fpl$dnaninf       fz_ws.l(dnaninf.o)
    0x00006e44   0x00006e44   0x0000000c   Code   RO          206    x$fpl$dretinf       fz_ws.l(dretinf.o)
    0x00006e50   0x00006e50   0x000001dc   Code   RO          166    x$fpl$dsub          fz_ws.l(daddsub_clz.o)
    0x0000702c   0x0000702c   0x00000054   Code   RO          170    x$fpl$fcmp          fz_ws.l(dcmp.o)
    0x00007080   0x00007080   0x00000030   Data   RO           39    .rodata..L__const.TIMER0_IRQHandler.mosse  irq_timer.o
    0x000070b0   0x000070b0   0x000005f0   Data   RO           56    .rodata.AsciiLib    asciilib.o
    0x000076a0   0x000076a0   0x0000001d   Data   RO           17    .rodata.str1.1      sample.o
    0x000076bd   0x000076bd   0x0000001d   Data   RO           84    .rodata.str1.1      touchpanel.o
    0x000076da   0x000076da   0x00000002   PAD
    0x000076dc   0x000076dc   0x00000030   Data   RO          374    Region$$Table       anon$$obj.o


    Execution Region RW_IRAM1 (Exec base: 0x10000000, Load base: 0x0000770c, Size: 0x00000448, Max: 0x00008000, ABSOLUTE)

    Exec Addr    Load Addr    Size         Type   Attr      Idx    E Section Name        Object

    0x10000000        -       0x00000004   Zero   RW           38    .bss.TIMER0_IRQHandler.clear  irq_timer.o
    0x10000004        -       0x00000004   Zero   RW           87    .bss.display        touchpanel.o
    0x10000008        -       0x00000038   Zero   RW           86    .bss.matrix         touchpanel.o
    0x10000040        -       0x00000004   Zero   RW           19    .bss.pacman_y       sample.o
    0x10000044        -       0x00000004   Zero   RW           15    .bss.score          sample.o
    0x10000048        -       0x00000400   Zero   RW            1    STACK               startup_lpc17xx.o


    Execution Region RW_IRAM2 (Exec base: 0x2007c000, Load base: 0x00007710, Size: 0x00000448, Max: 0x00008000, ABSOLUTE, COMPRESSED[0x00000078])

    Exec Addr    Load Addr    Size         Type   Attr      Idx    E Section Name        Object

    0x2007c000   COMPRESSED   0x0000000c   Data   RW           82    .data.DisplaySample  touchpanel.o
    0x2007c00c   COMPRESSED   0x00000004   Data   RW           30    .data.SystemFrequency  system_lpc17xx.o
    0x2007c010   COMPRESSED   0x000003c0   Data   RW           16    .data.mazeGrid      sample.o
    0x2007c3d0        -       0x00000060   Zero   RW          239    .bss                c_w.l(libspace.o)
    0x2007c430        -       0x00000001   Zero   RW           65    .bss.LCD_Code       glcd.o
    0x2007c431   COMPRESSED   0x00000001   PAD
    0x2007c432        -       0x00000004   Zero   RW           83    .bss.Read_Ads7846.screen  touchpanel.o
    0x2007c436        -       0x0000000c   Zero   RW           85    .bss.ScreenSample   touchpanel.o
    0x2007c442   COMPRESSED   0x00000002   PAD
    0x2007c444        -       0x00000004   Zero   RW           18    .bss.pacman_x       sample.o
    0x2007c448        -       0x00000000   Zero   RW            2    HEAP                startup_lpc17xx.o


==============================================================================

Image component sizes


      Code (inc. data)   RO Data    RW Data    ZI Data      Debug   Object Name

        42          0       1520          0          0        645   asciilib.o
     19474          0          0          0          1      26059   glcd.o
        70          0          0          0          0        907   irq_rit.o
       310         44         48          0          4       1662   irq_timer.o
       162          0          0          0          0       2777   lib_joystick.o
       126          0          0          0          0       4056   lib_rit.o
       808          0         29        960         12       3363   sample.o
        56         22        204          0       1024        964   startup_lpc17xx.o
       304         20          0          4          0       1801   system_lpc17xx.o
      3370          0         29         12         76       8505   touchpanel.o

    ----------------------------------------------------------------------
     24734         86       1880        976       1120      50739   Object Totals
         0          0         48          0          0          0   (incl. Generated)
        12          0          2          0          3          0   (incl. Padding)

    ----------------------------------------------------------------------

      Code (inc. data)   RO Data    RW Data    ZI Data      Debug   Library Member Name

        90          0          0          0          0          0   __dczerorl2.o
         8          0          0          0          0         68   __main.o
       284          0          0          0          0        156   __printf_wp.o
         0          0          0          0          0          0   __rtentry.o
        12          0          0          0          0          0   __rtentry2.o
         6          0          0          0          0          0   __rtentry4.o
        94          8          0          0          0          0   __scatter.o
        28          0          0          0          0          0   __scatter_zi.o
        48          6          0          0          0         96   _printf_char_common.o
         6          0          0          0          0          0   _printf_d.o
       120         16          0          0          0         92   _printf_dec.o
       178          0          0          0          0         88   _printf_intcommon.o
        78          0          0          0          0        108   _printf_pad.o
         0          0          0          0          0          0   _printf_percent.o
         4          0          0          0          0          0   _printf_percent_end.o
        10          0          0          0          0         68   _sputc.o
        18          0          0          0          0         80   exit.o
         6          0          0          0          0        152   heapauxi.o
         0          0          0          0          0          0   indicate_semi.o
         2          0          0          0          0          0   libinit.o
         2          0          0          0          0          0   libinit2.o
         2          0          0          0          0          0   libshutdown.o
         2          0          0          0          0          0   libshutdown2.o
         8          4          0          0         96         68   libspace.o
        40          6          0          0          0         84   noretval__2sprintf.o
        78          0          0          0          0         80   rt_memclr_w.o
         2          0          0          0          0          0   rtexit.o
        10          0          0          0          0          0   rtexit2.o
        12          4          0          0          0         68   sys_exit.o
        74          0          0          0          0         80   sys_stackheap_outer.o
         2          0          0          0          0         68   use_no_semi.o
       812         16          0          0          0        296   daddsub_clz.o
        84          0          0          0          0        196   dcmp.o
        24          0          0          0          0         68   dcmpi.o
       696        140          0          0          0        216   ddiv.o
       120          4          0          0          0         92   deqf.o
        94          4          0          0          0         92   dfix.o
        46          0          0          0          0         68   dflt_clz.o
       120          4          0          0          0         92   dgeqf.o
       120          4          0          0          0         92   dleqf.o
       340         12          0          0          0        104   dmul.o
       156          4          0          0          0         92   dnaninf.o
        12          0          0          0          0         68   dretinf.o
         0          0          0          0          0          0   usenofp.o

    ----------------------------------------------------------------------
      3862        232          0          0         96       2832   Library Totals
        14          0          0          0          0          0   (incl. Padding)

    ----------------------------------------------------------------------

      Code (inc. data)   RO Data    RW Data    ZI Data      Debug   Library Name

      1224         44          0          0         96       1356   c_w.l
      2624        188          0          0          0       1476   fz_ws.l

    ----------------------------------------------------------------------
      3862        232          0          0         96       2832   Library Totals

    ----------------------------------------------------------------------

==============================================================================


      Code (inc. data)   RO Data    RW Data    ZI Data      Debug   

     28596        318       1880        976       1216      52227   Grand Totals
     28596        318       1880        120       1216      52227   ELF Image Totals (compressed)
     28596        318       1880        120          0          0   ROM Totals

==============================================================================

    Total RO  Size (Code + RO Data)                30476 (  29.76kB)
    Total RW  Size (RW Data + ZI Data)              2192 (   2.14kB)
    Total ROM Size (Code + RO Data + RW Data)      30596 (  29.88kB)

==============================================================================

